Component: ARM Compiler 5.06 update 7 (build 960) Tool: armlink [4d3601]

==============================================================================

Section Cross References

    startup_stm32f407xx.o(RESET) refers to startup_stm32f407xx.o(STACK) for __initial_sp
    startup_stm32f407xx.o(RESET) refers to startup_stm32f407xx.o(.text) for Reset_Handler
    startup_stm32f407xx.o(RESET) refers to stm32f4xx_it.o(i.NMI_Handler) for NMI_Handler
    startup_stm32f407xx.o(RESET) refers to context_rvds.o(.text) for HardFault_Handler
    startup_stm32f407xx.o(RESET) refers to stm32f4xx_it.o(i.MemManage_Handler) for MemManage_Handler
    startup_stm32f407xx.o(RESET) refers to stm32f4xx_it.o(i.BusFault_Handler) for BusFault_Handler
    startup_stm32f407xx.o(RESET) refers to stm32f4xx_it.o(i.UsageFault_Handler) for UsageFault_Handler
    startup_stm32f407xx.o(RESET) refers to stm32f4xx_it.o(i.SVC_Handler) for SVC_Handler
    startup_stm32f407xx.o(RESET) refers to stm32f4xx_it.o(i.DebugMon_Handler) for DebugMon_Handler
    startup_stm32f407xx.o(RESET) refers to stm32f4xx_it.o(i.SysTick_Handler) for SysTick_Handler
    startup_stm32f407xx.o(RESET) refers to stm32f4xx_it.o(i.DMA1_Stream1_IRQHandler) for DMA1_Stream1_IRQHandler
    startup_stm32f407xx.o(RESET) refers to stm32f4xx_it.o(i.DMA1_Stream3_IRQHandler) for DMA1_Stream3_IRQHandler
    startup_stm32f407xx.o(RESET) refers to stm32f4xx_it.o(i.USART3_IRQHandler) for USART3_IRQHandler
    startup_stm32f407xx.o(RESET) refers to stm32f4xx_it.o(i.DMA2_Stream1_IRQHandler) for DMA2_Stream1_IRQHandler
    startup_stm32f407xx.o(RESET) refers to stm32f4xx_it.o(i.DCMI_IRQHandler) for DCMI_IRQHandler
    startup_stm32f407xx.o(.text) refers to system_stm32f4xx.o(i.SystemInit) for SystemInit
    startup_stm32f407xx.o(.text) refers to entry.o(.ARM.Collect$$$$00000000) for __main
    main.o(i.SystemClock_Config) refers to memseta.o(.text) for __aeabi_memclr4
    main.o(i.SystemClock_Config) refers to stm32f4xx_hal_rcc.o(i.HAL_RCC_OscConfig) for HAL_RCC_OscConfig
    main.o(i.SystemClock_Config) refers to main.o(i.Error_Handler) for Error_Handler
    main.o(i.SystemClock_Config) refers to stm32f4xx_hal_rcc.o(i.HAL_RCC_ClockConfig) for HAL_RCC_ClockConfig
    main.o(i.SystemClock_Config) refers to stm32f4xx_hal_rcc_ex.o(i.HAL_RCCEx_PeriphCLKConfig) for HAL_RCCEx_PeriphCLKConfig
    main.o(i.main) refers to thread.o(i.rt_thread_create) for rt_thread_create
    main.o(i.main) refers to thread.o(i.rt_thread_startup) for rt_thread_startup
    main.o(i.main) refers to kservice.o(i.rt_kprintf) for rt_kprintf
    main.o(i.main) refers to bsp.o(i.RefreshInfo) for RefreshInfo
    main.o(i.main) refers to board.o(i.thread1_entry) for thread1_entry
    main.o(i.main) refers to bsp.o(.data) for g_RefreshCnt
    main.o(i.main) refers to rs485.o(.data) for g_protocolParameter
    gpio.o(i.MX_GPIO_Init) refers to memseta.o(.text) for __aeabi_memclr4
    gpio.o(i.MX_GPIO_Init) refers to stm32f4xx_hal_gpio.o(i.HAL_GPIO_WritePin) for HAL_GPIO_WritePin
    gpio.o(i.MX_GPIO_Init) refers to stm32f4xx_hal_gpio.o(i.HAL_GPIO_Init) for HAL_GPIO_Init
    crc.o(i.MX_CRC_Init) refers to stm32f4xx_hal_crc.o(i.HAL_CRC_Init) for HAL_CRC_Init
    crc.o(i.MX_CRC_Init) refers to main.o(i.Error_Handler) for Error_Handler
    crc.o(i.MX_CRC_Init) refers to crc.o(.data) for hcrc
    dcmi.o(i.HAL_DCMI_MspDeInit) refers to stm32f4xx_hal_gpio.o(i.HAL_GPIO_DeInit) for HAL_GPIO_DeInit
    dcmi.o(i.HAL_DCMI_MspDeInit) refers to stm32f4xx_hal_dma.o(i.HAL_DMA_DeInit) for HAL_DMA_DeInit
    dcmi.o(i.HAL_DCMI_MspDeInit) refers to stm32f4xx_hal_cortex.o(i.HAL_NVIC_DisableIRQ) for HAL_NVIC_DisableIRQ
    dcmi.o(i.HAL_DCMI_MspInit) refers to memseta.o(.text) for __aeabi_memclr4
    dcmi.o(i.HAL_DCMI_MspInit) refers to stm32f4xx_hal_gpio.o(i.HAL_GPIO_Init) for HAL_GPIO_Init
    dcmi.o(i.HAL_DCMI_MspInit) refers to stm32f4xx_hal_dma.o(i.HAL_DMA_Init) for HAL_DMA_Init
    dcmi.o(i.HAL_DCMI_MspInit) refers to main.o(i.Error_Handler) for Error_Handler
    dcmi.o(i.HAL_DCMI_MspInit) refers to stm32f4xx_hal_cortex.o(i.HAL_NVIC_SetPriority) for HAL_NVIC_SetPriority
    dcmi.o(i.HAL_DCMI_MspInit) refers to stm32f4xx_hal_cortex.o(i.HAL_NVIC_EnableIRQ) for HAL_NVIC_EnableIRQ
    dcmi.o(i.HAL_DCMI_MspInit) refers to dcmi.o(.bss) for hdma_dcmi
    dcmi.o(i.MX_DCMI_Init) refers to stm32f4xx_hal_dcmi_ex.o(i.HAL_DCMI_Init) for HAL_DCMI_Init
    dcmi.o(i.MX_DCMI_Init) refers to main.o(i.Error_Handler) for Error_Handler
    dcmi.o(i.MX_DCMI_Init) refers to dcmi.o(.bss) for hdcmi
    dma.o(i.MX_DMA_Init) refers to stm32f4xx_hal_cortex.o(i.HAL_NVIC_SetPriority) for HAL_NVIC_SetPriority
    dma.o(i.MX_DMA_Init) refers to stm32f4xx_hal_cortex.o(i.HAL_NVIC_EnableIRQ) for HAL_NVIC_EnableIRQ
    fsmc.o(i.HAL_FSMC_MspDeInit) refers to stm32f4xx_hal_gpio.o(i.HAL_GPIO_DeInit) for HAL_GPIO_DeInit
    fsmc.o(i.HAL_FSMC_MspDeInit) refers to fsmc.o(.data) for FSMC_DeInitialized
    fsmc.o(i.HAL_FSMC_MspInit) refers to memseta.o(.text) for __aeabi_memclr4
[...]
    0x080008a8   0x080008a8   0x00000030   Code   RO         8181    .text               mf_w.l(cdrcmple.o)
    0x080008d8   0x080008d8   0x00000024   Code   RO         8183    .text               mc_w.l(init.o)
    0x080008fc   0x080008fc   0x00000024   Code   RO         8185    .text               mc_w.l(llsshr.o)
    0x08000920   0x08000920   0x00000056   Code   RO         8246    .text               mc_w.l(__dczerorl2.o)
    0x08000976   0x08000976   0x00000002   PAD
    0x08000978   0x08000978   0x000000a0   Code   RO         6715    .text.Draw8Point    STemWin_CM4_wc16.a(GUI_Circ.o)
    0x08000a18   0x08000a18   0x0000005e   Code   RO         6716    .text.GL_DrawCircle  STemWin_CM4_wc16.a(GUI_Circ.o)
    0x08000a76   0x08000a76   0x0000003c   Code   RO         7017    .text.GUIDRV_FlexColor_Config  STemWin_CM4_wc16.a(GUIDRV_FlexColor.o)
    0x08000ab2   0x08000ab2   0x00000032   Code   RO         7018    .text.GUIDRV_FlexColor_SetFunc  STemWin_CM4_wc16.a(GUIDRV_FlexColor.o)
    0x08000ae4   0x08000ae4   0x00000080   Code   RO         7047    .text.GUIDRV_FlexColor_SetFunc66720  STemWin_CM4_wc16.a(GUIDRV_FlexColor_Func66720.o)
    0x08000b64   0x08000b64   0x00000068   Code   RO         7027    .text.GUIDRV_FlexColor_SetMode16bppC0B16  STemWin_CM4_wc16.a(GUIDRV_FlexColor_16bpp_C0B16.o)
    0x08000bcc   0x08000bcc   0x000000b2   Code   RO         7009    .text.GUIDRV_FlexColor__GetPixelIndexNoCache  STemWin_CM4_wc16.a(GUIDRV_FlexColor.o)
    0x08000c7e   0x08000c7e   0x00000002   PAD
    0x08000c80   0x08000c80   0x0000003c   Code   RO         7010    .text.GUIDRV_FlexColor__InitOnce  STemWin_CM4_wc16.a(GUIDRV_FlexColor.o)
    0x08000cbc   0x08000cbc   0x00000048   Code   RO         6984    .text.GUIDRV_FlexColor__SetLog2Phys  STemWin_CM4_wc16.a(GUIDRV_FlexColor.o)
    0x08000d04   0x08000d04   0x00000088   Code   RO         7008    .text.GUIDRV_FlexColor__SetPixelIndexNoCache  STemWin_CM4_wc16.a(GUIDRV_FlexColor.o)
    0x08000d8c   0x08000d8c   0x0000013c   Code   RO         7097    .text.GUIMONO_DispChar  STemWin_CM4_wc16.a(GUI_CharM.o)
    0x08000ec8   0x08000ec8   0x00000018   Code   RO         7098    .text.GUIMONO_GetCharDistX  STemWin_CM4_wc16.a(GUI_CharM.o)
    0x08000ee0   0x08000ee0   0x00000006   Code   RO         7099    .text.GUIMONO_GetFontInfo  STemWin_CM4_wc16.a(GUI_CharM.o)
    0x08000ee6   0x08000ee6   0x00000036   Code   RO         7100    .text.GUIMONO_IsInFont  STemWin_CM4_wc16.a(GUI_CharM.o)
    0x08000f1c   0x08000f1c   0x000000ec   Code   RO         6708    .text.GUIPROP_DispChar  STemWin_CM4_wc16.a(GUI_CharP.o)
    0x08001008   0x08001008   0x0000003c   Code   RO         6709    .text.GUIPROP_GetCharDistX  STemWin_CM4_wc16.a(GUI_CharP.o)
    0x08001044   0x08001044   0x00000006   Code   RO         6710    .text.GUIPROP_GetFontInfo  STemWin_CM4_wc16.a(GUI_CharP.o)
    0x0800104a   0x0800104a   0x00000010   Code   RO         6711    .text.GUIPROP_IsInFont  STemWin_CM4_wc16.a(GUI_CharP.o)
    0x0800105a   0x0800105a   0x00000014   Code   RO         6707    .text.GUIPROP__FindChar  STemWin_CM4_wc16.a(GUI_CharP.o)
    0x0800106e   0x0800106e   0x00000008   Code   RO         6697    .text.GUI_ALLOC_AllocNoInit  STemWin_CM4_wc16.a(GUI_Alloc.o)
    0x08001076   0x08001076   0x00000002   PAD
    0x08001078   0x08001078   0x00000030   Code   RO         6702    .text.GUI_ALLOC_AllocZero  STemWin_CM4_wc16.a(GUI_Alloc.o)
    0x080010a8   0x080010a8   0x00000010   Code   RO         6687    .text.GUI_ALLOC_AssignMemory  STemWin_CM4_wc16.a(GUI_Alloc.o)
    0x080010b8   0x080010b8   0x00000028   Code   RO         6690    .text.GUI_ALLOC_Free  STemWin_CM4_wc16.a(GUI_Alloc.o)
    0x080010e0   0x080010e0   0x00000014   Code   RO         6674    .text.GUI_ALLOC_FreeFixedBlock  STemWin_CM4_wc16.a(GUI_Alloc.o)
    0x080010f4   0x080010f4   0x000000a4   Code   RO         6693    .text.GUI_ALLOC_GetFixedBlock  STemWin_CM4_wc16.a(GUI_Alloc.o)
    0x08001198   0x08001198   0x0000001c   Code   RO         6676    .text.GUI_ALLOC_LockH  STemWin_CM4_wc16.a(GUI_Alloc.o)
    0x080011b4   0x080011b4   0x00000030   Code   RO         6677    .text.GUI_ALLOC_UnlockH  STemWin_CM4_wc16.a(GUI_Alloc.o)
    0x080011e4   0x080011e4   0x00000014   Code   RO         6675    .text.GUI_ALLOC_h2p  STemWin_CM4_wc16.a(GUI_Alloc.o)
    0x080011f8   0x080011f8   0x0000004a   Code   RO         6738    .text.GUI_CalcColorDist  STemWin_CM4_wc16.a(GUI_Common.o)
    0x08001242   0x08001242   0x00000002   PAD
    0x08001244   0x08001244   0x00000020   Code   RO         6828    .text.GUI_Clear     STemWin_CM4_wc16.a(GUI_Core.o)
    0x08001264   0x08001264   0x00000064   Code   RO         6826    .text.GUI_ClearRect  STemWin_CM4_wc16.a(GUI_Core.o)
    0x080012c8   0x080012c8   0x0000004c   Code   RO         6849    .text.GUI_DEVICE_Create  STemWin_CM4_wc16.a(GUI_Device.o)
    0x08001314   0x08001314   0x00000028   Code   RO         6852    .text.GUI_DEVICE_CreateAndLink  STemWin_CM4_wc16.a(GUI_Device.o)
    0x0800133c   0x0800133c   0x00000004   Code   RO         6848    .text.GUI_DEVICE_Delete  STemWin_CM4_wc16.a(GUI_Device.o)
    0x08001340   0x08001340   0x00000084   Code   RO         6851    .text.GUI_DEVICE_Link  STemWin_CM4_wc16.a(GUI_Device.o)
    0x080013c4   0x080013c4   0x00000030   Code   RO         6850    .text.GUI_DEVICE_Unlink  STemWin_CM4_wc16.a(GUI_Device.o)
    0x080013f4   0x080013f4   0x00000020   Code   RO         6847    .text.GUI_DEVICE__GetpDriver  STemWin_CM4_wc16.a(GUI_Device.o)
    0x08001414   0x08001414   0x00000118   Code   RO         6858    .text.GUI_DispString  STemWin_CM4_wc16.a(GUI_DispString.o)
    0x0800152c   0x0800152c   0x00000010   Code   RO         6859    .text.GUI_DispStringAt  STemWin_CM4_wc16.a(GUI_DispString.o)
    0x0800153c   0x0800153c   0x00000050   Code   RO         6717    .text.GUI_DrawCircle  STemWin_CM4_wc16.a(GUI_Circ.o)
    0x0800158c   0x0800158c   0x00000014   Code   RO         6906    .text.GUI_GetBitsPerPixelEx  STemWin_CM4_wc16.a(LCD_GetEx.o)
    0x080015a0   0x080015a0   0x0000000e   Code   RO         6750    .text.GUI_GetBkColor  STemWin_CM4_wc16.a(GUI_Common.o)
    0x080015ae   0x080015ae   0x00000002   PAD
    0x080015b0   0x080015b0   0x00000010   Code   RO         7083    .text.GUI_GetCharDistX  STemWin_CM4_wc16.a(GUI_Char.o)
    0x080015c0   0x080015c0   0x00000010   Code   RO         7084    .text.GUI_GetCharDistXEx  STemWin_CM4_wc16.a(GUI_Char.o)
    0x080015d0   0x080015d0   0x0000000e   Code   RO         6752    .text.GUI_GetColor  STemWin_CM4_wc16.a(GUI_Common.o)
    0x080015de   0x080015de   0x00000002   PAD
    0x080015e0   0x080015e0   0x00000010   Code   RO         7080    .text.GUI_GetFontDistY  STemWin_CM4_wc16.a(GUI_Char.o)
    0x080015f0   0x080015f0   0x00000018   Code   RO         6765    .text.GUI_GetVersionString  STemWin_CM4_wc16.a(GUI_Common.o)
    0x08001608   0x08001608   0x00000030   Code   RO         7079    .text.GUI_GetYAdjust  STemWin_CM4_wc16.a(GUI_Char.o)
    0x08001638   0x08001638   0x00000010   Code   RO         6913    .text.GUI_GetpfColor2IndexEx  STemWin_CM4_wc16.a(LCD_GetEx.o)
    0x08001648   0x08001648   0x00000010   Code   RO         6911    .text.GUI_GetpfIndex2ColorEx  STemWin_CM4_wc16.a(LCD_GetEx.o)
    0x08001658   0x08001658   0x00000010   Code   RO         6778    .text.GUI_GotoXY    STemWin_CM4_wc16.a(GUI_Common.o)
    0x08001668   0x08001668   0x000000f8   Code   RO         6830    .text.GUI_Init      STemWin_CM4_wc16.a(GUI_Core.o)
    0x08001760   0x08001760   0x00000044   Code   RO         7531    .text.GUI_MEMDEV_Delete  STemWin_CM4_wc16.a(GUIDEV.o)
    0x080017a4   0x080017a4   0x0000002a   Code   RO         7530    .text.GUI_MEMDEV_GetBitsPerPixel  STemWin_CM4_wc16.a(GUIDEV.o)
    0x080017ce   0x080017ce   0x00000020   Code   RO         7546    .text.GUI_MEMDEV_GetDataPtr  STemWin_CM4_wc16.a(GUIDEV_GetDataPtr.o)
    0x080017ee   0x080017ee   0x00000002   PAD
    0x080017f0   0x080017f0   0x0000074c   Code   RO         7290    .text.GUI_MEMDEV__WriteToActiveOpaque  STemWin_CM4_wc16.a(GUIDEV_WriteToActiveOpaque.o)
    0x08001f3c   0x08001f3c   0x00000056   Code   RO         6769    .text.GUI_MergeRect  STemWin_CM4_wc16.a(GUI_Common.o)
    0x08001f92   0x08001f92   0x00000020   Code   RO         6770    .text.GUI_MoveRect  STemWin_CM4_wc16.a(GUI_Common.o)
    0x08001fb2   0x08001fb2   0x0000003a   Code   RO         6786    .text.GUI_RectsIntersect  STemWin_CM4_wc16.a(GUI_Common.o)
    0x08001fec   0x08001fec   0x00000012   Code   RO         6793    .text.GUI_SelectLCD  STemWin_CM4_wc16.a(GUI_Common.o)
    0x08001ffe   0x08001ffe   0x00000002   PAD
    0x08002000   0x08002000   0x0000002c   Code   RO         7445    .text.GUI_SelectLayer  STemWin_CM4_wc16.a(GUI_SelectLayer.o)
    0x0800202c   0x0800202c   0x00000004   Code   RO         6795    .text.GUI_SetBkColor  STemWin_CM4_wc16.a(GUI_Common.o)
    0x08002030   0x08002030   0x00000004   Code   RO         6796    .text.GUI_SetColor  STemWin_CM4_wc16.a(GUI_Common.o)
    0x08002034   0x08002034   0x0000000c   Code   RO         6822    .text.GUI_SetDefaultFont  STemWin_CM4_wc16.a(GUI_Core.o)
    0x08002040   0x08002040   0x00000014   Code   RO         6802    .text.GUI_SetFont   STemWin_CM4_wc16.a(GUI_Common.o)
    0x08002054   0x08002054   0x00000038   Code   RO         6805    .text.GUI_SetOrg    STemWin_CM4_wc16.a(GUI_Common.o)
    0x0800208c   0x0800208c   0x00000010   Code   RO         7151    .text.GUI_SignalEvent  STemWin_CM4_wc16.a(GUI_WaitEvent.o)
    0x0800209c   0x0800209c   0x00000010   Code   RO         7117    .text.GUI_StoreKey  STemWin_CM4_wc16.a(GUI_OnKey.o)
    0x080020ac   0x080020ac   0x00000010   Code   RO         6877    .text.GUI_UC_SetEncodeUTF8  STemWin_CM4_wc16.a(GUI_UC_EncodeUTF8.o)
    0x080020bc   0x080020bc   0x00000028   Code   RO         7131    .text.GUI_UC__GetCharCodeInc  STemWin_CM4_wc16.a(GUI_UC.o)
    0x080020e4   0x080020e4   0x00000024   Code   RO         7132    .text.GUI_UC__NumChars2NumBytes  STemWin_CM4_wc16.a(GUI_UC.o)
    0x08002108   0x08002108   0x00000026   Code   RO         7284    .text.GUI_USAGE_AddRect  STemWin_CM4_wc16.a(GUIDEV_Usage.o)
    0x0800212e   0x0800212e   0x00000028   Code   RO         7283    .text.GUI_USAGE_DecUseCnt  STemWin_CM4_wc16.a(GUIDEV_Usage.o)
    0x08002156   0x08002156   0x0000015e   Code   RO         7487    .text.GUI__CompactPixelIndices  STemWin_CM4_wc16.a(GUI__CompactPixelIndices.o)
    0x080022b4   0x080022b4   0x00000094   Code   RO         6829    .text.GUI__Config   STemWin_CM4_wc16.a(GUI_Core.o)
    0x08002348   0x08002348   0x000000a8   Code   RO         7093    .text.GUI__DispLine  STemWin_CM4_wc16.a(GUI_CharLine.o)
    0x080023f0   0x080023f0   0x00000060   Code   RO         7092    .text.GUI__GetLineDistX  STemWin_CM4_wc16.a(GUI_CharLine.o)
    0x08002450   0x08002450   0x00000038   Code   RO         7090    .text.GUI__GetLineNumChars  STemWin_CM4_wc16.a(GUI_CharLine.o)
    0x08002488   0x08002488   0x0000001c   Code   RO         7091    .text.GUI__GetOverlap  STemWin_CM4_wc16.a(GUI_CharLine.o)
    0x080024a4   0x080024a4   0x0000003a   Code   RO         7165    .text.GUI__IntersectRect  STemWin_CM4_wc16.a(GUI__Private.o)
    0x080024de   0x080024de   0x00000056   Code   RO         7166    .text.GUI__IntersectRects  STemWin_CM4_wc16.a(GUI__Private.o)
    0x08002534   0x08002534   0x00000010   Code   RO         7495    .text.GUI__ManageCache  STemWin_CM4_wc16.a(GUI__ManageCache.o)
    0x08002544   0x08002544   0x000000dc   Code   RO         7494    .text.GUI__ManageCacheEx  STemWin_CM4_wc16.a(GUI__ManageCache.o)
    0x08002620   0x08002620   0x00000028   Code   RO         6832    .text.GUI__RegisterExit  STemWin_CM4_wc16.a(GUI_Core.o)
    0x08002648   0x08002648   0x00000064   Code   RO         7169    .text.GUI__memset16  STemWin_CM4_wc16.a(GUI__Private.o)
    0x080026ac   0x080026ac   0x0000001c   Code   RO         7212    .text.LCD_Color2Index  STemWin_CM4_wc16.a(LCD.o)
    0x080026c8   0x080026c8   0x00000224   Code   RO         7209    .text.LCD_DrawBitmap  STemWin_CM4_wc16.a(LCD.o)
    0x080028ec   0x080028ec   0x00000050   Code   RO         7205    .text.LCD_DrawHLine  STemWin_CM4_wc16.a(LCD.o)
    0x0800293c   0x0800293c   0x00000060   Code   RO         7204    .text.LCD_DrawPixel  STemWin_CM4_wc16.a(LCD.o)
    0x0800299c   0x0800299c   0x00000058   Code   RO         7207    .text.LCD_FillRect  STemWin_CM4_wc16.a(LCD.o)
    0x080029f4   0x080029f4   0x00000006   Code   RO         6888    .text.LCD_GetBitsPerPixelEx  STemWin_CM4_wc16.a(LCD_GetEx.o)
    0x080029fa   0x080029fa   0x00000002   PAD
    0x080029fc   0x080029fc   0x00000010   Code   RO         7237    .text.LCD_GetBkColorIndex  STemWin_CM4_wc16.a(LCD_GetColorIndex.o)
    0x08002a0c   0x08002a0c   0x00000010   Code   RO         7238    .text.LCD_GetColorIndex  STemWin_CM4_wc16.a(LCD_GetColorIndex.o)
    0x08002a1c   0x08002a1c   0x00000010   Code   RO         6900    .text.LCD_GetNumColors  STemWin_CM4_wc16.a(LCD_GetEx.o)
    0x08002a2c   0x08002a2c   0x00000006   Code   RO         6889    .text.LCD_GetNumColorsEx  STemWin_CM4_wc16.a(LCD_GetEx.o)
    0x08002a32   0x08002a32   0x0000001e   Code   RO         7516    .text.LCD_GetNumLayers  STemWin_CM4_wc16.a(LCD_GetNumDisplays.o)
    0x08002a50   0x08002a50   0x00000010   Code   RO         6909    .text.LCD_GetPalette  STemWin_CM4_wc16.a(LCD_GetEx.o)
    0x08002a60   0x08002a60   0x00000016   Code   RO         6908    .text.LCD_GetPaletteEx  STemWin_CM4_wc16.a(LCD_GetEx.o)
    0x08002a76   0x08002a76   0x00000002   PAD
    0x08002a78   0x08002a78   0x0000000c   Code   RO         6920    .text.LCD_GetXSizeDisplay  STemWin_CM4_wc16.a(LCD_GetEx.o)
    0x08002a84   0x08002a84   0x00000006   Code   RO         6914    .text.LCD_GetXSizeMax  STemWin_CM4_wc16.a(LCD_GetEx.o)
    0x08002a8a   0x08002a8a   0x00000002   PAD
    0x08002a8c   0x08002a8c   0x0000000c   Code   RO         6921    .text.LCD_GetYSizeDisplay  STemWin_CM4_wc16.a(LCD_GetEx.o)
    0x08002a98   0x08002a98   0x00000006   Code   RO         6915    .text.LCD_GetYSizeMax  STemWin_CM4_wc16.a(LCD_GetEx.o)
    0x08002a9e   0x08002a9e   0x00000004   Code   RO         7230    .text.LCD_GetpPalConvTableBM  STemWin_CM4_wc16.a(LCD_Color.o)
    0x08002aa2   0x08002aa2   0x00000002   PAD
    0x08002aa4   0x08002aa4   0x0000006c   Code   RO         7228    .text.LCD_GetpPalConvTableUncached  STemWin_CM4_wc16.a(LCD_Color.o)
    0x08002b10   0x08002b10   0x0000001c   Code   RO         7213    .text.LCD_Index2Color  STemWin_CM4_wc16.a(LCD.o)
    0x08002b2c   0x08002b2c   0x00000028   Code   RO         6658    .text.LCD_Index2Color_M565  STemWin_CM4_wc16.a(GUICC_M565.o)
    0x08002b54   0x08002b54   0x0000003c   Code   RO         7227    .text.LCD_InitColors  STemWin_CM4_wc16.a(LCD_Color.o)
    0x08002b90   0x08002b90   0x00000088   Code   RO         7231    .text.LCD_InitLUT   STemWin_CM4_wc16.a(LCD_Color.o)
    0x08002c18   0x08002c18   0x00000040   Code   RO         7274    .text.LCD_SelectLCD  STemWin_CM4_wc16.a(LCD_SelectLCD.o)
    0x08002c58   0x08002c58   0x0000000c   Code   RO         7218    .text.LCD_SetBkColor  STemWin_CM4_wc16.a(LCD.o)
    0x08002c64   0x08002c64   0x00000018   Code   RO         7216    .text.LCD_SetBkColorIndex  STemWin_CM4_wc16.a(LCD.o)
    0x08002c7c   0x08002c7c   0x00000030   Code   RO         7524    .text.LCD_SetClipRectEx  STemWin_CM4_wc16.a(LCD_SetClipRectEx.o)
    0x08002cac   0x08002cac   0x0000001c   Code   RO         7210    .text.LCD_SetClipRectMax  STemWin_CM4_wc16.a(LCD.o)
    0x08002cc8   0x08002cc8   0x0000000c   Code   RO         7219    .text.LCD_SetColor  STemWin_CM4_wc16.a(LCD.o)
    0x08002cd4   0x08002cd4   0x00000018   Code   RO         7214    .text.LCD_SetColorIndex  STemWin_CM4_wc16.a(LCD.o)
    0x08002cec   0x08002cec   0x0000000c   Code   RO         6919    .text.LCD_SetDisplaySize  STemWin_CM4_wc16.a(LCD_GetEx.o)
    0x08002cf8   0x08002cf8   0x0000000c   Code   RO         7203    .text.LCD_SetDrawMode  STemWin_CM4_wc16.a(LCD.o)
    0x08002d04   0x08002d04   0x00000030   Code   RO         6937    .text.LCD_SetLUTEntryEx  STemWin_CM4_wc16.a(LCD_Set.o)
    0x08002d34   0x08002d34   0x00000030   Code   RO         6939    .text.LCD_SetSizeEx  STemWin_CM4_wc16.a(LCD_Set.o)
    0x08002d64   0x08002d64   0x00000030   Code   RO         6942    .text.LCD_SetVSizeEx  STemWin_CM4_wc16.a(LCD_Set.o)
    0x08002d94   0x08002d94   0x00000024   Code   RO         7278    .text.LCD_UpdateColorIndices  STemWin_CM4_wc16.a(LCD_UpdateColorIndices.o)
    0x08002db8   0x08002db8   0x000001d8   Code   RO         7208    .text.LCD__DrawBitmap_1bpp  STemWin_CM4_wc16.a(LCD.o)
    0x08002f90   0x08002f90   0x0000007e   Code   RO         6922    .text.LCD__GetBPP   STemWin_CM4_wc16.a(LCD_GetEx.o)
    0x0800300e   0x0800300e   0x0000002c   Code   RO         6923    .text.LCD__GetBPPDevice  STemWin_CM4_wc16.a(LCD_GetEx.o)
    0x0800303a   0x0800303a   0x00000002   PAD
    0x0800303c   0x0800303c   0x00000010   Code   RO         7341    .text.WM_Activate   STemWin_CM4_wc16.a(WM.o)
    0x0800304c   0x0800304c   0x00000086   Code   RO         7385    .text.WM_BringToBottom  STemWin_CM4_wc16.a(WM_Lib.o)
    0x080030d2   0x080030d2   0x00000002   PAD
    0x080030d4   0x080030d4   0x00000160   Code   RO         7327    .text.WM_CreateWindowAsChild  STemWin_CM4_wc16.a(WM.o)
    0x08003234   0x08003234   0x00000048   Code   RO         7343    .text.WM_DefaultProc  STemWin_CM4_wc16.a(WM.o)
    0x0800327c   0x0800327c   0x00000018   Code   RO         7363    .text.WM_GetDesktopWindow  STemWin_CM4_wc16.a(WM_Lib.o)
    0x08003294   0x08003294   0x00000010   Code   RO         7370    .text.WM_GetFirstChild  STemWin_CM4_wc16.a(WM_Lib.o)
    0x080032a4   0x080032a4   0x00000010   Code   RO         7384    .text.WM_GetParent  STemWin_CM4_wc16.a(WM_Lib.o)
    0x080032b4   0x080032b4   0x000000f0   Code   RO         7345    .text.WM_Init       STemWin_CM4_wc16.a(WM.o)
    0x080033a4   0x080033a4   0x00000078   Code   RO         7323    .text.WM_InvalidateRect  STemWin_CM4_wc16.a(WM.o)
    0x0800341c   0x0800341c   0x00000006   Code   RO         7324    .text.WM_InvalidateWindow  STemWin_CM4_wc16.a(WM.o)
    0x08003422   0x08003422   0x00000064   Code   RO         7318    .text.WM_InvalidateWindowAndDescsEx  STemWin_CM4_wc16.a(WM.o)
    0x08003486   0x08003486   0x00000002   PAD
    0x08003488   0x08003488   0x00000040   Code   RO         7326    .text.WM_SelectWindow  STemWin_CM4_wc16.a(WM.o)
    0x080034c8   0x080034c8   0x0000001c   Code   RO         7407    .text.WM_SendToParent  STemWin_CM4_wc16.a(WM_Lib.o)
    0x080034e4   0x080034e4   0x00000048   Code   RO         7308    .text.WM__ActivateClipRect  STemWin_CM4_wc16.a(WM.o)
    0x0800352c   0x0800352c   0x00000010   Code   RO         7608    .text.WM__AddCriticalHandle  STemWin_CM4_wc16.a(WM__Private.o)
    0x0800353c   0x0800353c   0x00000010   Code   RO         7306    .text.WM__Client2Screen  STemWin_CM4_wc16.a(WM.o)
    0x0800354c   0x0800354c   0x00000058   Code   RO         7303    .text.WM__ClipAtParentBorders  STemWin_CM4_wc16.a(WM.o)
    0x080035a4   0x080035a4   0x00000022   Code   RO         7610    .text.WM__GetClientRectEx  STemWin_CM4_wc16.a(WM__Private.o)
    0x080035c6   0x080035c6   0x00000018   Code   RO         7314    .text.WM__GetClientRectWin  STemWin_CM4_wc16.a(WM.o)
    0x080035de   0x080035de   0x00000012   Code   RO         7592    .text.WM__GetFirstSibling  STemWin_CM4_wc16.a(WM__Private.o)
    0x080035f0   0x080035f0   0x00000184   Code   RO         7332    .text.WM__GetNextIVR  STemWin_CM4_wc16.a(WM.o)
    0x08003774   0x08003774   0x00000026   Code   RO         7596    .text.WM__GetPrevSibling  STemWin_CM4_wc16.a(WM__Private.o)
    0x0800379a   0x0800379a   0x00000002   PAD
    0x0800379c   0x0800379c   0x00000028   Code   RO         7315    .text.WM__GetTopLevelLayer  STemWin_CM4_wc16.a(WM.o)
    0x080037c4   0x080037c4   0x00000100   Code   RO         7333    .text.WM__InitIVRSearch  STemWin_CM4_wc16.a(WM.o)
    0x080038c4   0x080038c4   0x000000ac   Code   RO         7304    .text.WM__InsertWindowIntoList  STemWin_CM4_wc16.a(WM.o)
    0x08003970   0x08003970   0x00000006   Code   RO         7317    .text.WM__Invalidate1Abs  STemWin_CM4_wc16.a(WM.o)
    0x08003976   0x08003976   0x00000002   PAD
    0x08003978   0x08003978   0x00000050   Code   RO         7310    .text.WM__InvalidateDrawAndDescs  STemWin_CM4_wc16.a(WM.o)
    0x080039c8   0x080039c8   0x00000076   Code   RO         7319    .text.WM__InvalidateRect  STemWin_CM4_wc16.a(WM.o)
    0x08003a3e   0x08003a3e   0x00000006   Code   RO         7321    .text.WM__InvalidateRectEx  STemWin_CM4_wc16.a(WM.o)
    0x08003a44   0x08003a44   0x00000022   Code   RO         7311    .text.WM__RectIsNZ  STemWin_CM4_wc16.a(WM.o)
    0x08003a66   0x08003a66   0x00000014   Code   RO         7325    .text.WM__SelectTopLevelLayer  STemWin_CM4_wc16.a(WM.o)
    0x08003a7a   0x08003a7a   0x00000002   PAD
    0x08003a7c   0x08003a7c   0x0000003c   Code   RO         7604    .text.WM__SendMessage  STemWin_CM4_wc16.a(WM__Private.o)
    0x08003ab8   0x08003ab8   0x00000016   Code   RO         7313    .text.WM__SendMsgNoData  STemWin_CM4_wc16.a(WM.o)
    0x08003ace   0x08003ace   0x00000002   PAD
    0x08003ad0   0x08003ad0   0x000000a4   Code   RO         6670    .text._AddFreeMemory  STemWin_CM4_wc16.a(GUI_Alloc.o)
    0x08003b74   0x08003b74   0x000000f0   Code   RO         6696    .text._Alloc        STemWin_CM4_wc16.a(GUI_Alloc.o)
    0x08003c64   0x08003c64   0x00000018   Code   RO         6875    .text._CalcSizeOfChar  STemWin_CM4_wc16.a(GUI_UC_EncodeUTF8.o)
    0x08003c7c   0x08003c7c   0x00000004   Code   RO         7140    .text._CalcSizeOfChar  STemWin_CM4_wc16.a(GUI_UC_EncodeNone.o)
    0x08003c80   0x08003c80   0x0000005c   Code   RO         6661    .text._Color2IndexBulk  STemWin_CM4_wc16.a(GUICC_M565.o)
    0x08003cdc   0x08003cdc   0x00000052   Code   RO         7434    .text._Color2Index_0  STemWin_CM4_wc16.a(GUICC_0.o)
    0x08003d2e   0x08003d2e   0x00000002   PAD
    0x08003d30   0x08003d30   0x00000028   Code   RO         6659    .text._Color2Index_M565  STemWin_CM4_wc16.a(GUICC_M565.o)
    0x08003d58   0x08003d58   0x0000003e   Code   RO         7288    .text._Convert16    STemWin_CM4_wc16.a(GUIDEV_WriteToActiveOpaque.o)
    0x08003d96   0x08003d96   0x00000042   Code   RO         7289    .text._Convert8     STemWin_CM4_wc16.a(GUIDEV_WriteToActiveOpaque.o)
    0x08003dd8   0x08003dd8   0x0000009c   Code   RO         7089    .text._DispLine     STemWin_CM4_wc16.a(GUI_CharLine.o)
    0x08003e74   0x08003e74   0x0000000e   Code   RO         6972    .text._DrawBitmap   STemWin_CM4_wc16.a(GUIDRV_FlexColor.o)
    0x08003e82   0x08003e82   0x00000002   PAD
    0x08003e84   0x08003e84   0x00000534   Code   RO         7026    .text._DrawBitmap   STemWin_CM4_wc16.a(GUIDRV_FlexColor_16bpp_C0B16.o)
    0x080043b8   0x080043b8   0x00000740   Code   RO         7072    .text._DrawBitmap   STemWin_CM4_wc16.a(GUIDEV_16.o)
    0x08004af8   0x08004af8   0x00000010   Code   RO         6969    .text._DrawHLine    STemWin_CM4_wc16.a(GUIDRV_FlexColor.o)
    0x08004b08   0x08004b08   0x0000000e   Code   RO         7071    .text._DrawHLine    STemWin_CM4_wc16.a(GUIDEV_16.o)
    0x08004b16   0x08004b16   0x00000012   Code   RO         6970    .text._DrawVLine    STemWin_CM4_wc16.a(GUIDRV_FlexColor.o)
    0x08004b28   0x08004b28   0x000000bc   Code   RO         7069    .text._DrawVLine    STemWin_CM4_wc16.a(GUIDEV_16.o)
    0x08004be4   0x08004be4   0x0000004c   Code   RO         6876    .text._Encode       STemWin_CM4_wc16.a(GUI_UC_EncodeUTF8.o)
    0x08004c30   0x08004c30   0x00000006   Code   RO         7141    .text._Encode       STemWin_CM4_wc16.a(GUI_UC_EncodeNone.o)
    0x08004c36   0x08004c36   0x00000002   PAD
    0x08004c38   0x08004c38   0x0000009c   Code   RO         6691    .text._EnlargeBlocks  STemWin_CM4_wc16.a(GUI_Alloc.o)
    0x08004cd4   0x08004cd4   0x00000010   Code   RO         6971    .text._FillRect     STemWin_CM4_wc16.a(GUIDRV_FlexColor.o)
    0x08004ce4   0x08004ce4   0x000000f0   Code   RO         7025    .text._FillRect     STemWin_CM4_wc16.a(GUIDRV_FlexColor_16bpp_C0B16.o)
    0x08004dd4   0x08004dd4   0x000000b4   Code   RO         7070    .text._FillRect     STemWin_CM4_wc16.a(GUIDEV_16.o)
    0x08004e88   0x08004e88   0x00000086   Code   RO         7297    .text._Findx0       STemWin_CM4_wc16.a(WM.o)
    0x08004f0e   0x08004f0e   0x00000072   Code   RO         7298    .text._Findx1       STemWin_CM4_wc16.a(WM.o)
    0x08004f80   0x08004f80   0x000000a6   Code   RO         7296    .text._Findy1       STemWin_CM4_wc16.a(WM.o)
    0x08005026   0x08005026   0x00000040   Code   RO         6873    .text._GetCharCode  STemWin_CM4_wc16.a(GUI_UC_EncodeUTF8.o)
    0x08005066   0x08005066   0x00000004   Code   RO         7138    .text._GetCharCode  STemWin_CM4_wc16.a(GUI_UC_EncodeNone.o)
    0x0800506a   0x0800506a   0x00000024   Code   RO         6874    .text._GetCharSize  STemWin_CM4_wc16.a(GUI_UC_EncodeUTF8.o)
    0x0800508e   0x0800508e   0x00000004   Code   RO         7139    .text._GetCharSize  STemWin_CM4_wc16.a(GUI_UC_EncodeNone.o)
    0x08005092   0x08005092   0x0000000c   Code   RO         6981    .text._GetDevData   STemWin_CM4_wc16.a(GUIDRV_FlexColor.o)
    0x0800509e   0x0800509e   0x00000002   PAD
    0x080050a0   0x080050a0   0x00000010   Code   RO         7061    .text._GetDevData   STemWin_CM4_wc16.a(GUIDEV_16.o)
    0x080050b0   0x080050b0   0x0000007c   Code   RO         6979    .text._GetDevFunc   STemWin_CM4_wc16.a(GUIDRV_FlexColor.o)
    0x0800512c   0x0800512c   0x00000010   Code   RO         7062    .text._GetDevFunc   STemWin_CM4_wc16.a(GUIDEV_16.o)
    0x0800513c   0x0800513c   0x0000004a   Code   RO         7012    .text._GetDevFunc_Init  STemWin_CM4_wc16.a(GUIDRV_FlexColor.o)
    0x08005186   0x08005186   0x00000016   Code   RO         7015    .text._GetDevFunc_Off  STemWin_CM4_wc16.a(GUIDRV_FlexColor.o)
    0x0800519c   0x0800519c   0x00000016   Code   RO         7016    .text._GetDevFunc_On  STemWin_CM4_wc16.a(GUIDRV_FlexColor.o)
    0x080051b2   0x080051b2   0x00000002   Code   RO         6973    .text._GetDevFunc_SetRect  STemWin_CM4_wc16.a(GUIDRV_FlexColor.o)
    0x080051b4   0x080051b4   0x00000040   Code   RO         6974    .text._GetDevFunc_SetRectOutside  STemWin_CM4_wc16.a(GUIDRV_FlexColor.o)
    0x080051f4   0x080051f4   0x00000014   Code   RO         7013    .text._GetDevFunc_SetSize  STemWin_CM4_wc16.a(GUIDRV_FlexColor.o)
    0x08005208   0x08005208   0x00000014   Code   RO         7014    .text._GetDevFunc_SetVSize  STemWin_CM4_wc16.a(GUIDRV_FlexColor.o)
    0x0800521c   0x0800521c   0x0000001e   Code   RO         6882    .text._GetDevProp   STemWin_CM4_wc16.a(LCD_GetEx.o)
    0x0800523a   0x0800523a   0x0000005a   Code   RO         6980    .text._GetDevProp   STemWin_CM4_wc16.a(GUIDRV_FlexColor.o)
    0x08005294   0x08005294   0x00000018   Code   RO         7073    .text._GetDevProp   STemWin_CM4_wc16.a(GUIDEV_16.o)
    0x080052ac   0x080052ac   0x00000052   Code   RO         7432    .text._GetIndexMask_0  STemWin_CM4_wc16.a(GUICC_0.o)
    0x080052fe   0x080052fe   0x00000006   Code   RO         6660    .text._GetIndexMask_M565  STemWin_CM4_wc16.a(GUICC_M565.o)
    0x08005304   0x08005304   0x00000022   Code   RO         6883    .text._GetMaxValue  STemWin_CM4_wc16.a(LCD_GetEx.o)
    0x08005326   0x08005326   0x00000008   Code   RO         6967    .text._GetPixelIndex  STemWin_CM4_wc16.a(GUIDRV_FlexColor.o)
    0x0800532e   0x0800532e   0x0000000e   Code   RO         7066    .text._GetPixelIndex  STemWin_CM4_wc16.a(GUIDEV_16.o)
    0x0800533c   0x0800533c   0x00000016   Code   RO         6982    .text._GetRect      STemWin_CM4_wc16.a(GUIDRV_FlexColor.o)
    0x08005352   0x08005352   0x00000036   Code   RO         7064    .text._GetRect      STemWin_CM4_wc16.a(GUIDEV_16.o)
    0x08005388   0x08005388   0x00000064   Code   RO         6662    .text._Index2ColorBulk  STemWin_CM4_wc16.a(GUICC_M565.o)
    0x080053ec   0x080053ec   0x0000001e   Code   RO         7433    .text._Index2Color_0  STemWin_CM4_wc16.a(GUICC_0.o)
    0x0800540a   0x0800540a   0x00000002   PAD
    0x0800540c   0x0800540c   0x00000084   Code   RO         6817    .text._InitContext  STemWin_CM4_wc16.a(GUI_Core.o)
    0x08005490   0x08005490   0x00000068   Code   RO         6692    .text._InitOnce     STemWin_CM4_wc16.a(GUI_Alloc.o)
    0x080054f8   0x080054f8   0x000000a0   Code   RO         7316    .text._Invalidate1Abs  STemWin_CM4_wc16.a(WM.o)
    0x08005598   0x08005598   0x00000004   Code   RO         6987    .text._Log2PhysX_X0Y0S0  STemWin_CM4_wc16.a(GUIDRV_FlexColor.o)
    0x0800559c   0x0800559c   0x00000004   Code   RO         6989    .text._Log2PhysX_X0Y0S1  STemWin_CM4_wc16.a(GUIDRV_FlexColor.o)
    0x080055a0   0x080055a0   0x00000004   Code   RO         6988    .text._Log2PhysX_X0Y1S0  STemWin_CM4_wc16.a(GUIDRV_FlexColor.o)
    0x080055a4   0x080055a4   0x00000004   Code   RO         6990    .text._Log2PhysX_X0Y1S1  STemWin_CM4_wc16.a(GUIDRV_FlexColor.o)
    0x080055a8   0x080055a8   0x00000008   Code   RO         6993    .text._Log2PhysX_X1Y0S0  STemWin_CM4_wc16.a(GUIDRV_FlexColor.o)
    0x080055b0   0x080055b0   0x00000008   Code   RO         6995    .text._Log2PhysX_X1Y0S1  STemWin_CM4_wc16.a(GUIDRV_FlexColor.o)
    0x080055b8   0x080055b8   0x00000008   Code   RO         6994    .text._Log2PhysX_X1Y1S0  STemWin_CM4_wc16.a(GUIDRV_FlexColor.o)
    0x080055c0   0x080055c0   0x00000008   Code   RO         6996    .text._Log2PhysX_X1Y1S1  STemWin_CM4_wc16.a(GUIDRV_FlexColor.o)
    0x080055c8   0x080055c8   0x00000004   Code   RO         6991    .text._Log2PhysY_X0Y0S0  STemWin_CM4_wc16.a(GUIDRV_FlexColor.o)
    0x080055cc   0x080055cc   0x00000004   Code   RO         6986    .text._Log2PhysY_X0Y0S1  STemWin_CM4_wc16.a(GUIDRV_FlexColor.o)
    0x080055d0   0x080055d0   0x00000008   Code   RO         6992    .text._Log2PhysY_X0Y1S0  STemWin_CM4_wc16.a(GUIDRV_FlexColor.o)
    0x080055d8   0x080055d8   0x00000008   Code   RO         6997    .text._Log2PhysY_X0Y1S1  STemWin_CM4_wc16.a(GUIDRV_FlexColor.o)
    0x080055e0   0x080055e0   0x00000004   Code   RO         6962    .text._Log2PhysY_X1Y0S0  STemWin_CM4_wc16.a(GUIDRV_FlexColor.o)
    0x080055e4   0x080055e4   0x00000004   Code   RO         6964    .text._Log2PhysY_X1Y0S1  STemWin_CM4_wc16.a(GUIDRV_FlexColor.o)
    0x080055e8   0x080055e8   0x00000008   Code   RO         6963    .text._Log2PhysY_X1Y1S0  STemWin_CM4_wc16.a(GUIDRV_FlexColor.o)
    0x080055f0   0x080055f0   0x00000008   Code   RO         6965    .text._Log2PhysY_X1Y1S1  STemWin_CM4_wc16.a(GUIDRV_FlexColor.o)
    0x080055f8   0x080055f8   0x00000002   Code   RO         7088    .text._Log2VisBuffered  STemWin_CM4_wc16.a(GUI_CharLine.o)
    0x080055fa   0x080055fa   0x00000002   PAD
    0x080055fc   0x080055fc   0x00000048   Code   RO         6818    .text._OnExit       STemWin_CM4_wc16.a(GUI_Core.o)
    0x08005644   0x08005644   0x0000001c   Code   RO         7225    .text._OnExit       STemWin_CM4_wc16.a(LCD_Color.o)
    0x08005660   0x08005660   0x0000009c   Code   RO         7294    .text._OnExit       STemWin_CM4_wc16.a(WM.o)
    0x080056fc   0x080056fc   0x00000024   Code   RO         6668    .text._PushFreeBlock  STemWin_CM4_wc16.a(GUI_Alloc.o)
    0x08005720   0x08005720   0x0000000a   Code   RO         7023    .text._ReadData     STemWin_CM4_wc16.a(GUIDRV_FlexColor_16bpp_C0B16.o)
    0x0800572a   0x0800572a   0x0000000a   Code   RO         6975    .text._ReadPixelCust_16bpp  STemWin_CM4_wc16.a(GUIDRV_FlexColor.o)
    0x08005734   0x08005734   0x0000000a   Code   RO         6976    .text._ReadPixelCust_18bpp  STemWin_CM4_wc16.a(GUIDRV_FlexColor.o)
    0x0800573e   0x0800573e   0x0000003c   Code   RO         7036    .text._ReadPixel_16bpp_B16_I  STemWin_CM4_wc16.a(GUIDRV_FlexColor_Func66720.o)
    0x0800577a   0x0800577a   0x00000038   Code   RO         7034    .text._ReadPixel_16bpp_B8  STemWin_CM4_wc16.a(GUIDRV_FlexColor_Func66720.o)
    0x080057b2   0x080057b2   0x00000032   Code   RO         7035    .text._ReadPixel_32bpp_B8  STemWin_CM4_wc16.a(GUIDRV_FlexColor_Func66720.o)
    0x080057e4   0x080057e4   0x0000003a   Code   RO         6977    .text._ReadRectCust_16bpp  STemWin_CM4_wc16.a(GUIDRV_FlexColor.o)
    0x0800581e   0x0800581e   0x0000003a   Code   RO         6978    .text._ReadRectCust_18bpp  STemWin_CM4_wc16.a(GUIDRV_FlexColor.o)
    0x08005858   0x08005858   0x00000062   Code   RO         7046    .text._ReadRect_16bpp_B16_I  STemWin_CM4_wc16.a(GUIDRV_FlexColor_Func66720.o)
    0x080058ba   0x080058ba   0x00000060   Code   RO         7045    .text._ReadRect_16bpp_B8  STemWin_CM4_wc16.a(GUIDRV_FlexColor_Func66720.o)
    0x0800591a   0x0800591a   0x0000005c   Code   RO         7044    .text._ReadRect_32bpp_B8  STemWin_CM4_wc16.a(GUIDRV_FlexColor_Func66720.o)
    0x08005976   0x08005976   0x00000002   PAD
    0x08005978   0x08005978   0x00000040   Code   RO         6669    .text._RemoveFreeBlock  STemWin_CM4_wc16.a(GUI_Alloc.o)
    0x080059b8   0x080059b8   0x0000009c   Code   RO         6671    .text._RemoveHoles  STemWin_CM4_wc16.a(GUI_Alloc.o)
    0x08005a54   0x08005a54   0x00000020   Code   RO         7217    .text._SetBkColor   STemWin_CM4_wc16.a(LCD.o)
    0x08005a74   0x08005a74   0x00000050   Code   RO         7307    .text._SetClipRectUserIntersect  STemWin_CM4_wc16.a(WM.o)
    0x08005ac4   0x08005ac4   0x00000020   Code   RO         7215    .text._SetColor     STemWin_CM4_wc16.a(LCD.o)
    0x08005ae4   0x08005ae4   0x0000009c   Code   RO         7011    .text._SetDevFunc   STemWin_CM4_wc16.a(GUIDRV_FlexColor.o)
    0x08005b80   0x08005b80   0x00000028   Code   RO         7202    .text._SetDrawMode  STemWin_CM4_wc16.a(LCD.o)
    0x08005ba8   0x08005ba8   0x00000034   Code   RO         7043    .text._SetInterface  STemWin_CM4_wc16.a(GUIDRV_FlexColor_Func66720.o)
    0x08005bdc   0x08005bdc   0x00000016   Code   RO         6985    .text._SetOrg       STemWin_CM4_wc16.a(GUIDRV_FlexColor.o)
    0x08005bf2   0x08005bf2   0x0000000c   Code   RO         7063    .text._SetOrg       STemWin_CM4_wc16.a(GUIDEV_16.o)
    0x08005bfe   0x08005bfe   0x00000002   PAD
    0x08005c00   0x08005c00   0x00000040   Code   RO         7033    .text._SetOrientation  STemWin_CM4_wc16.a(GUIDRV_FlexColor_Func66720.o)
    0x08005c40   0x08005c40   0x000000c4   Code   RO         7031    .text._SetPhysRAMAddr  STemWin_CM4_wc16.a(GUIDRV_FlexColor_Func66720.o)
    0x08005d04   0x08005d04   0x00000010   Code   RO         6966    .text._SetPixelIndex  STemWin_CM4_wc16.a(GUIDRV_FlexColor.o)
    0x08005d14   0x08005d14   0x0000004c   Code   RO         7068    .text._SetPixelIndex  STemWin_CM4_wc16.a(GUIDEV_16.o)
    0x08005d60   0x08005d60   0x00000132   Code   RO         7032    .text._SetRect      STemWin_CM4_wc16.a(GUIDRV_FlexColor_Func66720.o)
    0x08005e92   0x08005e92   0x00000008   Code   RO         7040    .text._SetReg_B16   STemWin_CM4_wc16.a(GUIDRV_FlexColor_Func66720.o)
    0x08005e9a   0x08005e9a   0x0000001a   Code   RO         7039    .text._SetReg_B8    STemWin_CM4_wc16.a(GUIDRV_FlexColor_Func66720.o)
    0x08005eb4   0x08005eb4   0x00000008   Code   RO         7024    .text._WriteData    STemWin_CM4_wc16.a(GUIDRV_FlexColor_16bpp_C0B16.o)
    0x08005ebc   0x08005ebc   0x00000008   Code   RO         7042    .text._WritePara_B16  STemWin_CM4_wc16.a(GUIDRV_FlexColor_Func66720.o)
    0x08005ec4   0x08005ec4   0x00000008   Code   RO         7041    .text._WritePara_B8  STemWin_CM4_wc16.a(GUIDRV_FlexColor_Func66720.o)
    0x08005ecc   0x08005ecc   0x00000040   Code   RO         7065    .text._XY2PTR       STemWin_CM4_wc16.a(GUIDEV_16.o)
    0x08005f0c   0x08005f0c   0x00000024   Code   RO         6968    .text._XorPixel     STemWin_CM4_wc16.a(GUIDRV_FlexColor.o)
    0x08005f30   0x08005f30   0x00000058   Code   RO         7067    .text._XorPixel     STemWin_CM4_wc16.a(GUIDEV_16.o)
    0x08005f88   0x08005f88   0x00000068   Code   RO         7344    .text._cbBackWin    STemWin_CM4_wc16.a(WM.o)
    0x08005ff0   0x08005ff0   0x000000a4   Code   RO         7211    .text.emWin_LCD_Init  STemWin_CM4_wc16.a(LCD.o)
    0x08006094   0x08006094   0x0000000a   Code   RO         5182    i.$Sub$$main        components.o
    0x0800609e   0x0800609e   0x00000002   PAD
    0x080060a0   0x080060a0   0x000000a4   Code   RO         4443    i.BspInit           bsp.o
    0x08006144   0x08006144   0x00000004   Code   RO          616    i.BusFault_Handler  stm32f4xx_it.o
    0x08006148   0x08006148   0x00000018   Code   RO         3714    i.CameraSetWindow   lcd_ssd1963.o
    0x08006160   0x08006160   0x00000020   Code   RO         3886    i.ConfigSclOut      simulate_i2c.o
    0x08006180   0x08006180   0x00000022   Code   RO         3887    i.ConfigSdaIn       simulate_i2c.o
    0x080061a2   0x080061a2   0x00000020   Code   RO         3888    i.ConfigSdaOut      simulate_i2c.o
    0x080061c2   0x080061c2   0x0000001c   Code   RO         2144    i.DCMI_DMAError     stm32f4xx_hal_dcmi.o
    0x080061de   0x080061de   0x00000002   PAD
    0x080061e0   0x080061e0   0x00000028   Code   RO          617    i.DCMI_IRQHandler   stm32f4xx_it.o
    0x08006208   0x08006208   0x0000014c   Code   RO          618    i.DMA1_Stream1_IRQHandler  stm32f4xx_it.o
    0x08006354   0x08006354   0x00000010   Code   RO          619    i.DMA1_Stream3_IRQHandler  stm32f4xx_it.o
    0x08006364   0x08006364   0x00000010   Code   RO          620    i.DMA2_Stream1_IRQHandler  stm32f4xx_it.o
    0x08006374   0x08006374   0x00000034   Code   RO         1466    i.DMA_CalcBaseAndBitshift  stm32f4xx_hal_dma.o
    0x080063a8   0x080063a8   0x000000aa   Code   RO         1467    i.DMA_CheckFifoParam  stm32f4xx_hal_dma.o
    0x08006452   0x08006452   0x00000002   PAD
    0x08006454   0x08006454   0x00000030   Code   RO         3981    i.DcmiStop          ov5640.o
    0x08006484   0x08006484   0x00000002   Code   RO          621    i.DebugMon_Handler  stm32f4xx_it.o
    0x08006486   0x08006486   0x00000002   PAD
    0x08006488   0x08006488   0x00000028   Code   RO         4316    i.DelayInit         dwt_delay.o
    0x080064b0   0x080064b0   0x00000012   Code   RO         4317    i.DelayM            dwt_delay.o
    0x080064c2   0x080064c2   0x00000002   PAD
    0x080064c4   0x080064c4   0x0000001c   Code   RO         4319    i.DelayU            dwt_delay.o
    0x080064e0   0x080064e0   0x0000002c   Code   RO         3715    i.DisCircle         lcd_ssd1963.o
    0x0800650c   0x0800650c   0x00000124   Code   RO         5030    i.DispTNCompany     dis_china_char.o
    0x08006630   0x08006630   0x00000006   Code   RO           13    i.Error_Handler     main.o
    0x08006636   0x08006636   0x00000002   PAD
    0x08006638   0x08006638   0x00000048   Code   RO         2318    i.FSMC_NORSRAM_Extended_Timing_Init  stm32f4xx_ll_fsmc.o
    0x08006680   0x08006680   0x0000005c   Code   RO         2319    i.FSMC_NORSRAM_Init  stm32f4xx_ll_fsmc.o
    0x080066dc   0x080066dc   0x00000044   Code   RO         2320    i.FSMC_NORSRAM_Timing_Init  stm32f4xx_ll_fsmc.o
    0x08006720   0x08006720   0x00000016   Code   RO         4151    i.FifoGetFreeSize   fifo.o
    0x08006736   0x08006736   0x0000000c   Code   RO         4152    i.FifoGetOccupySize  fifo.o
    0x08006742   0x08006742   0x0000001a   Code   RO         4154    i.FifoInit          fifo.o
    0x0800675c   0x0800675c   0x00000002   Code   RO         4212    i.FifoLock          uart_device.o
    0x0800675e   0x0800675e   0x00000074   Code   RO         4155    i.FifoRead          fifo.o
    0x080067d2   0x080067d2   0x00000002   Code   RO         4213    i.FifoUnlock        uart_device.o
    0x080067d4   0x080067d4   0x00000074   Code   RO         4157    i.FifoWrite         fifo.o
    0x08006848   0x08006848   0x0000001c   Code   RO         4782    i.GUI_X_Config      guiconf.o
    0x08006864   0x08006864   0x00000002   Code   RO         5091    i.GUI_X_Init        gui_x.o
    0x08006866   0x08006866   0x00000002   PAD
    0x08006868   0x08006868   0x00000050   Code   RO         4372    i.GetKeyLevel       key.o
    0x080068b8   0x080068b8   0x00000088   Code   RO         4744    i.GetTemperature    rs485.o
    0x08006940   0x08006940   0x00000020   Code   RO          906    i.HAL_CRC_Init      stm32f4xx_hal_crc.o
    0x08006960   0x08006960   0x00000034   Code   RO          298    i.HAL_CRC_MspInit   crc.o
    0x08006994   0x08006994   0x00000002   Code   RO         2151    i.HAL_DCMI_ErrorCallback  stm32f4xx_hal_dcmi.o
    0x08006996   0x08006996   0x00000002   Code   RO         2152    i.HAL_DCMI_FrameEventCallback  stm32f4xx_hal_dcmi.o
    0x08006998   0x08006998   0x000000b0   Code   RO         2155    i.HAL_DCMI_IRQHandler  stm32f4xx_hal_dcmi.o
    0x08006a48   0x08006a48   0x00000092   Code   RO         2286    i.HAL_DCMI_Init     stm32f4xx_hal_dcmi_ex.o
    0x08006ada   0x08006ada   0x00000002   Code   RO         2157    i.HAL_DCMI_LineEventCallback  stm32f4xx_hal_dcmi.o
    0x08006adc   0x08006adc   0x000001bc   Code   RO          340    i.HAL_DCMI_MspInit  dcmi.o
    0x08006c98   0x08006c98   0x00000002   Code   RO         2164    i.HAL_DCMI_VsyncEventCallback  stm32f4xx_hal_dcmi.o
    0x08006c9a   0x08006c9a   0x000000aa   Code   RO         1469    i.HAL_DMA_Abort     stm32f4xx_hal_dma.o
    0x08006d44   0x08006d44   0x00000028   Code   RO         1470    i.HAL_DMA_Abort_IT  stm32f4xx_hal_dma.o
    0x08006d6c   0x08006d6c   0x00000240   Code   RO         1474    i.HAL_DMA_IRQHandler  stm32f4xx_hal_dma.o
    0x08006fac   0x08006fac   0x000000ec   Code   RO         1475    i.HAL_DMA_Init      stm32f4xx_hal_dma.o
    0x08007098   0x08007098   0x000000d0   Code   RO          414    i.HAL_FSMC_MspInit  fsmc.o
    0x08007168   0x08007168   0x00000204   Code   RO         1362    i.HAL_GPIO_Init     stm32f4xx_hal_gpio.o
    0x0800736c   0x0800736c   0x00000010   Code   RO         1364    i.HAL_GPIO_ReadPin  stm32f4xx_hal_gpio.o
    0x0800737c   0x0800737c   0x0000000c   Code   RO         1366    i.HAL_GPIO_WritePin  stm32f4xx_hal_gpio.o
    0x08007388   0x08007388   0x0000000c   Code   RO         1899    i.HAL_GetTick       stm32f4xx_hal.o
    0x08007394   0x08007394   0x00000018   Code   RO         1905    i.HAL_IncTick       stm32f4xx_hal.o
    0x080073ac   0x080073ac   0x0000003c   Code   RO         1906    i.HAL_Init          stm32f4xx_hal.o
    0x080073e8   0x080073e8   0x0000004c   Code   RO         1907    i.HAL_InitTick      stm32f4xx_hal.o
    0x08007434   0x08007434   0x00000048   Code   RO          878    i.HAL_MspInit       stm32f4xx_hal_msp.o
    0x0800747c   0x0800747c   0x00000020   Code   RO         1751    i.HAL_NVIC_EnableIRQ  stm32f4xx_hal_cortex.o
    0x0800749c   0x0800749c   0x0000007c   Code   RO         1757    i.HAL_NVIC_SetPriority  stm32f4xx_hal_cortex.o
    0x08007518   0x08007518   0x00000028   Code   RO         1758    i.HAL_NVIC_SetPriorityGrouping  stm32f4xx_hal_cortex.o
    0x08007540   0x08007540   0x000001a0   Code   RO         1068    i.HAL_RCCEx_PeriphCLKConfig  stm32f4xx_hal_rcc_ex.o
    0x080076e0   0x080076e0   0x00000184   Code   RO          963    i.HAL_RCC_ClockConfig  stm32f4xx_hal_rcc.o
    0x08007864   0x08007864   0x0000000c   Code   RO          968    i.HAL_RCC_GetHCLKFreq  stm32f4xx_hal_rcc.o
    0x08007870   0x08007870   0x00000020   Code   RO          970    i.HAL_RCC_GetPCLK1Freq  stm32f4xx_hal_rcc.o
    0x08007890   0x08007890   0x00000020   Code   RO          971    i.HAL_RCC_GetPCLK2Freq  stm32f4xx_hal_rcc.o
    0x080078b0   0x080078b0   0x000000b0   Code   RO          972    i.HAL_RCC_GetSysClockFreq  stm32f4xx_hal_rcc.o
    0x08007960   0x08007960   0x0000049c   Code   RO          975    i.HAL_RCC_OscConfig  stm32f4xx_hal_rcc.o
    0x08007dfc   0x08007dfc   0x00000012   Code   RO         2725    i.HAL_RTCEx_BKUPRead  stm32f4xx_hal_rtc_ex.o
    0x08007e0e   0x08007e0e   0x00000012   Code   RO         2726    i.HAL_RTCEx_BKUPWrite  stm32f4xx_hal_rtc_ex.o
    0x08007e20   0x08007e20   0x0000004c   Code   RO         2566    i.HAL_RTC_GetDate   stm32f4xx_hal_rtc.o
    0x08007e6c   0x08007e6c   0x00000060   Code   RO         2568    i.HAL_RTC_GetTime   stm32f4xx_hal_rtc.o
    0x08007ecc   0x08007ecc   0x000000d8   Code   RO         2569    i.HAL_RTC_Init      stm32f4xx_hal_rtc.o
    0x08007fa4   0x08007fa4   0x00000018   Code   RO          467    i.HAL_RTC_MspInit   rtc.o
    0x08007fbc   0x08007fbc   0x00000104   Code   RO         2575    i.HAL_RTC_SetDate   stm32f4xx_hal_rtc.o
    0x080080c0   0x080080c0   0x0000012c   Code   RO         2576    i.HAL_RTC_SetTime   stm32f4xx_hal_rtc.o
    0x080081ec   0x080081ec   0x0000003a   Code   RO         2577    i.HAL_RTC_WaitForSynchro  stm32f4xx_hal_rtc.o
    0x08008226   0x08008226   0x000000c8   Code   RO         2963    i.HAL_SPI_Init      stm32f4xx_hal_spi.o
    0x080082ee   0x080082ee   0x00000002   PAD
    0x080082f0   0x080082f0   0x00000138   Code   RO          509    i.HAL_SPI_MspInit   spi.o
    0x08008428   0x08008428   0x00000058   Code   RO         2440    i.HAL_SRAM_Init     stm32f4xx_hal_sram.o
    0x08008480   0x08008480   0x0000000a   Code   RO          416    i.HAL_SRAM_MspInit  fsmc.o
    0x0800848a   0x0800848a   0x00000034   Code   RO         1762    i.HAL_SYSTICK_Config  stm32f4xx_hal_cortex.o
    0x080084be   0x080084be   0x00000002   Code   RO         3321    i.HAL_UARTEx_RxEventCallback  stm32f4xx_hal_uart.o
    0x080084c0   0x080084c0   0x00000002   Code   RO         3335    i.HAL_UART_ErrorCallback  stm32f4xx_hal_uart.o
    0x080084c2   0x080084c2   0x00000002   PAD
    0x080084c4   0x080084c4   0x00000250   Code   RO         3338    i.HAL_UART_IRQHandler  stm32f4xx_hal_uart.o
    0x08008714   0x08008714   0x00000072   Code   RO         3339    i.HAL_UART_Init     stm32f4xx_hal_uart.o
    0x08008786   0x08008786   0x00000002   PAD
    0x08008788   0x08008788   0x00000210   Code   RO          557    i.HAL_UART_MspInit  usart.o
    0x08008998   0x08008998   0x00000042   Code   RO         3344    i.HAL_UART_Receive_IT  stm32f4xx_hal_uart.o
    0x080089da   0x080089da   0x00000002   PAD
    0x080089dc   0x080089dc   0x0000002c   Code   RO         4214    i.HAL_UART_RxCpltCallback  uart_device.o
    0x08008a08   0x08008a08   0x000000d2   Code   RO         3347    i.HAL_UART_Transmit  stm32f4xx_hal_uart.o
    0x08008ada   0x08008ada   0x00000002   Code   RO         3350    i.HAL_UART_TxCpltCallback  stm32f4xx_hal_uart.o
    0x08008adc   0x08008adc   0x00000072   Code   RO         3889    i.I2cReadByte       simulate_i2c.o
    0x08008b4e   0x08008b4e   0x00000072   Code   RO         3890    i.I2cWriteByte      simulate_i2c.o
    0x08008bc0   0x08008bc0   0x00000004   Code   RO         4373    i.KeyDownReadPin    key.o
    0x08008bc4   0x08008bc4   0x00000010   Code   RO         4374    i.KeyEnterReadPin   key.o
    0x08008bd4   0x08008bd4   0x00000010   Code   RO         4375    i.KeyExitReadPin    key.o
    0x08008be4   0x08008be4   0x00000010   Code   RO         4377    i.KeyMenuReadPin    key.o
    0x08008bf4   0x08008bf4   0x00000004   Code   RO         4378    i.KeyPowerReadPin   key.o
    0x08008bf8   0x08008bf8   0x00000154   Code   RO         4379    i.KeyStateMachine   key.o
    0x08008d4c   0x08008d4c   0x00000004   Code   RO         4380    i.KeyUpReadPin      key.o
    0x08008d50   0x08008d50   0x00000060   Code   RO         3716    i.LCD_SSD_BackLightSet  lcd_ssd1963.o
    0x08008db0   0x08008db0   0x00000088   Code   RO         4967    i.LCD_X_Config      lcdconf_flexcolor_template.o
    0x08008e38   0x08008e38   0x00000024   Code   RO         4968    i.LCD_X_DisplayDriver  lcdconf_flexcolor_template.o
    0x08008e5c   0x08008e5c   0x00000014   Code   RO         3718    i.LcdBacklightOn    lcd_ssd1963.o
    0x08008e70   0x08008e70   0x00000010   Code   RO         3722    i.LcdInit           lcd_ssd1963.o
    0x08008e80   0x08008e80   0x0000000c   Code   RO         3723    i.LcdReadData16Bit  lcd_ssd1963.o
    0x08008e8c   0x08008e8c   0x0000000c   Code   RO         3724    i.LcdReadData8Bit   lcd_ssd1963.o
    0x08008e98   0x08008e98   0x0000001a   Code   RO         4969    i.LcdReadDataMultiple  lcdconf_flexcolor_template.o
    0x08008eb2   0x08008eb2   0x00000002   PAD
    0x08008eb4   0x08008eb4   0x000000c0   Code   RO         3725    i.LcdReadId         lcd_ssd1963.o
    0x08008f74   0x08008f74   0x0000016e   Code   RO         3726    i.LcdRegConfig      lcd_ssd1963.o
    0x080090e2   0x080090e2   0x0000005e   Code   RO         3728    i.LcdSetWindow      lcd_ssd1963.o
    0x08009140   0x08009140   0x00000008   Code   RO         3730    i.LcdWriteCmd16Bit  lcd_ssd1963.o
    0x08009148   0x08009148   0x00000008   Code   RO         3731    i.LcdWriteCmd8Bit   lcd_ssd1963.o
    0x08009150   0x08009150   0x0000000c   Code   RO         4970    i.LcdWriteData      lcdconf_flexcolor_template.o
    0x0800915c   0x0800915c   0x0000000c   Code   RO         3732    i.LcdWriteData16Bit  lcd_ssd1963.o
    0x08009168   0x08009168   0x0000000c   Code   RO         3733    i.LcdWriteData8Bit  lcd_ssd1963.o
    0x08009174   0x08009174   0x0000001a   Code   RO         4971    i.LcdWriteDataMultiple  lcdconf_flexcolor_template.o
    0x0800918e   0x0800918e   0x0000000c   Code   RO         4972    i.LcdWriteReg       lcdconf_flexcolor_template.o
    0x0800919a   0x0800919a   0x00000002   PAD
    0x0800919c   0x0800919c   0x00000020   Code   RO          299    i.MX_CRC_Init       crc.o
    0x080091bc   0x080091bc   0x00000060   Code   RO          341    i.MX_DCMI_Init      dcmi.o
    0x0800921c   0x0800921c   0x00000078   Code   RO          389    i.MX_DMA_Init       dma.o
    0x08009294   0x08009294   0x0000012c   Code   RO          417    i.MX_FSMC_Init      fsmc.o
    0x080093c0   0x080093c0   0x000002a4   Code   RO          273    i.MX_GPIO_Init      gpio.o
    0x08009664   0x08009664   0x000000a8   Code   RO          468    i.MX_RTC_Init       rtc.o
    0x0800970c   0x0800970c   0x00000044   Code   RO          510    i.MX_SPI1_Init      spi.o
    0x08009750   0x08009750   0x00000044   Code   RO          511    i.MX_SPI2_Init      spi.o
    0x08009794   0x08009794   0x00000038   Code   RO          558    i.MX_USART1_UART_Init  usart.o
    0x080097cc   0x080097cc   0x00000038   Code   RO          559    i.MX_USART2_UART_Init  usart.o
    0x08009804   0x08009804   0x00000038   Code   RO          560    i.MX_USART3_UART_Init  usart.o
    0x0800983c   0x0800983c   0x00000004   Code   RO          622    i.MemManage_Handler  stm32f4xx_it.o
    0x08009840   0x08009840   0x00000004   Code   RO          623    i.NMI_Handler       stm32f4xx_it.o
    0x08009844   0x08009844   0x0000005a   Code   RO         3982    i.OV5640_Brightness  ov5640.o
    0x0800989e   0x0800989e   0x00000042   Code   RO         3983    i.OV5640_CONFIG     ov5640.o
    0x080098e0   0x080098e0   0x0000007c   Code   RO         3984    i.OV5640_Color_Saturation  ov5640.o
    0x0800995c   0x0800995c   0x00000078   Code   RO         3985    i.OV5640_Contrast   ov5640.o
    0x080099d4   0x080099d4   0x000000c0   Code   RO         3988    i.OV5640_Focus_Constant  ov5640.o
    0x08009a94   0x08009a94   0x000000f0   Code   RO         3989    i.OV5640_Focus_Init  ov5640.o
    0x08009b84   0x08009b84   0x0000011c   Code   RO         3992    i.OV5640_Init       ov5640.o
    0x08009ca0   0x08009ca0   0x00000048   Code   RO         3994    i.OV5640_Light_Mode  ov5640.o
    0x08009ce8   0x08009ce8   0x00000080   Code   RO         3995    i.OV5640_OutSize_Set  ov5640.o
    0x08009d68   0x08009d68   0x00000028   Code   RO         3996    i.OV5640_RGB565_Mode  ov5640.o
    0x08009d90   0x08009d90   0x000000d8   Code   RO         3997    i.OV5640_ReadReg    ov5640.o
    0x08009e68   0x08009e68   0x0000007a   Code   RO         3998    i.OV5640_Sharpness  ov5640.o
    0x08009ee2   0x08009ee2   0x00000002   PAD
    0x08009ee4   0x08009ee4   0x000000cc   Code   RO         4001    i.OV5640_WriteReg   ov5640.o
    0x08009fb0   0x08009fb0   0x00000028   Code   RO         4002    i.Ov5640DcmiDmaConfig  ov5640.o
    0x08009fd8   0x08009fd8   0x00000090   Code   RO         4003    i.Ov5640IoInit      ov5640.o
    0x0800a068   0x0800a068   0x00000016   Code   RO         2578    i.RTC_Bcd2ToByte    stm32f4xx_hal_rtc.o
    0x0800a07e   0x0800a07e   0x0000001a   Code   RO         2579    i.RTC_ByteToBcd2    stm32f4xx_hal_rtc.o
    0x0800a098   0x0800a098   0x0000003e   Code   RO         2580    i.RTC_EnterInitMode  stm32f4xx_hal_rtc.o
    0x0800a0d6   0x0800a0d6   0x00000010   Code   RO         5031    i.RefreshHumidity   dis_china_char.o
    0x0800a0e6   0x0800a0e6   0x00000002   PAD
    0x0800a0e8   0x0800a0e8   0x00000118   Code   RO         4444    i.RefreshInfo       bsp.o
    0x0800a200   0x0800a200   0x00000012   Code   RO         5033    i.RefreshRTC        dis_china_char.o
    0x0800a212   0x0800a212   0x00000002   PAD
    0x0800a214   0x0800a214   0x00000030   Code   RO         5034    i.RefreshTemperature  dis_china_char.o
    0x0800a244   0x0800a244   0x0000000a   Code   RO         3891    i.SCCB_Delay        simulate_i2c.o
    0x0800a24e   0x0800a24e   0x00000002   Code   RO          624    i.SVC_Handler       stm32f4xx_it.o
    0x0800a250   0x0800a250   0x00000068   Code   RO         4745    i.SendGetTempRequest  rs485.o
    0x0800a2b8   0x0800a2b8   0x0000002c   Code   RO         4445    i.SetDate           bsp.o
    0x0800a2e4   0x0800a2e4   0x00000028   Code   RO         4446    i.SetTime           bsp.o
    0x0800a30c   0x0800a30c   0x0000004c   Code   RO         4447    i.SetTimeDate       bsp.o
    0x0800a358   0x0800a358   0x00000056   Code   RO         3892    i.SimulateI2cGetAck  simulate_i2c.o
    0x0800a3ae   0x0800a3ae   0x00000002   PAD
    0x0800a3b0   0x0800a3b0   0x00000030   Code   RO         3893    i.SimulateI2cInit   simulate_i2c.o
    0x0800a3e0   0x0800a3e0   0x00000058   Code   RO         3894    i.SimulateI2cOutAck  simulate_i2c.o
    0x0800a438   0x0800a438   0x00000046   Code   RO         3895    i.SimulateI2cStart  simulate_i2c.o
    0x0800a47e   0x0800a47e   0x00000036   Code   RO         3896    i.SimulateI2cStop   simulate_i2c.o
    0x0800a4b4   0x0800a4b4   0x00000028   Code   RO          625    i.SysTick_Handler   stm32f4xx_it.o
    0x0800a4dc   0x0800a4dc   0x000000d4   Code   RO           14    i.SystemClock_Config  main.o
    0x0800a5b0   0x0800a5b0   0x00000014   Code   RO         3678    i.SystemInit        system_stm32f4xx.o
    0x0800a5c4   0x0800a5c4   0x00000014   Code   RO         3352    i.UART_DMAAbortOnError  stm32f4xx_hal_uart.o
    0x0800a5d8   0x0800a5d8   0x00000036   Code   RO         3362    i.UART_EndRxTransfer  stm32f4xx_hal_uart.o
    0x0800a60e   0x0800a60e   0x00000020   Code   RO         3363    i.UART_EndTransmit_IT  stm32f4xx_hal_uart.o
    0x0800a62e   0x0800a62e   0x000000be   Code   RO         3365    i.UART_Receive_IT   stm32f4xx_hal_uart.o
    0x0800a6ec   0x0800a6ec   0x0000022c   Code   RO         3366    i.UART_SetConfig    stm32f4xx_hal_uart.o
    0x0800a918   0x0800a918   0x00000046   Code   RO         3368    i.UART_Start_Receive_IT  stm32f4xx_hal_uart.o
    0x0800a95e   0x0800a95e   0x00000060   Code   RO         3369    i.UART_Transmit_IT  stm32f4xx_hal_uart.o
    0x0800a9be   0x0800a9be   0x0000006c   Code   RO         3370    i.UART_WaitOnFlagUntilTimeout  stm32f4xx_hal_uart.o
    0x0800aa2a   0x0800aa2a   0x00000002   PAD
    0x0800aa2c   0x0800aa2c   0x00000010   Code   RO          626    i.USART3_IRQHandler  stm32f4xx_it.o
    0x0800aa3c   0x0800aa3c   0x0000004c   Code   RO         4216    i.Uart1DeviceInit   uart_device.o
    0x0800aa88   0x0800aa88   0x00000010   Code   RO         4217    i.Uart1DmaGetRemainSize  uart_device.o
    0x0800aa98   0x0800aa98   0x0000006c   Code   RO         4219    i.Uart1DmaRxCpltIsr  uart_device.o
    0x0800ab04   0x0800ab04   0x00000074   Code   RO         4220    i.Uart1DmaRxHalfCpltIsr  uart_device.o
    0x0800ab78   0x0800ab78   0x00000018   Code   RO         4221    i.Uart1Read         uart_device.o
    0x0800ab90   0x0800ab90   0x00000004   Code   RO          627    i.UsageFault_Handler  stm32f4xx_it.o
    0x0800ab94   0x0800ab94   0x00000020   Code   RO         8113    i.__0printf         mc_w.l(printfa.o)
    0x0800abb4   0x0800abb4   0x00000028   Code   RO         8115    i.__0sprintf        mc_w.l(printfa.o)
    0x0800abdc   0x0800abdc   0x00000010   Code   RO         1764    i.__NVIC_GetPriorityGrouping  stm32f4xx_hal_cortex.o
    0x0800abec   0x0800abec   0x00000028   Code   RO         1765    i.__NVIC_SetPriority  stm32f4xx_hal_cortex.o
    0x0800ac14   0x0800ac14   0x0000000e   Code   RO         8240    i.__scatterload_copy  mc_w.l(handlers.o)
    0x0800ac22   0x0800ac22   0x00000002   Code   RO         8241    i.__scatterload_null  mc_w.l(handlers.o)
    0x0800ac24   0x0800ac24   0x0000000e   Code   RO         8242    i.__scatterload_zeroinit  mc_w.l(handlers.o)
    0x0800ac32   0x0800ac32   0x00000002   PAD
    0x0800ac34   0x0800ac34   0x00000184   Code   RO         8120    i._fp_digits        mc_w.l(printfa.o)
    0x0800adb8   0x0800adb8   0x00000028   Code   RO         6170    i._get_highest_priority_thread  scheduler.o
    0x0800ade0   0x0800ade0   0x000006b4   Code   RO         8121    i._printf_core      mc_w.l(printfa.o)
    0x0800b494   0x0800b494   0x00000024   Code   RO         8122    i._printf_post_padding  mc_w.l(printfa.o)
    0x0800b4b8   0x0800b4b8   0x0000002e   Code   RO         8123    i._printf_pre_padding  mc_w.l(printfa.o)
    0x0800b4e6   0x0800b4e6   0x00000002   PAD
    0x0800b4e8   0x0800b4e8   0x000000c4   Code   RO         6171    i._rt_scheduler_stack_check  scheduler.o
    0x0800b5ac   0x0800b5ac   0x000000d0   Code   RO         6275    i._rt_thread_init   thread.o
    0x0800b67c   0x0800b67c   0x00000042   Code   RO         6429    i._rt_timer_init    timer.o
    0x0800b6be   0x0800b6be   0x0000001c   Code   RO         6430    i._rt_timer_remove  timer.o
    0x0800b6da   0x0800b6da   0x0000000a   Code   RO         8125    i._sputc            mc_w.l(printfa.o)
    0x0800b6e4   0x0800b6e4   0x0000001c   Code   RO         6276    i._thread_cleanup_execute  thread.o
    0x0800b700   0x0800b700   0x00000018   Code   RO          561    i.fputc             usart.o
    0x0800b718   0x0800b718   0x00000078   Code   RO           15    i.main              main.o
    0x0800b790   0x0800b790   0x0000000e   Code   RO         5183    i.main_thread_entry  components.o
    0x0800b79e   0x0800b79e   0x00000002   PAD
    0x0800b7a0   0x0800b7a0   0x0000010c   Code   RO         5917    i.plug_holes        mem.o
    0x0800b8ac   0x0800b8ac   0x00000198   Code   RO         5720    i.print_number      kservice.o
    0x0800ba44   0x0800ba44   0x00000050   Code   RO         5184    i.rt_application_init  components.o
    0x0800ba94   0x0800ba94   0x00000074   Code   RO         5721    i.rt_assert_handler  kservice.o
    0x0800bb08   0x0800bb08   0x0000001c   Code   RO         5186    i.rt_components_init  components.o
    0x0800bb24   0x0800bb24   0x000000b4   Code   RO         5270    i.rt_device_write   device.o
    0x0800bbd8   0x0800bbd8   0x00000020   Code   RO         6173    i.rt_enter_critical  scheduler.o
    0x0800bbf8   0x0800bbf8   0x00000044   Code   RO         6174    i.rt_exit_critical  scheduler.o
    0x0800bc3c   0x0800bc3c   0x00000208   Code   RO         5919    i.rt_free           mem.o
    0x0800be44   0x0800be44   0x0000004c   Code   RO         6616    i.rt_hw_board_init  board.o
    0x0800be90   0x0800be90   0x00000014   Code   RO         6617    i.rt_hw_console_output  board.o
    0x0800bea4   0x0800bea4   0x00000224   Code   RO         6573    i.rt_hw_hard_fault_exception  cpuport.o
    0x0800c0c8   0x0800c0c8   0x00000050   Code   RO         6574    i.rt_hw_stack_init  cpuport.o
    0x0800c118   0x0800c118   0x00000038   Code   RO         5680    i.rt_interrupt_enter  irq.o
    0x0800c150   0x0800c150   0x0000001c   Code   RO         5682    i.rt_interrupt_get_nest  irq.o
    0x0800c16c   0x0800c16c   0x00000038   Code   RO         5683    i.rt_interrupt_leave  irq.o
    0x0800c1a4   0x0800c1a4   0x00000018   Code   RO         5403    i.rt_ipc_list_resume  ipc.o
    0x0800c1bc   0x0800c1bc   0x0000006e   Code   RO         5405    i.rt_ipc_list_suspend  ipc.o
    0x0800c22a   0x0800c22a   0x00000010   Code   RO         5406    i.rt_ipc_object_init  ipc.o
    0x0800c23a   0x0800c23a   0x00000002   PAD
    0x0800c23c   0x0800c23c   0x00000068   Code   RO         5728    i.rt_kprintf        kservice.o
    0x0800c2a4   0x0800c2a4   0x00000006   Code   RO         5407    i.rt_list_init      ipc.o
    0x0800c2aa   0x0800c2aa   0x00000006   Code   RO         6175    i.rt_list_init      scheduler.o
    0x0800c2b0   0x0800c2b0   0x00000006   Code   RO         6431    i.rt_list_init      timer.o
    0x0800c2b6   0x0800c2b6   0x0000000e   Code   RO         6057    i.rt_list_insert_after  object.o
    0x0800c2c4   0x0800c2c4   0x0000000e   Code   RO         6277    i.rt_list_insert_after  thread.o
    0x0800c2d2   0x0800c2d2   0x0000000e   Code   RO         6432    i.rt_list_insert_after  timer.o
    0x0800c2e0   0x0800c2e0   0x0000000e   Code   RO         5408    i.rt_list_insert_before  ipc.o
    0x0800c2ee   0x0800c2ee   0x00000010   Code   RO         5409    i.rt_list_isempty   ipc.o
    0x0800c2fe   0x0800c2fe   0x00000010   Code   RO         6433    i.rt_list_isempty   timer.o
    0x0800c30e   0x0800c30e   0x00000012   Code   RO         6058    i.rt_list_remove    object.o
    0x0800c320   0x0800c320   0x00000012   Code   RO         6278    i.rt_list_remove    thread.o
    0x0800c332   0x0800c332   0x00000012   Code   RO         6434    i.rt_list_remove    timer.o
    0x0800c344   0x0800c344   0x000002bc   Code   RO         5921    i.rt_malloc         mem.o
    0x0800c600   0x0800c600   0x00000048   Code   RO         5734    i.rt_memset         kservice.o
    0x0800c648   0x0800c648   0x000000ec   Code   RO         6059    i.rt_object_allocate  object.o
    0x0800c734   0x0800c734   0x000000a0   Code   RO         6061    i.rt_object_delete  object.o
    0x0800c7d4   0x0800c7d4   0x0000005c   Code   RO         6062    i.rt_object_detach  object.o
    0x0800c830   0x0800c830   0x00000028   Code   RO         6065    i.rt_object_get_information  object.o
    0x0800c858   0x0800c858   0x00000034   Code   RO         6068    i.rt_object_get_type  object.o
    0x0800c88c   0x0800c88c   0x000000bc   Code   RO         6069    i.rt_object_init    object.o
    0x0800c948   0x0800c948   0x0000003c   Code   RO         6070    i.rt_object_is_systemobject  object.o
    0x0800c984   0x0800c984   0x00000144   Code   RO         6176    i.rt_schedule       scheduler.o
    0x0800cac8   0x0800cac8   0x0000009c   Code   RO         6177    i.rt_schedule_insert_thread  scheduler.o
    0x0800cb64   0x0800cb64   0x00000080   Code   RO         6178    i.rt_schedule_remove_thread  scheduler.o
    0x0800cbe4   0x0800cbe4   0x0000006c   Code   RO         5438    i.rt_sem_init       ipc.o
    0x0800cc50   0x0800cc50   0x000000a8   Code   RO         5439    i.rt_sem_release    ipc.o
    0x0800ccf8   0x0800ccf8   0x000001a4   Code   RO         5440    i.rt_sem_take       ipc.o
    0x0800ce9c   0x0800ce9c   0x00000028   Code   RO         5735    i.rt_set_errno      kservice.o
    0x0800cec4   0x0800cec4   0x000000b0   Code   RO         5736    i.rt_show_version   kservice.o
    0x0800cf74   0x0800cf74   0x00000022   Code   RO         5738    i.rt_sprintf        kservice.o
    0x0800cf96   0x0800cf96   0x00000012   Code   RO         5742    i.rt_strlen         kservice.o
    0x0800cfa8   0x0800cfa8   0x00000034   Code   RO         5744    i.rt_strncpy        kservice.o
    0x0800cfdc   0x0800cfdc   0x00000154   Code   RO         5925    i.rt_system_heap_init  mem.o
    0x0800d130   0x0800d130   0x00000040   Code   RO         6180    i.rt_system_scheduler_init  scheduler.o
    0x0800d170   0x0800d170   0x00000028   Code   RO         6181    i.rt_system_scheduler_start  scheduler.o
    0x0800d198   0x0800d198   0x0000001c   Code   RO         6435    i.rt_system_timer_init  timer.o
    0x0800d1b4   0x0800d1b4   0x00000002   Code   RO         6436    i.rt_system_timer_thread_init  timer.o
    0x0800d1b6   0x0800d1b6   0x00000050   Code   RO         6280    i.rt_thread_create  thread.o
    0x0800d206   0x0800d206   0x00000002   PAD
    0x0800d208   0x0800d208   0x00000054   Code   RO         6285    i.rt_thread_exit    thread.o
    0x0800d25c   0x0800d25c   0x00000028   Code   RO         5349    i.rt_thread_idle_entry  idle.o
    0x0800d284   0x0800d284   0x000000b8   Code   RO         5350    i.rt_thread_idle_excute  idle.o
    0x0800d33c   0x0800d33c   0x00000060   Code   RO         5352    i.rt_thread_idle_init  idle.o
    0x0800d39c   0x0800d39c   0x00000080   Code   RO         6287    i.rt_thread_init    thread.o
    0x0800d41c   0x0800d41c   0x00000014   Code   RO         6289    i.rt_thread_mdelay  thread.o
    0x0800d430   0x0800d430   0x0000009c   Code   RO         6290    i.rt_thread_resume  thread.o
    0x0800d4cc   0x0800d4cc   0x0000000c   Code   RO         6292    i.rt_thread_self    thread.o
    0x0800d4d8   0x0800d4d8   0x00000080   Code   RO         6293    i.rt_thread_sleep   thread.o
    0x0800d558   0x0800d558   0x000000c4   Code   RO         6294    i.rt_thread_startup  thread.o
    0x0800d61c   0x0800d61c   0x000000dc   Code   RO         6295    i.rt_thread_suspend  thread.o
    0x0800d6f8   0x0800d6f8   0x000000b4   Code   RO         6297    i.rt_thread_timeout  thread.o
    0x0800d7ac   0x0800d7ac   0x00000038   Code   RO         5138    i.rt_tick_from_millisecond  clock.o
    0x0800d7e4   0x0800d7e4   0x0000000c   Code   RO         5139    i.rt_tick_get       clock.o
    0x0800d7f0   0x0800d7f0   0x0000003c   Code   RO         5141    i.rt_tick_increase  clock.o
    0x0800d82c   0x0800d82c   0x000000e0   Code   RO         6437    i.rt_timer_check    timer.o
    0x0800d90c   0x0800d90c   0x000000dc   Code   RO         6438    i.rt_timer_control  timer.o
    0x0800d9e8   0x0800d9e8   0x000000dc   Code   RO         6441    i.rt_timer_detach   timer.o
    0x0800dac4   0x0800dac4   0x00000054   Code   RO         6444    i.rt_timer_init     timer.o
    0x0800db18   0x0800db18   0x000001b4   Code   RO         6447    i.rt_timer_start    timer.o
    0x0800dccc   0x0800dccc   0x000000c0   Code   RO         6448    i.rt_timer_stop     timer.o
    0x0800dd8c   0x0800dd8c   0x00000330   Code   RO         5747    i.rt_vsnprintf      kservice.o
    0x0800e0bc   0x0800e0bc   0x00000016   Code   RO         5748    i.rt_vsprintf       kservice.o
    0x0800e0d2   0x0800e0d2   0x00000004   Code   RO         5187    i.rti_board_end     components.o
    0x0800e0d6   0x0800e0d6   0x00000004   Code   RO         5188    i.rti_board_start   components.o
    0x0800e0da   0x0800e0da   0x00000004   Code   RO         5189    i.rti_end           components.o
    0x0800e0de   0x0800e0de   0x00000004   Code   RO         5190    i.rti_start         components.o
    0x0800e0e2   0x0800e0e2   0x0000002a   Code   RO         5191    i.rtthread_startup  components.o
    0x0800e10c   0x0800e10c   0x00000026   Code   RO         5749    i.skip_atoi         kservice.o
    0x0800e132   0x0800e132   0x00000002   PAD
    0x0800e134   0x0800e134   0x00000098   Code   RO         6618    i.thread1_entry     board.o
    0x0800e1cc   0x0800e1cc   0x00000038   Code   RO         4723    i.usMBCRC16         mbcrc.o
    0x0800e204   0x0800e204   0x00000008   Data   RO         1481    .constdata          stm32f4xx_hal_dma.o
    0x0800e20c   0x0800e20c   0x00000018   Data   RO         3679    .constdata          system_stm32f4xx.o
    0x0800e224   0x0800e224   0x0000150e   Data   RO         4004    .constdata          ov5640.o
    0x0800f732   0x0800f732   0x00000200   Data   RO         4724    .constdata          mbcrc.o
    0x0800f932   0x0800f932   0x00000002   PAD
    0x0800f934   0x0800f934   0x00001358   Data   RO         5009    .constdata          tn16.o
    0x08010c8c   0x08010c8c   0x00000458   Data   RO         5066    .constdata          tndz.o
    0x080110e4   0x080110e4   0x00000014   Data   RO         5192    .constdata          components.o
    0x080110f8   0x080110f8   0x000000ba   Data   RO         5271    .constdata          device.o
    0x080111b2   0x080111b2   0x00000016   Data   RO         5355    .constdata          idle.o
    0x080111c8   0x080111c8   0x000001fc   Data   RO         5442    .constdata          ipc.o
    0x080113c4   0x080113c4   0x00000022   Data   RO         5751    .constdata          kservice.o
    0x080113e6   0x080113e6   0x0000003c   Data   RO         5927    .constdata          mem.o
    0x08011422   0x08011422   0x00000080   Data   RO         6074    .constdata          object.o
    0x080114a2   0x080114a2   0x0000004e   Data   RO         6183    .constdata          scheduler.o
    0x080114f0   0x080114f0   0x000000c0   Data   RO         6299    .constdata          thread.o
    0x080115b0   0x080115b0   0x0000005c   Data   RO         6449    .constdata          timer.o
    0x0801160c   0x0801160c   0x00000042   Data   RO         4746    .conststring        rs485.o
    0x0801164e   0x0801164e   0x00000002   PAD
    0x08011650   0x08011650   0x00000045   Data   RO         5443    .conststring        ipc.o
    0x08011695   0x08011695   0x00000003   PAD
    0x08011698   0x08011698   0x000000eb   Data   RO         5928    .conststring        mem.o
    0x08011783   0x08011783   0x00000001   PAD
    0x08011784   0x08011784   0x00000042   Data   RO         6300    .conststring        thread.o
    0x080117c6   0x080117c6   0x00000002   PAD
    0x080117c8   0x080117c8   0x00000018   Data   RO         6664    .rodata             STemWin_CM4_wc16.a(GUICC_M565.o)
    0x080117e0   0x080117e0   0x00000017   Data   RO         6842    .rodata             STemWin_CM4_wc16.a(GUI_Core.o)
    0x080117f7   0x080117f7   0x00000001   PAD
    0x080117f8   0x080117f8   0x00000010   Data   RO         6878    .rodata             STemWin_CM4_wc16.a(GUI_UC_EncodeUTF8.o)
    0x08011808   0x08011808   0x00000074   Data   RO         7019    .rodata             STemWin_CM4_wc16.a(GUIDRV_FlexColor.o)
    0x0801187c   0x0801187c   0x00000008   Data   RO         7049    .rodata             STemWin_CM4_wc16.a(GUIDRV_FlexColor_Func66720.o)
    0x08011884   0x08011884   0x000012b8   Data   RO         7053    .rodata             STemWin_CM4_wc16.a(F24_ASCII.o)
    0x08012b3c   0x08012b3c   0x0000073c   Data   RO         7057    .rodata             STemWin_CM4_wc16.a(F6x8.o)
    0x08013278   0x08013278   0x00000074   Data   RO         7075    .rodata             STemWin_CM4_wc16.a(GUIDEV_16.o)
    0x080132ec   0x080132ec   0x00000010   Data   RO         7143    .rodata             STemWin_CM4_wc16.a(GUI_UC_EncodeNone.o)
    0x080132fc   0x080132fc   0x00000370   Data   RO         7156    .rodata             STemWin_CM4_wc16.a(GUI__DivTbl.o)
    0x0801366c   0x0801366c   0x0000000c   Data   RO         7221    .rodata             STemWin_CM4_wc16.a(LCD.o)
    0x08013678   0x08013678   0x00000100   Data   RO         7247    .rodata             STemWin_CM4_wc16.a(LCD_Mirror.o)
    0x08013778   0x08013778   0x00000018   Data   RO         7437    .rodata             STemWin_CM4_wc16.a(GUICC_0.o)
    0x08013790   0x08013790   0x00000004   Data   RO         5193    .rti_fn.0           components.o
    0x08013794   0x08013794   0x00000004   Data   RO         5194    .rti_fn.0.end       components.o
    0x08013798   0x08013798   0x00000004   Data   RO         5195    .rti_fn.1.end       components.o
    0x0801379c   0x0801379c   0x00000004   Data   RO         5196    .rti_fn.6.end       components.o
    0x080137a0   0x080137a0   0x00000020   Data   RO         8238    Region$$Table       anon$$obj.o


    Execution Region RW_IRAM2 (Exec base: 0x10000000, Load base: 0x0801386c, Size: 0x00000000, Max: 0x00010000, ABSOLUTE)

    **** No section assigned to this execution region ****


    Execution Region RW_IRAM1 (Exec base: 0x20000000, Load base: 0x080137c0, Size: 0x00006c28, Max: 0x00020000, ABSOLUTE, COMPRESSED[0x000000ac])

    Exec Addr    Load Addr    Size         Type   Attr      Idx    E Section Name        Object

    0x20000000   COMPRESSED   0x00000008   Data   RW          300    .data               crc.o
    0x20000008   COMPRESSED   0x00000008   Data   RW          419    .data               fsmc.o
    0x20000010   COMPRESSED   0x00000009   Data   RW         1913    .data               stm32f4xx_hal.o
    0x20000019   COMPRESSED   0x00000003   PAD
    0x2000001c   COMPRESSED   0x00000004   Data   RW         3680    .data               system_stm32f4xx.o
    0x20000020   COMPRESSED   0x00000008   Data   RW         3734    .data               lcd_ssd1963.o
    0x20000028   COMPRESSED   0x00000008   Data   RW         4224    .data               uart_device.o
    0x20000030   COMPRESSED   0x00000060   Data   RW         4381    .data               key.o
    0x20000090   COMPRESSED   0x0000001c   Data   RW         4448    .data               bsp.o
    0x200000ac   COMPRESSED   0x00000004   Data   RW         4747    .data               rs485.o
    0x200000b0   COMPRESSED   0x00000004   Data   RW         5143    .data               clock.o
    0x200000b4   COMPRESSED   0x00000009   Data   RW         5685    .data               irq.o
    0x200000bd   COMPRESSED   0x00000003   PAD
    0x200000c0   COMPRESSED   0x0000000c   Data   RW         5752    .data               kservice.o
    0x200000cc   COMPRESSED   0x00000020   Data   RW         5929    .data               mem.o
    0x200000ec   COMPRESSED   0x000000a4   Data   RW         6075    .data               object.o
    0x20000190   COMPRESSED   0x0000001c   Data   RW         6184    .data               scheduler.o
    0x200001ac   COMPRESSED   0x0000000c   Data   RW         6301    .data               thread.o
    0x200001b8   COMPRESSED   0x00000014   Data   RW         6450    .data               timer.o
    0x200001cc   COMPRESSED   0x00000010   Data   RW         6576    .data               cpuport.o
    0x200001dc   COMPRESSED   0x00000007   Data   RW         6725    .data               STemWin_CM4_wc16.a(GUI_Common.o)
    0x200001e3   COMPRESSED   0x00000001   PAD
    0x200001e4   COMPRESSED   0x00000010   Data   RW         6815    .data               STemWin_CM4_wc16.a(GUI_Core.o)
    0x200001f4   COMPRESSED   0x00000008   Data   RW         7029    .data               STemWin_CM4_wc16.a(GUIDRV_FlexColor_Func66720.o)
    0x200001fc   COMPRESSED   0x00000004   Data   RW         7086    .data               STemWin_CM4_wc16.a(GUI_CharLine.o)
    0x20000200   COMPRESSED   0x00000008   Data   RW         7158    .data               STemWin_CM4_wc16.a(GUI__Private.o)
    0x20000208   COMPRESSED   0x00000004   Data   RW         7200    .data               STemWin_CM4_wc16.a(LCD.o)
    0x2000020c   COMPRESSED   0x00000004   Data   RW         7223    .data               STemWin_CM4_wc16.a(LCD_Color.o)
    0x20000210   COMPRESSED   0x00000004   Data   RW         8165    .data               mc_w.l(stdout.o)
    0x20000214        -       0x000000a0   Zero   RW          342    .bss                dcmi.o
    0x200002b4        -       0x000000a0   Zero   RW          418    .bss                fsmc.o
    0x20000354        -       0x00000020   Zero   RW          469    .bss                rtc.o
    0x20000374        -       0x000000b0   Zero   RW          512    .bss                spi.o
    0x20000424        -       0x0000018c   Zero   RW          562    .bss                usart.o
    0x200005b0        -       0x00000014   Zero   RW         3897    .bss                simulate_i2c.o
    0x200005c4        -       0x00000924   Zero   RW         4223    .bss                uart_device.o
    0x20000ee8        -       0x00002800   Zero   RW         4783    .bss                guiconf.o
    0x200036e8        -       0x00000490   Zero   RW         5354    .bss                idle.o
    0x20003b78        -       0x00000080   Zero   RW         5750    .bss                kservice.o
    0x20003bf8        -       0x00000020   Zero   RW         5926    .bss                mem.o
    0x20003c18        -       0x00000100   Zero   RW         6182    .bss                scheduler.o
    0x20003d18        -       0x00002800   Zero   RW         6619    .bss                board.o
    0x20006518        -       0x00000008   Zero   RW         6657    .bss                STemWin_CM4_wc16.a(GUICC_M565.o)
    0x20006520        -       0x0000000c   Zero   RW         6667    .bss                STemWin_CM4_wc16.a(GUI_Alloc.o)
    0x2000652c        -       0x000000a8   Zero   RW         6816    .bss                STemWin_CM4_wc16.a(GUI_Core.o)
    0x200065d4        -       0x00000008   Zero   RW         6881    .bss                STemWin_CM4_wc16.a(LCD_GetEx.o)
    0x200065dc        -       0x0000001c   Zero   RW         6961    .bss                STemWin_CM4_wc16.a(GUIDRV_FlexColor.o)
    0x200065f8        -       0x00000004   Zero   RW         7060    .bss                STemWin_CM4_wc16.a(GUIDEV_16.o)
    0x200065fc        -       0x00000060   Zero   RW         7115    .bss                STemWin_CM4_wc16.a(GUI_OnKey.o)
    0x2000665c        -       0x00000008   Zero   RW         7146    .bss                STemWin_CM4_wc16.a(GUI_WaitEvent.o)
    0x20006664        -       0x0000000c   Zero   RW         7224    .bss                STemWin_CM4_wc16.a(LCD_Color.o)
    0x20006670        -       0x00000030   Zero   RW         7293    .bss                STemWin_CM4_wc16.a(WM.o)
    0x200066a0        -       0x00000018   Zero   RW         7492    .bss                STemWin_CM4_wc16.a(GUI__ManageCache.o)
    0x200066b8        -       0x00000004   Zero   RW         7589    .bss                STemWin_CM4_wc16.a(WM__Private.o)
    0x200066bc        -       0x000000c0   Zero   RW         8187    GUI_ALLOC__Context  anon$$obj.o
    0x2000677c        -       0x00000004   Zero   RW         8208    GUI_DCACHE__pfClearCacheHook  anon$$obj.o
    0x20006780        -       0x00000001   Zero   RW         8188    GUI_DecChar         anon$$obj.o
    0x20006781   COMPRESSED   0x00000001   PAD
    0x20006782        -       0x00000002   Zero   RW         8189    GUI_OrgX            anon$$obj.o
    0x20006784        -       0x00000002   Zero   RW         8190    GUI_OrgY            anon$$obj.o
    0x20006786        -       0x00000001   Zero   RW         8204    GUI__IsInitialized  anon$$obj.o
    0x20006787        -       0x00000001   Zero   RW         8205    GUI__NumLayersInUse  anon$$obj.o
    0x20006788        -       0x00000001   Zero   RW         8203    GUI__PreserveTrans  anon$$obj.o
    0x20006789   COMPRESSED   0x00000003   PAD
    0x2000678c        -       0x00000008   Zero   RW         8194    GUI__apDevice       anon$$obj.o
    0x20006794        -       0x00000004   Zero   RW         8207    GUI_pLCD_APIList    anon$$obj.o
    0x20006798        -       0x00000004   Zero   RW         8198    GUI_pUC_API         anon$$obj.o
    0x2000679c        -       0x00000004   Zero   RW         8196    GUI_pfDispCharLine  anon$$obj.o
    0x200067a0        -       0x00000004   Zero   RW         8195    GUI_pfDispCharStyle  anon$$obj.o
    0x200067a4        -       0x00000004   Zero   RW         8213    LCD__aConvTable     anon$$obj.o
    0x200067a8        -       0x00000400   Zero   RW            1    STACK               startup_stm32f407xx.o
    0x20006ba8        -       0x00000004   Zero   RW         8220    WM_MULTIBUF__pAPI   anon$$obj.o
    0x20006bac        -       0x00000004   Zero   RW         8219    WM__CreateFlags     anon$$obj.o
    0x20006bb0        -       0x00000004   Zero   RW         8226    WM__FirstWin        anon$$obj.o
    0x20006bb4        -       0x00000004   Zero   RW         8229    WM__InvalidLayerMask  anon$$obj.o
    0x20006bb8        -       0x00000002   Zero   RW         8228    WM__NumInvalidWindows  anon$$obj.o
    0x20006bba        -       0x00000002   Zero   RW         8230    WM__NumWindows      anon$$obj.o
    0x20006bbc        -       0x00000001   Zero   RW         8233    WM__PaintCallbackCnt  anon$$obj.o
    0x20006bbd   COMPRESSED   0x00000003   PAD
    0x20006bc0        -       0x00000004   Zero   RW         8231    WM__TouchedLayer    anon$$obj.o
    0x20006bc4        -       0x00000004   Zero   RW         8217    WM__TransWindowCnt  anon$$obj.o
    0x20006bc8        -       0x00000008   Zero   RW         8234    WM__aBkColor        anon$$obj.o
    0x20006bd0        -       0x00000010   Zero   RW         8224    WM__aCHWinLast      anon$$obj.o
    0x20006be0        -       0x00000010   Zero   RW         8222    WM__aCHWinModal     anon$$obj.o
    0x20006bf0        -       0x00000010   Zero   RW         8225    WM__aCHWinMouseOver  anon$$obj.o
    0x20006c00        -       0x00000008   Zero   RW         8216    WM__ahCapture       anon$$obj.o
    0x20006c08        -       0x00000008   Zero   RW         8223    WM__ahDesktopWin    anon$$obj.o
    0x20006c10        -       0x00000008   Zero   RW         8215    WM__ahWinFocus      anon$$obj.o
    0x20006c18        -       0x00000004   Zero   RW         8218    WM__hATransWindow   anon$$obj.o
    0x20006c1c        -       0x00000004   Zero   RW         8227    WM__hCreateStatic   anon$$obj.o
    0x20006c20        -       0x00000004   Zero   RW         8221    WM__pExecGestures   anon$$obj.o
    0x20006c24        -       0x00000004   Zero   RW         8214    WM__pFirstCriticalHandle  anon$$obj.o


==============================================================================

Image component sizes


      Code (inc. data)   RO Data    RW Data    ZI Data      Debug   Object Name

       248         26          0          0      10240       2454   board.o
       604        144          0         28          0       4323   bsp.o
       128         12          0          4          0       1788   clock.o
       190         42         36          0          0       5389   components.o
       308         28          0          0          0        796   context_rvds.o
       644        342          0         16          0       4462   cpuport.o
        84         18          0          8          0       1507   crc.o
       540         48          0          0        160       3348   dcmi.o
       180         82        186          0          0       6190   device.o
       374        202          0          0          0       2280   dis_china_char.o
       120          6          0          0          0        826   dma.o
        86         14          0          0          0       1498   dwt_delay.o
       292          0          0          0          0       4328   fifo.o
       518         36          0          8        160       2554   fsmc.o
       676         32          0          0          0       1375   gpio.o
         2          0          0          0          0        449   gui_x.o
        28          8          0          0      10240        539   guiconf.o
       320         78         22          0       1168       5422   idle.o
       882        202        577          0          0      33384   ipc.o
       140         26          0          9          0       2226   irq.o
       480         30          0         96          0       5243   key.o
      1896        226         34         12        128      11050   kservice.o
       916        154          0          8          0      57522   lcd_ssd1963.o
       248         34          0          0          0       6884   lcdconf_flexcolor_template.o
       338         52          0          0          0     720756   main.o
        56          8        512          0          0       1172   mbcrc.o
      1828        664        295         32         32       5529   mem.o
       860        284        128        164          0      10558   object.o
      2130        424       5390          0          0      11659   ov5640.o
       240         58         66          4          0       2640   rs485.o
       192         16          0          0         32       1615   rtc.o
      1054        250         78         28        256      10058   scheduler.o
       682         10          0          0         20       8371   simulate_i2c.o
       448         38          0          0        176       2410   spi.o
        36          8        392          0       1024        840   startup_stm32f407xx.o
       172         32          0          9          0       8773   stm32f4xx_hal.o
       304         22          0          0          0      34491   stm32f4xx_hal_cortex.o
        32          0          0          0          0       1039   stm32f4xx_hal_crc.o
       212          6          0          0          0       4124   stm32f4xx_hal_dcmi.o
       146          0          0          0          0       1104   stm32f4xx_hal_dcmi_ex.o
      1244         16          8          0          0       5387   stm32f4xx_hal_dma.o
       544         46          0          0          0       2791   stm32f4xx_hal_gpio.o
        72          4          0          0          0        862   stm32f4xx_hal_msp.o
      1820         84          0          0          0       5636   stm32f4xx_hal_rcc.o
       416         20          0          0          0       1408   stm32f4xx_hal_rcc_ex.o
      1116         22          0          0          0       7346   stm32f4xx_hal_rtc.o
        36          0          0          0          0       1779   stm32f4xx_hal_rtc_ex.o
       200          0          0          0          0       1191   stm32f4xx_hal_spi.o
        88          0          0          0          0       1208   stm32f4xx_hal_sram.o
      2114         16          0          0          0      11760   stm32f4xx_hal_uart.o
       480         44          0          0          0     589001   stm32f4xx_it.o
       232         10          0          0          0       2731   stm32f4xx_ll_fsmc.o
        20          6         24          4          0       1139   system_stm32f4xx.o
      1472        410        258         12          0      15590   thread.o
      1554        490         92         20          0      22831   timer.o
         0          0       4952          0          0      55470   tn16.o
         0          0       1112          0          0      52878   tndz.o
       388        166          0          8       2340       5766   uart_device.o
       720         70          0          0        396       3798   usart.o

    ----------------------------------------------------------------------
     31194       5066      14204        476      26736    1779548   Object Totals
         0          0         32          0        357          0   (incl. Generated)
        44          0         10          6          7          0   (incl. Padding)

    ----------------------------------------------------------------------

      Code (inc. data)   RO Data    RW Data    ZI Data      Debug   Library Member Name

         0          0       4792          0          0          0   F24_ASCII.o
         0          0       1852          0          0          0   F6x8.o
       194          0         24          0          0          0   GUICC_0.o
       278         40         24          0          8          0   GUICC_M565.o
       110          4          0          0          0          0   GUIDEV.o
      2602         56        116          0          4          0   GUIDEV_16.o
        32          0          0          0          0          0   GUIDEV_GetDataPtr.o
        78          0          0          0          0          0   GUIDEV_Usage.o
      1996          8          0          0          0          0   GUIDEV_WriteToActiveOpaque.o
      1562        102        116          0         28          0   GUIDRV_FlexColor.o
      1694         72          0          0          0          0   GUIDRV_FlexColor_16bpp_C0B16.o
      1248         56          8          8          0          0   GUIDRV_FlexColor_Func66720.o
      1312         72          0          0         12          0   GUI_Alloc.o
        96         16          0          0          0          0   GUI_Char.o
       506         36          0          4          0          0   GUI_CharLine.o
       400          8          0          0          0          0   GUI_CharM.o
       338          8          0          0          0          0   GUI_CharP.o
       334          8          0          0          0          0   GUI_Circ.o
       420         28          0          7          0          0   GUI_Common.o
       784        120         23         16        168          0   GUI_Core.o
       332         24          0          0          0          0   GUI_Device.o
       296          8          0          0          0          0   GUI_DispString.o
        16          4          0          0         96          0   GUI_OnKey.o
        44          8          0          0          0          0   GUI_SelectLayer.o
        76          8          0          0          0          0   GUI_UC.o
        18          0         16          0          0          0   GUI_UC_EncodeNone.o
       216          8         16          0          0          0   GUI_UC_EncodeUTF8.o
        16          4          0          0          8          0   GUI_WaitEvent.o
       350          0          0          0          0          0   GUI__CompactPixelIndices.o
         0          0        880          0          0          0   GUI__DivTbl.o
       236          8          0          0         24          0   GUI__ManageCache.o
       244          0          0          8          0          0   GUI__Private.o
      1720        108         12          4          0          0   LCD.o
       336         48          0          4         12          0   LCD_Color.o
        32          8          0          0          0          0   LCD_GetColorIndex.o
       400         32          0          0          8          0   LCD_GetEx.o
        30          0          0          0          0          0   LCD_GetNumDisplays.o
         0          0        256          0          0          0   LCD_Mirror.o
        64          8          0          0          0          0   LCD_SelectLCD.o
       144          0          0          0          0          0   LCD_Set.o
        48          8          0          0          0          0   LCD_SetClipRectEx.o
        36          4          0          0          0          0   LCD_UpdateColorIndices.o
      3226        236          0          0         48          0   WM.o
       218          8          0          0          0          0   WM_Lib.o
       166          8          0          0          4          0   WM__Private.o
        86          0          0          0          0          0   __dczerorl2.o
         0          0          0          0          0          0   entry.o
         0          0          0          0          0          0   entry10a.o
         0          0          0          0          0          0   entry11a.o
         4          0          0          0          0          0   entry12b.o
         8          4          0          0          0          0   entry2.o
         4          0          0          0          0          0   entry5.o
         0          0          0          0          0          0   entry7b.o
         0          0          0          0          0          0   entry8b.o
         8          4          0          0          0          0   entry9a.o
        30          0          0          0          0          0   handlers.o
        36          8          0          0          0         68   init.o
         0          0          0          0          0          0   iusefp.o
        30          0          0          0          0         68   llshl.o
        36          0          0          0          0         68   llsshr.o
        32          0          0          0          0         68   llushr.o
        66          0          0          0          0         76   memmove.o
        36          0          0          0          0        108   memseta.o
      2268         96          0          0          0        616   printfa.o
         0          0          0          4          0          0   stdout.o
        44          0          0          0          0         80   uidiv.o
        98          0          0          0          0         92   uldiv.o
        48          0          0          0          0         68   cdrcmple.o
       334          0          0          0          0        148   dadd.o
       222          0          0          0          0        100   ddiv.o
       186          0          0          0          0        176   depilogue.o
        50          0          0          0          0         76   dfixui.o
        48          0          0          0          0         68   dfixul.o
        26          0          0          0          0         76   dfltui.o
       228          0          0          0          0         96   dmul.o
        38          0          0          0          0         68   f2d.o

    ----------------------------------------------------------------------
     26274       1286       8136         56        420       2120   Library Totals
        60          0          1          1          0          0   (incl. Padding)

    ----------------------------------------------------------------------

      Code (inc. data)   RO Data    RW Data    ZI Data      Debug   Library Name

     22248       1174       8135         51        420          0   STemWin_CM4_wc16.a
      2786        112          0          4          0       1244   mc_w.l
      1180          0          0          0          0        876   mf_w.l

    ----------------------------------------------------------------------
     26274       1286       8136         56        420       2120   Library Totals

    ----------------------------------------------------------------------

==============================================================================


      Code (inc. data)   RO Data    RW Data    ZI Data      Debug   

     57468       6352      22340        532      27156    1753160   Grand Totals
     57468       6352      22340        172      27156    1753160   ELF Image Totals (compressed)
     57468       6352      22340        172          0          0   ROM Totals

==============================================================================

    Total RO  Size (Code + RO Data)                79808 (  77.94kB)
    Total RW  Size (RW Data + ZI Data)             27688 (  27.04kB)
    Total ROM Size (Code + RO Data + RW Data)      79980 (  78.11kB)

==============================================================================

