<!doctype html public "-//w3c//dtd html 4.0 transitional//en">
<html><head>
<title>Static Call Graph - [DCMI\DCMI.axf]</title></head>
<body><HR>
<H1>Static Call Graph for image DCMI\DCMI.axf</H1><HR>
<BR><P>#&#060CALLGRAPH&#062# ARM Linker, 5060960: Last Updated: Sun Aug 01 22:11:38 2021
<BR><P>
<H3>Maximum Stack Usage =        444 bytes + Unknown(Functions without stacksize, Cycles, Untraceable Function Pointers)</H3><H3>
Call chain for Maximum Stack Depth:</H3>
main &rArr; rtthread_startup &rArr; rt_thread_idle_init &rArr; rt_thread_init &rArr; _rt_thread_init &rArr; rt_timer_init &rArr; rt_object_init &rArr; rt_exit_critical &rArr; rt_schedule &rArr; _rt_scheduler_stack_check &rArr; rt_kprintf &rArr; rt_vsnprintf &rArr; print_number
<P>
<H3>
Functions with no stack information
</H3><UL>
 <LI><a href="#[fc]">GL_DrawCircle</a>
 <LI><a href="#[fe]">GUIDRV_FlexColor_Config</a>
 <LI><a href="#[100]">GUIDRV_FlexColor_SetFunc</a>
 <LI><a href="#[95]">GUIDRV_FlexColor_SetFunc66720</a>
 <LI><a href="#[94]">GUIDRV_FlexColor_SetMode16bppC0B16</a>
 <LI><a href="#[74]">GUIDRV_FlexColor__GetPixelIndexNoCache</a>
 <LI><a href="#[ff]">GUIDRV_FlexColor__InitOnce</a>
 <LI><a href="#[78]">GUIDRV_FlexColor__SetLog2Phys</a>
 <LI><a href="#[75]">GUIDRV_FlexColor__SetPixelIndexNoCache</a>
 <LI><a href="#[ca]">GUIMONO_DispChar</a>
 <LI><a href="#[cb]">GUIMONO_GetCharDistX</a>
 <LI><a href="#[cc]">GUIMONO_GetFontInfo</a>
 <LI><a href="#[cd]">GUIMONO_IsInFont</a>
 <LI><a href="#[9f]">GUIPROP_DispChar</a>
 <LI><a href="#[a0]">GUIPROP_GetCharDistX</a>
 <LI><a href="#[a1]">GUIPROP_GetFontInfo</a>
 <LI><a href="#[a2]">GUIPROP_IsInFont</a>
 <LI><a href="#[105]">GUIPROP__FindChar</a>
 <LI><a href="#[109]">GUI_ALLOC_AllocNoInit</a>
 <LI><a href="#[10b]">GUI_ALLOC_AllocZero</a>
 <LI><a href="#[1ba]">GUI_ALLOC_AssignMemory</a>
 <LI><a href="#[10e]">GUI_ALLOC_Free</a>
 <LI><a href="#[11e]">GUI_ALLOC_FreeFixedBlock</a>
 <LI><a href="#[101]">GUI_ALLOC_GetFixedBlock</a>
 <LI><a href="#[10c]">GUI_ALLOC_LockH</a>
 <LI><a href="#[10d]">GUI_ALLOC_UnlockH</a>
 <LI><a href="#[114]">GUI_ALLOC_h2p</a>
 <LI><a href="#[191]">GUI_CalcColorDist</a>
 <LI><a href="#[115]">GUI_Clear</a>
 <LI><a href="#[117]">GUI_ClearRect</a>
 <LI><a href="#[11a]">GUI_DEVICE_Create</a>
 <LI><a href="#[11b]">GUI_DEVICE_CreateAndLink</a>
 <LI><a href="#[11d]">GUI_DEVICE_Delete</a>
 <LI><a href="#[11c]">GUI_DEVICE_Link</a>
 <LI><a href="#[165]">GUI_DEVICE_Unlink</a>
 <LI><a href="#[147]">GUI_DEVICE__GetpDriver</a>
 <LI><a href="#[11f]">GUI_DispString</a>
 <LI><a href="#[126]">GUI_DispStringAt</a>
 <LI><a href="#[127]">GUI_DrawCircle</a>
 <LI><a href="#[13d]">GUI_GetBitsPerPixelEx</a>
 <LI><a href="#[107]">GUI_GetBkColor</a>
 <LI><a href="#[153]">GUI_GetCharDistX</a>
 <LI><a href="#[155]">GUI_GetCharDistXEx</a>
 <LI><a href="#[106]">GUI_GetColor</a>
 <LI><a href="#[120]">GUI_GetFontDistY</a>
 <LI><a href="#[14d]">GUI_GetVersionString</a>
 <LI><a href="#[121]">GUI_GetYAdjust</a>
 <LI><a href="#[13f]">GUI_GetpfColor2IndexEx</a>
 <LI><a href="#[13e]">GUI_GetpfIndex2ColorEx</a>
 <LI><a href="#[116]">GUI_GotoXY</a>
 <LI><a href="#[12b]">GUI_Init</a>
 <LI><a href="#[137]">GUI_MEMDEV_Delete</a>
 <LI><a href="#[13a]">GUI_MEMDEV_GetBitsPerPixel</a>
 <LI><a href="#[13c]">GUI_MEMDEV_GetDataPtr</a>
 <LI><a href="#[84]">GUI_MEMDEV__WriteToActiveOpaque</a>
 <LI><a href="#[19a]">GUI_MergeRect</a>
 <LI><a href="#[188]">GUI_MoveRect</a>
 <LI><a href="#[193]">GUI_RectsIntersect</a>
 <LI><a href="#[138]">GUI_SelectLCD</a>
 <LI><a href="#[146]">GUI_SelectLayer</a>
 <LI><a href="#[148]">GUI_SetBkColor</a>
 <LI><a href="#[108]">GUI_SetColor</a>
 <LI><a href="#[1bb]">GUI_SetDefaultFont</a>
 <LI><a href="#[1b5]">GUI_SetFont</a>
 <LI><a href="#[135]">GUI_SetOrg</a>
 <LI><a href="#[14c]">GUI_SignalEvent</a>
 <LI><a href="#[14b]">GUI_StoreKey</a>
 <LI><a href="#[1b4]">GUI_UC_SetEncodeUTF8</a>
 <LI><a href="#[152]">GUI_UC__GetCharCodeInc</a>
 <LI><a href="#[125]">GUI_UC__NumChars2NumBytes</a>
 <LI><a href="#[194]">GUI_USAGE_AddRect</a>
 <LI><a href="#[139]">GUI_USAGE_DecUseCnt</a>
 <LI><a href="#[192]">GUI__CompactPixelIndices</a>
 <LI><a href="#[12c]">GUI__Config</a>
 <LI><a href="#[124]">GUI__DispLine</a>
 <LI><a href="#[123]">GUI__GetLineDistX</a>
 <LI><a href="#[122]">GUI__GetLineNumChars</a>
 <LI><a href="#[154]">GUI__GetOverlap</a>
 <LI><a href="#[17f]">GUI__IntersectRect</a>
 <LI><a href="#[168]">GUI__IntersectRects</a>
 <LI><a href="#[156]">GUI__ManageCache</a>
 <LI><a href="#[157]">GUI__ManageCacheEx</a>
 <LI><a href="#[150]">GUI__RegisterExit</a>
 <LI><a href="#[196]">GUI__memset16</a>
 <LI><a href="#[161]">LCD_Color2Index</a>
 <LI><a href="#[103]">LCD_DrawBitmap</a>
 <LI><a href="#[a8]">LCD_DrawHLine</a>
 <LI><a href="#[a9]">LCD_DrawPixel</a>
 <LI><a href="#[104]">LCD_FillRect</a>
 <LI><a href="#[158]">LCD_GetBitsPerPixelEx</a>
 <LI><a href="#[128]">LCD_GetBkColorIndex</a>
 <LI><a href="#[12a]">LCD_GetColorIndex</a>
 <LI><a href="#[15a]">LCD_GetNumColors</a>
 <LI><a href="#[15b]">LCD_GetNumColorsEx</a>
 <LI><a href="#[15c]">LCD_GetNumLayers</a>
 <LI><a href="#[15d]">LCD_GetPalette</a>
 <LI><a href="#[15e]">LCD_GetPaletteEx</a>
 <LI><a href="#[130]">LCD_GetXSizeDisplay</a>
 <LI><a href="#[132]">LCD_GetXSizeMax</a>
 <LI><a href="#[131]">LCD_GetYSizeDisplay</a>
 <LI><a href="#[133]">LCD_GetYSizeMax</a>
 <LI><a href="#[6]">LCD_GetpPalConvTableBM</a>
 <LI><a href="#[160]">LCD_GetpPalConvTableUncached</a>
 <LI><a href="#[129]">LCD_Index2Color</a>
 <LI><a href="#[a4]">LCD_Index2Color_M565</a>
 <LI><a href="#[162]">LCD_InitColors</a>
 <LI><a href="#[163]">LCD_InitLUT</a>
 <LI><a href="#[143]">LCD_SelectLCD</a>
 <LI><a href="#[149]">LCD_SetBkColor</a>
 <LI><a href="#[16c]">LCD_SetBkColorIndex</a>
 <LI><a href="#[167]">LCD_SetClipRectEx</a>
 <LI><a href="#[166]">LCD_SetClipRectMax</a>
 <LI><a href="#[14a]">LCD_SetColor</a>
 <LI><a href="#[16b]">LCD_SetColorIndex</a>
 <LI><a href="#[134]">LCD_SetDisplaySize</a>
 <LI><a href="#[102]">LCD_SetDrawMode</a>
 <LI><a href="#[164]">LCD_SetLUTEntryEx</a>
 <LI><a href="#[169]">LCD_SetSizeEx</a>
 <LI><a href="#[16a]">LCD_SetVSizeEx</a>
 <LI><a href="#[144]">LCD_UpdateColorIndices</a>
 <LI><a href="#[142]">LCD__DrawBitmap_1bpp</a>
 <LI><a href="#[16d]">LCD__GetBPP</a>
 <LI><a href="#[13b]">LCD__GetBPPDevice</a>
 <LI><a href="#[145]">WM_Activate</a>
 <LI><a href="#[16e]">WM_BringToBottom</a>
 <LI><a href="#[172]">WM_CreateWindowAsChild</a>
 <LI><a href="#[177]">WM_DefaultProc</a>
 <LI><a href="#[198]">WM_GetDesktopWindow</a>
 <LI><a href="#[17a]">WM_GetFirstChild</a>
 <LI><a href="#[170]">WM_GetParent</a>
 <LI><a href="#[136]">WM_Init</a>
 <LI><a href="#[17c]">WM_InvalidateRect</a>
 <LI><a href="#[175]">WM_InvalidateWindow</a>
 <LI><a href="#[182]">WM_InvalidateWindowAndDescsEx</a>
 <LI><a href="#[174]">WM_SelectWindow</a>
 <LI><a href="#[179]">WM_SendToParent</a>
 <LI><a href="#[186]">WM__ActivateClipRect</a>
 <LI><a href="#[17b]">WM__AddCriticalHandle</a>
 <LI><a href="#[17e]">WM__Client2Screen</a>
 <LI><a href="#[180]">WM__ClipAtParentBorders</a>
 <LI><a href="#[178]">WM__GetClientRectEx</a>
 <LI><a href="#[189]">WM__GetClientRectWin</a>
 <LI><a href="#[18a]">WM__GetFirstSibling</a>
 <LI><a href="#[119]">WM__GetNextIVR</a>
 <LI><a href="#[16f]">WM__GetPrevSibling</a>
 <LI><a href="#[18e]">WM__GetTopLevelLayer</a>
 <LI><a href="#[118]">WM__InitIVRSearch</a>
 <LI><a href="#[173]">WM__InsertWindowIntoList</a>
 <LI><a href="#[181]">WM__Invalidate1Abs</a>
 <LI><a href="#[17d]">WM__InvalidateDrawAndDescs</a>
 <LI><a href="#[18f]">WM__InvalidateRect</a>
 <LI><a href="#[171]">WM__InvalidateRectEx</a>
 <LI><a href="#[199]">WM__RectIsNZ</a>
 <LI><a href="#[184]">WM__SelectTopLevelLayer</a>
 <LI><a href="#[185]">WM__SendMessage</a>
 <LI><a href="#[176]">WM__SendMsgNoData</a>
 <LI><a href="#[12f]">emWin_LCD_Init</a>
 <LI><a href="#[a3]">_Color2Index_M565</a>
 <LI><a href="#[a5]">_GetIndexMask_M565</a>
 <LI><a href="#[a6]">_Color2IndexBulk</a>
 <LI><a href="#[a7]">_Index2ColorBulk</a>
 <LI><a href="#[110]">_PushFreeBlock</a>
 <LI><a href="#[113]">_RemoveFreeBlock</a>
 <LI><a href="#[10f]">_AddFreeMemory</a>
 <LI><a href="#[112]">_RemoveHoles</a>
 <LI><a href="#[190]">_EnlargeBlocks</a>
 <LI><a href="#[10a]">_Alloc</a>
 <LI><a href="#[111]">_InitOnce</a>
 <LI><a href="#[fd]">Draw8Point</a>
 <LI><a href="#[12e]">_InitContext</a>
 <LI><a href="#[79]">_OnExit</a>
 <LI><a href="#[aa]">_GetCharCode</a>
 <LI><a href="#[ab]">_GetCharSize</a>
 <LI><a href="#[ac]">_CalcSizeOfChar</a>
 <LI><a href="#[ad]">_Encode</a>
 <LI><a href="#[159]">_GetDevProp</a>
 <LI><a href="#[15f]">_GetMaxValue</a>
 <LI><a href="#[b7]">_Log2PhysY_X1Y0S0</a>
 <LI><a href="#[b9]">_Log2PhysY_X1Y1S0</a>
 <LI><a href="#[bb]">_Log2PhysY_X1Y0S1</a>
 <LI><a href="#[bd]">_Log2PhysY_X1Y1S1</a>
 <LI><a href="#[c3]">_SetPixelIndex</a>
 <LI><a href="#[c2]">_GetPixelIndex</a>
 <LI><a href="#[c4]">_XorPixel</a>
 <LI><a href="#[bf]">_DrawHLine</a>
 <LI><a href="#[c0]">_DrawVLine</a>
 <LI><a href="#[c1]">_FillRect</a>
 <LI><a href="#[be]">_DrawBitmap</a>
 <LI><a href="#[85]">_GetDevFunc_SetRect</a>
 <LI><a href="#[82]">_GetDevFunc_SetRectOutside</a>
 <LI><a href="#[86]">_ReadPixelCust_16bpp</a>
 <LI><a href="#[87]">_ReadPixelCust_18bpp</a>
 <LI><a href="#[88]">_ReadRectCust_16bpp</a>
 <LI><a href="#[89]">_ReadRectCust_18bpp</a>
 <LI><a href="#[c6]">_GetDevFunc</a>
 <LI><a href="#[7d]">_GetDevFunc_Off</a>
 <LI><a href="#[7e]">_GetDevFunc_SetVSize</a>
 <LI><a href="#[7f]">_GetDevFunc_SetSize</a>
 <LI><a href="#[80]">_GetDevFunc_Init</a>
 <LI><a href="#[81]">_SetDevFunc</a>
 <LI><a href="#[83]">_GetDevFunc_On</a>
 <LI><a href="#[c7]">_GetDevProp</a>
 <LI><a href="#[c8]">_GetDevData</a>
 <LI><a href="#[c9]">_GetRect</a>
 <LI><a href="#[c5]">_SetOrg</a>
 <LI><a href="#[ba]">_Log2PhysY_X0Y0S1</a>
 <LI><a href="#[ae]">_Log2PhysX_X0Y0S0</a>
 <LI><a href="#[b0]">_Log2PhysX_X0Y1S0</a>
 <LI><a href="#[b2]">_Log2PhysX_X0Y0S1</a>
 <LI><a href="#[b4]">_Log2PhysX_X0Y1S1</a>
 <LI><a href="#[b6]">_Log2PhysY_X0Y0S0</a>
 <LI><a href="#[b8]">_Log2PhysY_X0Y1S0</a>
 <LI><a href="#[af]">_Log2PhysX_X1Y0S0</a>
 <LI><a href="#[b1]">_Log2PhysX_X1Y1S0</a>
 <LI><a href="#[b3]">_Log2PhysX_X1Y0S1</a>
 <LI><a href="#[b5]">_Log2PhysX_X1Y1S1</a>
 <LI><a href="#[bc]">_Log2PhysY_X0Y1S1</a>
 <LI><a href="#[76]">_ReadData</a>
 <LI><a href="#[77]">_WriteData</a>
 <LI><a href="#[73]">_FillRect</a>
 <LI><a href="#[72]">_DrawBitmap</a>
 <LI><a href="#[6a]">_SetPhysRAMAddr</a>
 <LI><a href="#[6b]">_SetRect</a>
 <LI><a href="#[6c]">_SetOrientation</a>
 <LI><a href="#[6d]">_ReadPixel_16bpp_B8</a>
 <LI><a href="#[6f]">_ReadPixel_32bpp_B8</a>
 <LI><a href="#[7]">_ReadPixel_16bpp_B16_I</a>
 <LI><a href="#[8a]">_SetReg_B8</a>
 <LI><a href="#[8c]">_SetReg_B16</a>
 <LI><a href="#[8b]">_WritePara_B8</a>
 <LI><a href="#[8d]">_WritePara_B16</a>
 <LI><a href="#[71]">_SetInterface</a>
 <LI><a href="#[6e]">_ReadRect_32bpp_B8</a>
 <LI><a href="#[70]">_ReadRect_16bpp_B8</a>
 <LI><a href="#[8]">_ReadRect_16bpp_B16_I</a>
 <LI><a href="#[d8]">_GetDevData</a>
 <LI><a href="#[d6]">_GetDevFunc</a>
 <LI><a href="#[d5]">_SetOrg</a>
 <LI><a href="#[d9]">_GetRect</a>
 <LI><a href="#[195]">_XY2PTR</a>
 <LI><a href="#[d2]">_GetPixelIndex</a>
 <LI><a href="#[d4]">_XorPixel</a>
 <LI><a href="#[d3]">_SetPixelIndex</a>
 <LI><a href="#[d0]">_DrawVLine</a>
 <LI><a href="#[d1]">_FillRect</a>
 <LI><a href="#[cf]">_DrawHLine</a>
 <LI><a href="#[ce]">_DrawBitmap</a>
 <LI><a href="#[d7]">_GetDevProp</a>
 <LI><a href="#[9]">_Log2VisBuffered</a>
 <LI><a href="#[151]">_DispLine</a>
 <LI><a href="#[da]">_GetCharCode</a>
 <LI><a href="#[db]">_GetCharSize</a>
 <LI><a href="#[dc]">_CalcSizeOfChar</a>
 <LI><a href="#[dd]">_Encode</a>
 <LI><a href="#[e0]">_SetDrawMode</a>
 <LI><a href="#[de]">_SetColor</a>
 <LI><a href="#[df]">_SetBkColor</a>
 <LI><a href="#[7a]">_OnExit</a>
 <LI><a href="#[140]">_Convert16</a>
 <LI><a href="#[141]">_Convert8</a>
 <LI><a href="#[7c]">_OnExit</a>
 <LI><a href="#[18b]">_Findy1</a>
 <LI><a href="#[18c]">_Findx0</a>
 <LI><a href="#[18d]">_Findx1</a>
 <LI><a href="#[187]">_SetClipRectUserIntersect</a>
 <LI><a href="#[183]">_Invalidate1Abs</a>
 <LI><a href="#[7b]">_cbBackWin</a>
 <LI><a href="#[e3]">_GetIndexMask_0</a>
 <LI><a href="#[e2]">_Index2Color_0</a>
 <LI><a href="#[e1]">_Color2Index_0</a>
</UL>
</UL>
<P>
<H3>
Mutually Recursive functions
</H3> <LI><a href="#[28]">ADC_IRQHandler</a>&nbsp;&nbsp;&nbsp;&rArr;&nbsp;&nbsp;&nbsp;<a href="#[28]">ADC_IRQHandler</a><BR>
 <LI><a href="#[24e]">rt_assert_handler</a>&nbsp;&nbsp;&nbsp;&rArr;&nbsp;&nbsp;&nbsp;<a href="#[24f]">rt_kprintf</a><BR>
 <LI><a href="#[10a]">_Alloc</a>&nbsp;&nbsp;&nbsp;&rArr;&nbsp;&nbsp;&nbsp;<a href="#[111]">_InitOnce</a><BR>
 <LI><a href="#[105]">GUIPROP__FindChar</a>&nbsp;&nbsp;&nbsp;&rArr;&nbsp;&nbsp;&nbsp;<a href="#[105]">GUIPROP__FindChar</a><BR>
 <LI><a href="#[18f]">WM__InvalidateRect</a>&nbsp;&nbsp;&nbsp;&rArr;&nbsp;&nbsp;&nbsp;<a href="#[18f]">WM__InvalidateRect</a><BR>
 <LI><a href="#[182]">WM_InvalidateWindowAndDescsEx</a>&nbsp;&nbsp;&nbsp;&rArr;&nbsp;&nbsp;&nbsp;<a href="#[182]">WM_InvalidateWindowAndDescsEx</a><BR>
 <LI><a href="#[17d]">WM__InvalidateDrawAndDescs</a>&nbsp;&nbsp;&nbsp;&rArr;&nbsp;&nbsp;&nbsp;<a href="#[17d]">WM__InvalidateDrawAndDescs</a><BR>
 <LI><a href="#[179]">WM_SendToParent</a>&nbsp;&nbsp;&nbsp;&rArr;&nbsp;&nbsp;&nbsp;<a href="#[185]">WM__SendMessage</a><BR>
 <LI><a href="#[18d]">_Findx1</a>&nbsp;&nbsp;&nbsp;&rArr;&nbsp;&nbsp;&nbsp;<a href="#[18d]">_Findx1</a><BR>
 <LI><a href="#[18c]">_Findx0</a>&nbsp;&nbsp;&nbsp;&rArr;&nbsp;&nbsp;&nbsp;<a href="#[18c]">_Findx0</a><BR>
 <LI><a href="#[18b]">_Findy1</a>&nbsp;&nbsp;&nbsp;&rArr;&nbsp;&nbsp;&nbsp;<a href="#[18b]">_Findy1</a><BR>
</UL>
<P>
<H3>
Function Pointers
</H3><UL>
 <LI><a href="#[28]">ADC_IRQHandler</a> from startup_stm32f407xx.o(.text) referenced from startup_stm32f407xx.o(RESET)
 <LI><a href="#[10]">BusFault_Handler</a> from stm32f4xx_it.o(i.BusFault_Handler) referenced from startup_stm32f407xx.o(RESET)
 <LI><a href="#[2a]">CAN1_RX0_IRQHandler</a> from startup_stm32f407xx.o(.text) referenced from startup_stm32f407xx.o(RESET)
 <LI><a href="#[2b]">CAN1_RX1_IRQHandler</a> from startup_stm32f407xx.o(.text) referenced from startup_stm32f407xx.o(RESET)
 <LI><a href="#[2c]">CAN1_SCE_IRQHandler</a> from startup_stm32f407xx.o(.text) referenced from startup_stm32f407xx.o(RESET)
 <LI><a href="#[29]">CAN1_TX_IRQHandler</a> from startup_stm32f407xx.o(.text) referenced from startup_stm32f407xx.o(RESET)
 <LI><a href="#[56]">CAN2_RX0_IRQHandler</a> from startup_stm32f407xx.o(.text) referenced from startup_stm32f407xx.o(RESET)
 <LI><a href="#[57]">CAN2_RX1_IRQHandler</a> from startup_stm32f407xx.o(.text) referenced from startup_stm32f407xx.o(RESET)
 <LI><a href="#[58]">CAN2_SCE_IRQHandler</a> from startup_stm32f407xx.o(.text) referenced from startup_stm32f407xx.o(RESET)
 <LI><a href="#[55]">CAN2_TX_IRQHandler</a> from startup_stm32f407xx.o(.text) referenced from startup_stm32f407xx.o(RESET)
 <LI><a href="#[8e]">DCMI_DMAError</a> from stm32f4xx_hal_dcmi.o(i.DCMI_DMAError) referenced from stm32f4xx_hal_dcmi.o(i.HAL_DCMI_IRQHandler)
 <LI><a href="#[64]">DCMI_IRQHandler</a> from stm32f4xx_it.o(i.DCMI_IRQHandler) referenced from startup_stm32f407xx.o(RESET)
 <LI><a href="#[21]">DMA1_Stream0_IRQHandler</a> from startup_stm32f407xx.o(.text) referenced from startup_stm32f407xx.o(RESET)
 <LI><a href="#[22]">DMA1_Stream1_IRQHandler</a> from stm32f4xx_it.o(i.DMA1_Stream1_IRQHandler) referenced from startup_stm32f407xx.o(RESET)
 <LI><a href="#[23]">DMA1_Stream2_IRQHandler</a> from startup_stm32f407xx.o(.text) referenced from startup_stm32f407xx.o(RESET)
 <LI><a href="#[24]">DMA1_Stream3_IRQHandler</a> from stm32f4xx_it.o(i.DMA1_Stream3_IRQHandler) referenced from startup_stm32f407xx.o(RESET)
 <LI><a href="#[25]">DMA1_Stream4_IRQHandler</a> from startup_stm32f407xx.o(.text) referenced from startup_stm32f407xx.o(RESET)
 <LI><a href="#[26]">DMA1_Stream5_IRQHandler</a> from startup_stm32f407xx.o(.text) referenced from startup_stm32f407xx.o(RESET)
 <LI><a href="#[27]">DMA1_Stream6_IRQHandler</a> from startup_stm32f407xx.o(.text) referenced from startup_stm32f407xx.o(RESET)
 <LI><a href="#[45]">DMA1_Stream7_IRQHandler</a> from startup_stm32f407xx.o(.text) referenced from startup_stm32f407xx.o(RESET)
 <LI><a href="#[4e]">DMA2_Stream0_IRQHandler</a> from startup_stm32f407xx.o(.text) referenced from startup_stm32f407xx.o(RESET)
 <LI><a href="#[4f]">DMA2_Stream1_IRQHandler</a> from stm32f4xx_it.o(i.DMA2_Stream1_IRQHandler) referenced from startup_stm32f407xx.o(RESET)
 <LI><a href="#[50]">DMA2_Stream2_IRQHandler</a> from startup_stm32f407xx.o(.text) referenced from startup_stm32f407xx.o(RESET)
 <LI><a href="#[51]">DMA2_Stream3_IRQHandler</a> from startup_stm32f407xx.o(.text) referenced from startup_stm32f407xx.o(RESET)
 <LI><a href="#[52]">DMA2_Stream4_IRQHandler</a> from startup_stm32f407xx.o(.text) referenced from startup_stm32f407xx.o(RESET)
 <LI><a href="#[5a]">DMA2_Stream5_IRQHandler</a> from startup_stm32f407xx.o(.text) referenced from startup_stm32f407xx.o(RESET)
 <LI><a href="#[5b]">DMA2_Stream6_IRQHandler</a> from startup_stm32f407xx.o(.text) referenced from startup_stm32f407xx.o(RESET)
 <LI><a href="#[5c]">DMA2_Stream7_IRQHandler</a> from startup_stm32f407xx.o(.text) referenced from startup_stm32f407xx.o(RESET)
 <LI><a href="#[13]">DebugMon_Handler</a> from stm32f4xx_it.o(i.DebugMon_Handler) referenced from startup_stm32f407xx.o(RESET)
 <LI><a href="#[53]">ETH_IRQHandler</a> from startup_stm32f407xx.o(.text) referenced from startup_stm32f407xx.o(RESET)
 <LI><a href="#[54]">ETH_WKUP_IRQHandler</a> from startup_stm32f407xx.o(.text) referenced from startup_stm32f407xx.o(RESET)
 <LI><a href="#[1c]">EXTI0_IRQHandler</a> from startup_stm32f407xx.o(.text) referenced from startup_stm32f407xx.o(RESET)
 <LI><a href="#[3e]">EXTI15_10_IRQHandler</a> from startup_stm32f407xx.o(.text) referenced from startup_stm32f407xx.o(RESET)
 <LI><a href="#[1d]">EXTI1_IRQHandler</a> from startup_stm32f407xx.o(.text) referenced from startup_stm32f407xx.o(RESET)
 <LI><a href="#[1e]">EXTI2_IRQHandler</a> from startup_stm32f407xx.o(.text) referenced from startup_stm32f407xx.o(RESET)
 <LI><a href="#[1f]">EXTI3_IRQHandler</a> from startup_stm32f407xx.o(.text) referenced from startup_stm32f407xx.o(RESET)
 <LI><a href="#[20]">EXTI4_IRQHandler</a> from startup_stm32f407xx.o(.text) referenced from startup_stm32f407xx.o(RESET)
 <LI><a href="#[2d]">EXTI9_5_IRQHandler</a> from startup_stm32f407xx.o(.text) referenced from startup_stm32f407xx.o(RESET)
 <LI><a href="#[1a]">FLASH_IRQHandler</a> from startup_stm32f407xx.o(.text) referenced from startup_stm32f407xx.o(RESET)
 <LI><a href="#[46]">FMC_IRQHandler</a> from startup_stm32f407xx.o(.text) referenced from startup_stm32f407xx.o(RESET)
 <LI><a href="#[66]">FPU_IRQHandler</a> from startup_stm32f407xx.o(.text) referenced from startup_stm32f407xx.o(RESET)
 <LI><a href="#[97]">FifoLock</a> from uart_device.o(i.FifoLock) referenced from uart_device.o(i.Uart1DeviceInit)
 <LI><a href="#[96]">FifoUnlock</a> from uart_device.o(i.FifoUnlock) referenced from uart_device.o(i.Uart1DeviceInit)
 <LI><a href="#[95]">GUIDRV_FlexColor_SetFunc66720</a> from GUIDRV_FlexColor_Func66720.o(.text.GUIDRV_FlexColor_SetFunc66720) referenced from lcdconf_flexcolor_template.o(i.LCD_X_Config)
 <LI><a href="#[94]">GUIDRV_FlexColor_SetMode16bppC0B16</a> from GUIDRV_FlexColor_16bpp_C0B16.o(.text.GUIDRV_FlexColor_SetMode16bppC0B16) referenced from lcdconf_flexcolor_template.o(i.LCD_X_Config)
 <LI><a href="#[74]">GUIDRV_FlexColor__GetPixelIndexNoCache</a> from GUIDRV_FlexColor.o(.text.GUIDRV_FlexColor__GetPixelIndexNoCache) referenced from GUIDRV_FlexColor_16bpp_C0B16.o(.text.GUIDRV_FlexColor_SetMode16bppC0B16)
 <LI><a href="#[78]">GUIDRV_FlexColor__SetLog2Phys</a> from GUIDRV_FlexColor.o(.text.GUIDRV_FlexColor__SetLog2Phys) referenced from GUIDRV_FlexColor.o(.text.GUIDRV_FlexColor__InitOnce)
 <LI><a href="#[75]">GUIDRV_FlexColor__SetPixelIndexNoCache</a> from GUIDRV_FlexColor.o(.text.GUIDRV_FlexColor__SetPixelIndexNoCache) referenced from GUIDRV_FlexColor_16bpp_C0B16.o(.text.GUIDRV_FlexColor_SetMode16bppC0B16)
 <LI><a href="#[ca]">GUIMONO_DispChar</a> from GUI_CharM.o(.text.GUIMONO_DispChar) referenced 2 times from F6x8.o(.rodata)
 <LI><a href="#[cb]">GUIMONO_GetCharDistX</a> from GUI_CharM.o(.text.GUIMONO_GetCharDistX) referenced 2 times from F6x8.o(.rodata)
 <LI><a href="#[cc]">GUIMONO_GetFontInfo</a> from GUI_CharM.o(.text.GUIMONO_GetFontInfo) referenced 2 times from F6x8.o(.rodata)
 <LI><a href="#[cd]">GUIMONO_IsInFont</a> from GUI_CharM.o(.text.GUIMONO_IsInFont) referenced 2 times from F6x8.o(.rodata)
 <LI><a href="#[9f]">GUIPROP_DispChar</a> from GUI_CharP.o(.text.GUIPROP_DispChar) referenced 2 times from tn16.o(.constdata)
 <LI><a href="#[9f]">GUIPROP_DispChar</a> from GUI_CharP.o(.text.GUIPROP_DispChar) referenced from F24_ASCII.o(.rodata)
 <LI><a href="#[a0]">GUIPROP_GetCharDistX</a> from GUI_CharP.o(.text.GUIPROP_GetCharDistX) referenced 2 times from tn16.o(.constdata)
 <LI><a href="#[a0]">GUIPROP_GetCharDistX</a> from GUI_CharP.o(.text.GUIPROP_GetCharDistX) referenced from F24_ASCII.o(.rodata)
 <LI><a href="#[a1]">GUIPROP_GetFontInfo</a> from GUI_CharP.o(.text.GUIPROP_GetFontInfo) referenced 2 times from tn16.o(.constdata)
 <LI><a href="#[a1]">GUIPROP_GetFontInfo</a> from GUI_CharP.o(.text.GUIPROP_GetFontInfo) referenced from F24_ASCII.o(.rodata)
 <LI><a href="#[a2]">GUIPROP_IsInFont</a> from GUI_CharP.o(.text.GUIPROP_IsInFont) referenced 2 times from tn16.o(.constdata)
 <LI><a href="#[a2]">GUIPROP_IsInFont</a> from GUI_CharP.o(.text.GUIPROP_IsInFont) referenced from F24_ASCII.o(.rodata)
 <LI><a href="#[84]">GUI_MEMDEV__WriteToActiveOpaque</a> from GUIDEV_WriteToActiveOpaque.o(.text.GUI_MEMDEV__WriteToActiveOpaque) referenced from GUIDEV_16.o(.text._GetDevFunc)
 <LI><a href="#[65]">HASH_RNG_IRQHandler</a> from startup_stm32f407xx.o(.text) referenced from startup_stm32f407xx.o(RESET)
 <LI><a href="#[e]">HardFault_Handler</a> from context_rvds.o(.text) referenced from startup_stm32f407xx.o(RESET)
 <LI><a href="#[36]">I2C1_ER_IRQHandler</a> from startup_stm32f407xx.o(.text) referenced from startup_stm32f407xx.o(RESET)
 <LI><a href="#[35]">I2C1_EV_IRQHandler</a> from startup_stm32f407xx.o(.text) referenced from startup_stm32f407xx.o(RESET)
 <LI><a href="#[38]">I2C2_ER_IRQHandler</a> from startup_stm32f407xx.o(.text) referenced from startup_stm32f407xx.o(RESET)
 <LI><a href="#[37]">I2C2_EV_IRQHandler</a> from startup_stm32f407xx.o(.text) referenced from startup_stm32f407xx.o(RESET)
 <LI><a href="#[5f]">I2C3_ER_IRQHandler</a> from startup_stm32f407xx.o(.text) referenced from startup_stm32f407xx.o(RESET)
 <LI><a href="#[5e]">I2C3_EV_IRQHandler</a> from startup_stm32f407xx.o(.text) referenced from startup_stm32f407xx.o(RESET)
 <LI><a href="#[4]">KeyDownReadPin</a> from key.o(i.KeyDownReadPin) referenced 2 times from key.o(.data)
 <LI><a href="#[1]">KeyEnterReadPin</a> from key.o(i.KeyEnterReadPin) referenced 2 times from key.o(.data)
 <LI><a href="#[2]">KeyExitReadPin</a> from key.o(i.KeyExitReadPin) referenced 2 times from key.o(.data)
 <LI><a href="#[0]">KeyMenuReadPin</a> from key.o(i.KeyMenuReadPin) referenced 2 times from key.o(.data)
 <LI><a href="#[5]">KeyPowerReadPin</a> from key.o(i.KeyPowerReadPin) referenced 2 times from key.o(.data)
 <LI><a href="#[3]">KeyUpReadPin</a> from key.o(i.KeyUpReadPin) referenced 2 times from key.o(.data)
 <LI><a href="#[a8]">LCD_DrawHLine</a> from LCD.o(.text.LCD_DrawHLine) referenced from GUI_Core.o(.rodata)
 <LI><a href="#[a9]">LCD_DrawPixel</a> from LCD.o(.text.LCD_DrawPixel) referenced from GUI_Core.o(.rodata)
 <LI><a href="#[6]">LCD_GetpPalConvTableBM</a> from LCD_Color.o(.text.LCD_GetpPalConvTableBM) referenced 2 times from GUI_Core.o(.data)
 <LI><a href="#[a4]">LCD_Index2Color_M565</a> from GUICC_M565.o(.text.LCD_Index2Color_M565) referenced from GUICC_M565.o(.rodata)
 <LI><a href="#[93]">LcdReadDataMultiple</a> from lcdconf_flexcolor_template.o(i.LcdReadDataMultiple) referenced from lcdconf_flexcolor_template.o(i.LCD_X_Config)
 <LI><a href="#[91]">LcdWriteData</a> from lcdconf_flexcolor_template.o(i.LcdWriteData) referenced from lcdconf_flexcolor_template.o(i.LCD_X_Config)
 <LI><a href="#[92]">LcdWriteDataMultiple</a> from lcdconf_flexcolor_template.o(i.LcdWriteDataMultiple) referenced from lcdconf_flexcolor_template.o(i.LCD_X_Config)
 <LI><a href="#[90]">LcdWriteReg</a> from lcdconf_flexcolor_template.o(i.LcdWriteReg) referenced from lcdconf_flexcolor_template.o(i.LCD_X_Config)
 <LI><a href="#[f]">MemManage_Handler</a> from stm32f4xx_it.o(i.MemManage_Handler) referenced from startup_stm32f407xx.o(RESET)
 <LI><a href="#[d]">NMI_Handler</a> from stm32f4xx_it.o(i.NMI_Handler) referenced from startup_stm32f407xx.o(RESET)
 <LI><a href="#[59]">OTG_FS_IRQHandler</a> from startup_stm32f407xx.o(.text) referenced from startup_stm32f407xx.o(RESET)
 <LI><a href="#[40]">OTG_FS_WKUP_IRQHandler</a> from startup_stm32f407xx.o(.text) referenced from startup_stm32f407xx.o(RESET)
 <LI><a href="#[61]">OTG_HS_EP1_IN_IRQHandler</a> from startup_stm32f407xx.o(.text) referenced from startup_stm32f407xx.o(RESET)
 <LI><a href="#[60]">OTG_HS_EP1_OUT_IRQHandler</a> from startup_stm32f407xx.o(.text) referenced from startup_stm32f407xx.o(RESET)
 <LI><a href="#[63]">OTG_HS_IRQHandler</a> from startup_stm32f407xx.o(.text) referenced from startup_stm32f407xx.o(RESET)
 <LI><a href="#[62]">OTG_HS_WKUP_IRQHandler</a> from startup_stm32f407xx.o(.text) referenced from startup_stm32f407xx.o(RESET)
 <LI><a href="#[17]">PVD_IRQHandler</a> from startup_stm32f407xx.o(.text) referenced from startup_stm32f407xx.o(RESET)
 <LI><a href="#[14]">PendSV_Handler</a> from context_rvds.o(.text) referenced from startup_stm32f407xx.o(RESET)
 <LI><a href="#[1b]">RCC_IRQHandler</a> from startup_stm32f407xx.o(.text) referenced from startup_stm32f407xx.o(RESET)
 <LI><a href="#[3f]">RTC_Alarm_IRQHandler</a> from startup_stm32f407xx.o(.text) referenced from startup_stm32f407xx.o(RESET)
 <LI><a href="#[19]">RTC_WKUP_IRQHandler</a> from startup_stm32f407xx.o(.text) referenced from startup_stm32f407xx.o(RESET)
 <LI><a href="#[c]">Reset_Handler</a> from startup_stm32f407xx.o(.text) referenced from startup_stm32f407xx.o(RESET)
 <LI><a href="#[47]">SDIO_IRQHandler</a> from startup_stm32f407xx.o(.text) referenced from startup_stm32f407xx.o(RESET)
 <LI><a href="#[39]">SPI1_IRQHandler</a> from startup_stm32f407xx.o(.text) referenced from startup_stm32f407xx.o(RESET)
 <LI><a href="#[3a]">SPI2_IRQHandler</a> from startup_stm32f407xx.o(.text) referenced from startup_stm32f407xx.o(RESET)
 <LI><a href="#[49]">SPI3_IRQHandler</a> from startup_stm32f407xx.o(.text) referenced from startup_stm32f407xx.o(RESET)
 <LI><a href="#[12]">SVC_Handler</a> from stm32f4xx_it.o(i.SVC_Handler) referenced from startup_stm32f407xx.o(RESET)
 <LI><a href="#[15]">SysTick_Handler</a> from stm32f4xx_it.o(i.SysTick_Handler) referenced from startup_stm32f407xx.o(RESET)
 <LI><a href="#[68]">SystemInit</a> from system_stm32f4xx.o(i.SystemInit) referenced from startup_stm32f407xx.o(.text)
 <LI><a href="#[18]">TAMP_STAMP_IRQHandler</a> from startup_stm32f407xx.o(.text) referenced from startup_stm32f407xx.o(RESET)
 <LI><a href="#[2e]">TIM1_BRK_TIM9_IRQHandler</a> from startup_stm32f407xx.o(.text) referenced from startup_stm32f407xx.o(RESET)
 <LI><a href="#[31]">TIM1_CC_IRQHandler</a> from startup_stm32f407xx.o(.text) referenced from startup_stm32f407xx.o(RESET)
 <LI><a href="#[30]">TIM1_TRG_COM_TIM11_IRQHandler</a> from startup_stm32f407xx.o(.text) referenced from startup_stm32f407xx.o(RESET)
 <LI><a href="#[2f]">TIM1_UP_TIM10_IRQHandler</a> from startup_stm32f407xx.o(.text) referenced from startup_stm32f407xx.o(RESET)
 <LI><a href="#[32]">TIM2_IRQHandler</a> from startup_stm32f407xx.o(.text) referenced from startup_stm32f407xx.o(RESET)
 <LI><a href="#[33]">TIM3_IRQHandler</a> from startup_stm32f407xx.o(.text) referenced from startup_stm32f407xx.o(RESET)
 <LI><a href="#[34]">TIM4_IRQHandler</a> from startup_stm32f407xx.o(.text) referenced from startup_stm32f407xx.o(RESET)
 <LI><a href="#[48]">TIM5_IRQHandler</a> from startup_stm32f407xx.o(.text) referenced from startup_stm32f407xx.o(RESET)
 <LI><a href="#[4c]">TIM6_DAC_IRQHandler</a> from startup_stm32f407xx.o(.text) referenced from startup_stm32f407xx.o(RESET)
 <LI><a href="#[4d]">TIM7_IRQHandler</a> from startup_stm32f407xx.o(.text) referenced from startup_stm32f407xx.o(RESET)
 <LI><a href="#[41]">TIM8_BRK_TIM12_IRQHandler</a> from startup_stm32f407xx.o(.text) referenced from startup_stm32f407xx.o(RESET)
 <LI><a href="#[44]">TIM8_CC_IRQHandler</a> from startup_stm32f407xx.o(.text) referenced from startup_stm32f407xx.o(RESET)
 <LI><a href="#[43]">TIM8_TRG_COM_TIM14_IRQHandler</a> from startup_stm32f407xx.o(.text) referenced from startup_stm32f407xx.o(RESET)
 <LI><a href="#[42]">TIM8_UP_TIM13_IRQHandler</a> from startup_stm32f407xx.o(.text) referenced from startup_stm32f407xx.o(RESET)
 <LI><a href="#[4a]">UART4_IRQHandler</a> from startup_stm32f407xx.o(.text) referenced from startup_stm32f407xx.o(RESET)
 <LI><a href="#[4b]">UART5_IRQHandler</a> from startup_stm32f407xx.o(.text) referenced from startup_stm32f407xx.o(RESET)
 <LI><a href="#[8f]">UART_DMAAbortOnError</a> from stm32f4xx_hal_uart.o(i.UART_DMAAbortOnError) referenced from stm32f4xx_hal_uart.o(i.HAL_UART_IRQHandler)
 <LI><a href="#[3b]">USART1_IRQHandler</a> from startup_stm32f407xx.o(.text) referenced from startup_stm32f407xx.o(RESET)
 <LI><a href="#[3c]">USART2_IRQHandler</a> from startup_stm32f407xx.o(.text) referenced from startup_stm32f407xx.o(RESET)
 <LI><a href="#[3d]">USART3_IRQHandler</a> from stm32f4xx_it.o(i.USART3_IRQHandler) referenced from startup_stm32f407xx.o(RESET)
 <LI><a href="#[5d]">USART6_IRQHandler</a> from startup_stm32f407xx.o(.text) referenced from startup_stm32f407xx.o(RESET)
 <LI><a href="#[11]">UsageFault_Handler</a> from stm32f4xx_it.o(i.UsageFault_Handler) referenced from startup_stm32f407xx.o(RESET)
 <LI><a href="#[16]">WWDG_IRQHandler</a> from startup_stm32f407xx.o(.text) referenced from startup_stm32f407xx.o(RESET)
 <LI><a href="#[ac]">_CalcSizeOfChar</a> from GUI_UC_EncodeUTF8.o(.text._CalcSizeOfChar) referenced 2 times from GUI_UC_EncodeUTF8.o(.rodata)
 <LI><a href="#[a6]">_Color2IndexBulk</a> from GUICC_M565.o(.text._Color2IndexBulk) referenced from GUICC_M565.o(.rodata)
 <LI><a href="#[e1]">_Color2Index_0</a> from GUICC_0.o(.text._Color2Index_0) referenced from GUICC_0.o(.rodata)
 <LI><a href="#[a3]">_Color2Index_M565</a> from GUICC_M565.o(.text._Color2Index_M565) referenced from GUICC_M565.o(.rodata)
 <LI><a href="#[be]">_DrawBitmap</a> from GUIDRV_FlexColor.o(.text._DrawBitmap) referenced 2 times from GUIDRV_FlexColor.o(.rodata)
 <LI><a href="#[72]">_DrawBitmap</a> from GUIDRV_FlexColor_16bpp_C0B16.o(.text._DrawBitmap) referenced from GUIDRV_FlexColor_16bpp_C0B16.o(.text.GUIDRV_FlexColor_SetMode16bppC0B16)
 <LI><a href="#[bf]">_DrawHLine</a> from GUIDRV_FlexColor.o(.text._DrawHLine) referenced 2 times from GUIDRV_FlexColor.o(.rodata)
 <LI><a href="#[c0]">_DrawVLine</a> from GUIDRV_FlexColor.o(.text._DrawVLine) referenced 2 times from GUIDRV_FlexColor.o(.rodata)
 <LI><a href="#[ad]">_Encode</a> from GUI_UC_EncodeUTF8.o(.text._Encode) referenced 2 times from GUI_UC_EncodeUTF8.o(.rodata)
 <LI><a href="#[c1]">_FillRect</a> from GUIDRV_FlexColor.o(.text._FillRect) referenced 2 times from GUIDRV_FlexColor.o(.rodata)
 <LI><a href="#[73]">_FillRect</a> from GUIDRV_FlexColor_16bpp_C0B16.o(.text._FillRect) referenced from GUIDRV_FlexColor_16bpp_C0B16.o(.text.GUIDRV_FlexColor_SetMode16bppC0B16)
 <LI><a href="#[aa]">_GetCharCode</a> from GUI_UC_EncodeUTF8.o(.text._GetCharCode) referenced 2 times from GUI_UC_EncodeUTF8.o(.rodata)
 <LI><a href="#[ab]">_GetCharSize</a> from GUI_UC_EncodeUTF8.o(.text._GetCharSize) referenced 2 times from GUI_UC_EncodeUTF8.o(.rodata)
 <LI><a href="#[c8]">_GetDevData</a> from GUIDRV_FlexColor.o(.text._GetDevData) referenced 2 times from GUIDRV_FlexColor.o(.rodata)
 <LI><a href="#[c6]">_GetDevFunc</a> from GUIDRV_FlexColor.o(.text._GetDevFunc) referenced 2 times from GUIDRV_FlexColor.o(.rodata)
 <LI><a href="#[80]">_GetDevFunc_Init</a> from GUIDRV_FlexColor.o(.text._GetDevFunc_Init) referenced from GUIDRV_FlexColor.o(.text._GetDevFunc)
 <LI><a href="#[7d]">_GetDevFunc_Off</a> from GUIDRV_FlexColor.o(.text._GetDevFunc_Off) referenced from GUIDRV_FlexColor.o(.text._GetDevFunc)
 <LI><a href="#[83]">_GetDevFunc_On</a> from GUIDRV_FlexColor.o(.text._GetDevFunc_On) referenced from GUIDRV_FlexColor.o(.text._GetDevFunc)
 <LI><a href="#[85]">_GetDevFunc_SetRect</a> from GUIDRV_FlexColor.o(.text._GetDevFunc_SetRect) referenced from GUIDRV_FlexColor.o(.text._GetDevFunc_SetRectOutside)
 <LI><a href="#[82]">_GetDevFunc_SetRectOutside</a> from GUIDRV_FlexColor.o(.text._GetDevFunc_SetRectOutside) referenced from GUIDRV_FlexColor.o(.text._GetDevFunc)
 <LI><a href="#[7f]">_GetDevFunc_SetSize</a> from GUIDRV_FlexColor.o(.text._GetDevFunc_SetSize) referenced from GUIDRV_FlexColor.o(.text._GetDevFunc)
 <LI><a href="#[7e]">_GetDevFunc_SetVSize</a> from GUIDRV_FlexColor.o(.text._GetDevFunc_SetVSize) referenced from GUIDRV_FlexColor.o(.text._GetDevFunc)
 <LI><a href="#[c7]">_GetDevProp</a> from GUIDRV_FlexColor.o(.text._GetDevProp) referenced 2 times from GUIDRV_FlexColor.o(.rodata)
 <LI><a href="#[e3]">_GetIndexMask_0</a> from GUICC_0.o(.text._GetIndexMask_0) referenced from GUICC_0.o(.rodata)
 <LI><a href="#[a5]">_GetIndexMask_M565</a> from GUICC_M565.o(.text._GetIndexMask_M565) referenced from GUICC_M565.o(.rodata)
 <LI><a href="#[c2]">_GetPixelIndex</a> from GUIDRV_FlexColor.o(.text._GetPixelIndex) referenced 2 times from GUIDRV_FlexColor.o(.rodata)
 <LI><a href="#[c9]">_GetRect</a> from GUIDRV_FlexColor.o(.text._GetRect) referenced 2 times from GUIDRV_FlexColor.o(.rodata)
 <LI><a href="#[a7]">_Index2ColorBulk</a> from GUICC_M565.o(.text._Index2ColorBulk) referenced from GUICC_M565.o(.rodata)
 <LI><a href="#[e2]">_Index2Color_0</a> from GUICC_0.o(.text._Index2Color_0) referenced from GUICC_0.o(.rodata)
 <LI><a href="#[ae]">_Log2PhysX_X0Y0S0</a> from GUIDRV_FlexColor.o(.text._Log2PhysX_X0Y0S0) referenced from GUIDRV_FlexColor.o(.rodata)
 <LI><a href="#[b2]">_Log2PhysX_X0Y0S1</a> from GUIDRV_FlexColor.o(.text._Log2PhysX_X0Y0S1) referenced from GUIDRV_FlexColor.o(.rodata)
 <LI><a href="#[b0]">_Log2PhysX_X0Y1S0</a> from GUIDRV_FlexColor.o(.text._Log2PhysX_X0Y1S0) referenced from GUIDRV_FlexColor.o(.rodata)
 <LI><a href="#[b4]">_Log2PhysX_X0Y1S1</a> from GUIDRV_FlexColor.o(.text._Log2PhysX_X0Y1S1) referenced from GUIDRV_FlexColor.o(.rodata)
 <LI><a href="#[af]">_Log2PhysX_X1Y0S0</a> from GUIDRV_FlexColor.o(.text._Log2PhysX_X1Y0S0) referenced from GUIDRV_FlexColor.o(.rodata)
 <LI><a href="#[b3]">_Log2PhysX_X1Y0S1</a> from GUIDRV_FlexColor.o(.text._Log2PhysX_X1Y0S1) referenced from GUIDRV_FlexColor.o(.rodata)
 <LI><a href="#[b1]">_Log2PhysX_X1Y1S0</a> from GUIDRV_FlexColor.o(.text._Log2PhysX_X1Y1S0) referenced from GUIDRV_FlexColor.o(.rodata)
 <LI><a href="#[b5]">_Log2PhysX_X1Y1S1</a> from GUIDRV_FlexColor.o(.text._Log2PhysX_X1Y1S1) referenced from GUIDRV_FlexColor.o(.rodata)
 <LI><a href="#[b6]">_Log2PhysY_X0Y0S0</a> from GUIDRV_FlexColor.o(.text._Log2PhysY_X0Y0S0) referenced from GUIDRV_FlexColor.o(.rodata)
 <LI><a href="#[ba]">_Log2PhysY_X0Y0S1</a> from GUIDRV_FlexColor.o(.text._Log2PhysY_X0Y0S1) referenced from GUIDRV_FlexColor.o(.rodata)
 <LI><a href="#[b8]">_Log2PhysY_X0Y1S0</a> from GUIDRV_FlexColor.o(.text._Log2PhysY_X0Y1S0) referenced from GUIDRV_FlexColor.o(.rodata)
 <LI><a href="#[bc]">_Log2PhysY_X0Y1S1</a> from GUIDRV_FlexColor.o(.text._Log2PhysY_X0Y1S1) referenced from GUIDRV_FlexColor.o(.rodata)
 <LI><a href="#[b7]">_Log2PhysY_X1Y0S0</a> from GUIDRV_FlexColor.o(.text._Log2PhysY_X1Y0S0) referenced from GUIDRV_FlexColor.o(.rodata)
 <LI><a href="#[bb]">_Log2PhysY_X1Y0S1</a> from GUIDRV_FlexColor.o(.text._Log2PhysY_X1Y0S1) referenced from GUIDRV_FlexColor.o(.rodata)
 <LI><a href="#[b9]">_Log2PhysY_X1Y1S0</a> from GUIDRV_FlexColor.o(.text._Log2PhysY_X1Y1S0) referenced from GUIDRV_FlexColor.o(.rodata)
 <LI><a href="#[bd]">_Log2PhysY_X1Y1S1</a> from GUIDRV_FlexColor.o(.text._Log2PhysY_X1Y1S1) referenced from GUIDRV_FlexColor.o(.rodata)
 <LI><a href="#[9]">_Log2VisBuffered</a> from GUI_CharLine.o(.text._Log2VisBuffered) referenced 2 times from GUI_CharLine.o(.data)
 <LI><a href="#[79]">_OnExit</a> from GUI_Core.o(.text._OnExit) referenced from GUI_Core.o(.text.GUI__Config)
 <LI><a href="#[7a]">_OnExit</a> from LCD_Color.o(.text._OnExit) referenced from LCD_Color.o(.text.LCD_InitColors)
 <LI><a href="#[7c]">_OnExit</a> from WM.o(.text._OnExit) referenced from WM.o(.text.WM_Init)
 <LI><a href="#[76]">_ReadData</a> from GUIDRV_FlexColor_16bpp_C0B16.o(.text._ReadData) referenced from GUIDRV_FlexColor_16bpp_C0B16.o(.text.GUIDRV_FlexColor_SetMode16bppC0B16)
 <LI><a href="#[86]">_ReadPixelCust_16bpp</a> from GUIDRV_FlexColor.o(.text._ReadPixelCust_16bpp) referenced from GUIDRV_FlexColor.o(.text._SetDevFunc)
 <LI><a href="#[87]">_ReadPixelCust_18bpp</a> from GUIDRV_FlexColor.o(.text._ReadPixelCust_18bpp) referenced from GUIDRV_FlexColor.o(.text._SetDevFunc)
 <LI><a href="#[7]">_ReadPixel_16bpp_B16_I</a> from GUIDRV_FlexColor_Func66720.o(.text._ReadPixel_16bpp_B16_I) referenced 2 times from GUIDRV_FlexColor_Func66720.o(.data)
 <LI><a href="#[6d]">_ReadPixel_16bpp_B8</a> from GUIDRV_FlexColor_Func66720.o(.text._ReadPixel_16bpp_B8) referenced from GUIDRV_FlexColor_Func66720.o(.text.GUIDRV_FlexColor_SetFunc66720)
 <LI><a href="#[6f]">_ReadPixel_32bpp_B8</a> from GUIDRV_FlexColor_Func66720.o(.text._ReadPixel_32bpp_B8) referenced from GUIDRV_FlexColor_Func66720.o(.text.GUIDRV_FlexColor_SetFunc66720)
 <LI><a href="#[88]">_ReadRectCust_16bpp</a> from GUIDRV_FlexColor.o(.text._ReadRectCust_16bpp) referenced from GUIDRV_FlexColor.o(.text._SetDevFunc)
 <LI><a href="#[89]">_ReadRectCust_18bpp</a> from GUIDRV_FlexColor.o(.text._ReadRectCust_18bpp) referenced from GUIDRV_FlexColor.o(.text._SetDevFunc)
 <LI><a href="#[8]">_ReadRect_16bpp_B16_I</a> from GUIDRV_FlexColor_Func66720.o(.text._ReadRect_16bpp_B16_I) referenced 2 times from GUIDRV_FlexColor_Func66720.o(.data)
 <LI><a href="#[70]">_ReadRect_16bpp_B8</a> from GUIDRV_FlexColor_Func66720.o(.text._ReadRect_16bpp_B8) referenced from GUIDRV_FlexColor_Func66720.o(.text.GUIDRV_FlexColor_SetFunc66720)
 <LI><a href="#[6e]">_ReadRect_32bpp_B8</a> from GUIDRV_FlexColor_Func66720.o(.text._ReadRect_32bpp_B8) referenced from GUIDRV_FlexColor_Func66720.o(.text.GUIDRV_FlexColor_SetFunc66720)
 <LI><a href="#[df]">_SetBkColor</a> from LCD.o(.text._SetBkColor) referenced from LCD.o(.rodata)
 <LI><a href="#[de]">_SetColor</a> from LCD.o(.text._SetColor) referenced from LCD.o(.rodata)
 <LI><a href="#[81]">_SetDevFunc</a> from GUIDRV_FlexColor.o(.text._SetDevFunc) referenced from GUIDRV_FlexColor.o(.text._GetDevFunc)
 <LI><a href="#[e0]">_SetDrawMode</a> from LCD.o(.text._SetDrawMode) referenced from LCD.o(.rodata)
 <LI><a href="#[71]">_SetInterface</a> from GUIDRV_FlexColor_Func66720.o(.text._SetInterface) referenced from GUIDRV_FlexColor_Func66720.o(.text.GUIDRV_FlexColor_SetFunc66720)
 <LI><a href="#[c5]">_SetOrg</a> from GUIDRV_FlexColor.o(.text._SetOrg) referenced 2 times from GUIDRV_FlexColor.o(.rodata)
 <LI><a href="#[6c]">_SetOrientation</a> from GUIDRV_FlexColor_Func66720.o(.text._SetOrientation) referenced from GUIDRV_FlexColor_Func66720.o(.text.GUIDRV_FlexColor_SetFunc66720)
 <LI><a href="#[6a]">_SetPhysRAMAddr</a> from GUIDRV_FlexColor_Func66720.o(.text._SetPhysRAMAddr) referenced from GUIDRV_FlexColor_Func66720.o(.text.GUIDRV_FlexColor_SetFunc66720)
 <LI><a href="#[c3]">_SetPixelIndex</a> from GUIDRV_FlexColor.o(.text._SetPixelIndex) referenced 2 times from GUIDRV_FlexColor.o(.rodata)
 <LI><a href="#[6b]">_SetRect</a> from GUIDRV_FlexColor_Func66720.o(.text._SetRect) referenced from GUIDRV_FlexColor_Func66720.o(.text.GUIDRV_FlexColor_SetFunc66720)
 <LI><a href="#[8c]">_SetReg_B16</a> from GUIDRV_FlexColor_Func66720.o(.text._SetReg_B16) referenced from GUIDRV_FlexColor_Func66720.o(.text._SetInterface)
 <LI><a href="#[8a]">_SetReg_B8</a> from GUIDRV_FlexColor_Func66720.o(.text._SetReg_B8) referenced from GUIDRV_FlexColor_Func66720.o(.text._SetInterface)
 <LI><a href="#[77]">_WriteData</a> from GUIDRV_FlexColor_16bpp_C0B16.o(.text._WriteData) referenced from GUIDRV_FlexColor_16bpp_C0B16.o(.text.GUIDRV_FlexColor_SetMode16bppC0B16)
 <LI><a href="#[8d]">_WritePara_B16</a> from GUIDRV_FlexColor_Func66720.o(.text._WritePara_B16) referenced from GUIDRV_FlexColor_Func66720.o(.text._SetInterface)
 <LI><a href="#[8b]">_WritePara_B8</a> from GUIDRV_FlexColor_Func66720.o(.text._WritePara_B8) referenced from GUIDRV_FlexColor_Func66720.o(.text._SetInterface)
 <LI><a href="#[c4]">_XorPixel</a> from GUIDRV_FlexColor.o(.text._XorPixel) referenced 2 times from GUIDRV_FlexColor.o(.rodata)
 <LI><a href="#[69]">__main</a> from entry.o(.ARM.Collect$$$$00000000) referenced from startup_stm32f407xx.o(.text)
 <LI><a href="#[7b]">_cbBackWin</a> from WM.o(.text._cbBackWin) referenced from WM.o(.text.WM_Init)
 <LI><a href="#[99]">_sputc</a> from printfa.o(i._sputc) referenced from printfa.o(i.__0sprintf)
 <LI><a href="#[98]">fputc</a> from usart.o(i.fputc) referenced from printfa.o(i.__0printf)
 <LI><a href="#[67]">main</a> from components.o(i.$Sub$$main) referenced from entry9a.o(.ARM.Collect$$$$0000000B)
 <LI><a href="#[9d]">main_thread_entry</a> from components.o(i.main_thread_entry) referenced from components.o(i.rt_application_init)
 <LI><a href="#[a]">memcpy</a> from memmove.o(.text) referenced 2 times from GUI__Private.o(.data)
 <LI><a href="#[b]">memset</a> from memseta.o(.text) referenced 2 times from GUI__Private.o(.data)
 <LI><a href="#[9a]">rt_thread_exit</a> from thread.o(i.rt_thread_exit) referenced from thread.o(i._rt_thread_init)
 <LI><a href="#[9e]">rt_thread_idle_entry</a> from idle.o(i.rt_thread_idle_entry) referenced from idle.o(i.rt_thread_idle_init)
 <LI><a href="#[9b]">rt_thread_timeout</a> from thread.o(i.rt_thread_timeout) referenced from thread.o(i._rt_thread_init)
 <LI><a href="#[e6]">rti_board_end</a> from components.o(i.rti_board_end) referenced from components.o(.rti_fn.1.end)
 <LI><a href="#[e5]">rti_board_start</a> from components.o(i.rti_board_start) referenced from components.o(.rti_fn.0.end)
 <LI><a href="#[e7]">rti_end</a> from components.o(i.rti_end) referenced from components.o(.rti_fn.6.end)
 <LI><a href="#[e4]">rti_start</a> from components.o(i.rti_start) referenced from components.o(.rti_fn.0)
 <LI><a href="#[9c]">thread1_entry</a> from board.o(i.thread1_entry) referenced from main.o(i.main)
</UL>
<P>
<H3>
Global Symbols
</H3>
<P><STRONG><a name="[69]"></a>__main</STRONG> (Thumb, 0 bytes, Stack size unknown bytes, entry.o(.ARM.Collect$$$$00000000))
<BR>[Address Reference Count : 1]<UL><LI> startup_stm32f407xx.o(.text)
</UL>
<P><STRONG><a name="[2a1]"></a>_main_stk</STRONG> (Thumb, 0 bytes, Stack size unknown bytes, entry2.o(.ARM.Collect$$$$00000001))

<P><STRONG><a name="[e8]"></a>_main_scatterload</STRONG> (Thumb, 0 bytes, Stack size unknown bytes, entry5.o(.ARM.Collect$$$$00000004))
<BR><BR>[Calls]<UL><LI><a href="#[e9]">&gt;&gt;</a>&nbsp;&nbsp;&nbsp;__scatterload
</UL>

<P><STRONG><a name="[fb]"></a>__main_after_scatterload</STRONG> (Thumb, 0 bytes, Stack size unknown bytes, entry5.o(.ARM.Collect$$$$00000004))
<BR><BR>[Called By]<UL><LI><a href="#[e9]">&gt;&gt;</a>&nbsp;&nbsp;&nbsp;__scatterload
</UL>

<P><STRONG><a name="[2a2]"></a>_main_clock</STRONG> (Thumb, 0 bytes, Stack size unknown bytes, entry7b.o(.ARM.Collect$$$$00000008))

<P><STRONG><a name="[2a3]"></a>_main_cpp_init</STRONG> (Thumb, 0 bytes, Stack size unknown bytes, entry8b.o(.ARM.Collect$$$$0000000A))

<P><STRONG><a name="[2a4]"></a>_main_init</STRONG> (Thumb, 0 bytes, Stack size unknown bytes, entry9a.o(.ARM.Collect$$$$0000000B))

<P><STRONG><a name="[2a5]"></a>__rt_lib_shutdown_fini</STRONG> (Thumb, 0 bytes, Stack size unknown bytes, entry12b.o(.ARM.Collect$$$$0000000E))

<P><STRONG><a name="[2a6]"></a>__rt_final_cpp</STRONG> (Thumb, 0 bytes, Stack size unknown bytes, entry10a.o(.ARM.Collect$$$$0000000F))

<P><STRONG><a name="[2a7]"></a>__rt_final_exit</STRONG> (Thumb, 0 bytes, Stack size unknown bytes, entry11a.o(.ARM.Collect$$$$00000011))

<P><STRONG><a name="[249]"></a>__rt_ffs</STRONG> (Thumb, 16 bytes, Stack size 0 bytes, cpuport.o(.emb_text))
<BR><BR>[Called By]<UL><LI><a href="#[248]">&gt;&gt;</a>&nbsp;&nbsp;&nbsp;_get_highest_priority_thread
</UL>

<P><STRONG><a name="[c]"></a>Reset_Handler</STRONG> (Thumb, 8 bytes, Stack size 0 bytes, startup_stm32f407xx.o(.text))
<BR>[Address Reference Count : 1]<UL><LI> startup_stm32f407xx.o(RESET)
</UL>
<P><STRONG><a name="[28]"></a>ADC_IRQHandler</STRONG> (Thumb, 0 bytes, Stack size 0 bytes, startup_stm32f407xx.o(.text))
<BR><BR>[Calls]<UL><LI><a href="#[28]">&gt;&gt;</a>&nbsp;&nbsp;&nbsp;ADC_IRQHandler
</UL>
<BR>[Called By]<UL><LI><a href="#[28]">&gt;&gt;</a>&nbsp;&nbsp;&nbsp;ADC_IRQHandler
</UL>
<BR>[Address Reference Count : 1]<UL><LI> startup_stm32f407xx.o(RESET)
</UL>
<P><STRONG><a name="[2a]"></a>CAN1_RX0_IRQHandler</STRONG> (Thumb, 0 bytes, Stack size 0 bytes, startup_stm32f407xx.o(.text))
<BR>[Address Reference Count : 1]<UL><LI> startup_stm32f407xx.o(RESET)
</UL>
<P><STRONG><a name="[2b]"></a>CAN1_RX1_IRQHandler</STRONG> (Thumb, 0 bytes, Stack size 0 bytes, startup_stm32f407xx.o(.text))
<BR>[Address Reference Count : 1]<UL><LI> startup_stm32f407xx.o(RESET)
</UL>
<P><STRONG><a name="[2c]"></a>CAN1_SCE_IRQHandler</STRONG> (Thumb, 0 bytes, Stack size 0 bytes, startup_stm32f407xx.o(.text))
<BR>[Address Reference Count : 1]<UL><LI> startup_stm32f407xx.o(RESET)
</UL>
<P><STRONG><a name="[29]"></a>CAN1_TX_IRQHandler</STRONG> (Thumb, 0 bytes, Stack size 0 bytes, startup_stm32f407xx.o(.text))
<BR>[Address Reference Count : 1]<UL><LI> startup_stm32f407xx.o(RESET)
</UL>
<P><STRONG><a name="[56]"></a>CAN2_RX0_IRQHandler</STRONG> (Thumb, 0 bytes, Stack size 0 bytes, startup_stm32f407xx.o(.text))
<BR>[Address Reference Count : 1]<UL><LI> startup_stm32f407xx.o(RESET)
</UL>
<P><STRONG><a name="[57]"></a>CAN2_RX1_IRQHandler</STRONG> (Thumb, 0 bytes, Stack size 0 bytes, startup_stm32f407xx.o(.text))
<BR>[Address Reference Count : 1]<UL><LI> startup_stm32f407xx.o(RESET)
</UL>
<P><STRONG><a name="[58]"></a>CAN2_SCE_IRQHandler</STRONG> (Thumb, 0 bytes, Stack size 0 bytes, startup_stm32f407xx.o(.text))
<BR>[Address Reference Count : 1]<UL><LI> startup_stm32f407xx.o(RESET)
</UL>
<P><STRONG><a name="[55]"></a>CAN2_TX_IRQHandler</STRONG> (Thumb, 0 bytes, Stack size 0 bytes, startup_stm32f407xx.o(.text))
<BR>[Address Reference Count : 1]<UL><LI> startup_stm32f407xx.o(RESET)
</UL>
<P><STRONG><a name="[21]"></a>DMA1_Stream0_IRQHandler</STRONG> (Thumb, 0 bytes, Stack size 0 bytes, startup_stm32f407xx.o(.text))
<BR>[Address Reference Count : 1]<UL><LI> startup_stm32f407xx.o(RESET)
</UL>
<P><STRONG><a name="[23]"></a>DMA1_Stream2_IRQHandler</STRONG> (Thumb, 0 bytes, Stack size 0 bytes, startup_stm32f407xx.o(.text))
<BR>[Address Reference Count : 1]<UL><LI> startup_stm32f407xx.o(RESET)
</UL>
<P><STRONG><a name="[25]"></a>DMA1_Stream4_IRQHandler</STRONG> (Thumb, 0 bytes, Stack size 0 bytes, startup_stm32f407xx.o(.text))
<BR>[Address Reference Count : 1]<UL><LI> startup_stm32f407xx.o(RESET)
</UL>
<P><STRONG><a name="[26]"></a>DMA1_Stream5_IRQHandler</STRONG> (Thumb, 0 bytes, Stack size 0 bytes, startup_stm32f407xx.o(.text))
<BR>[Address Reference Count : 1]<UL><LI> startup_stm32f407xx.o(RESET)
</UL>
<P><STRONG><a name="[27]"></a>DMA1_Stream6_IRQHandler</STRONG> (Thumb, 0 bytes, Stack size 0 bytes, startup_stm32f407xx.o(.text))
<BR>[Address Reference Count : 1]<UL><LI> startup_stm32f407xx.o(RESET)
</UL>
<P><STRONG><a name="[45]"></a>DMA1_Stream7_IRQHandler</STRONG> (Thumb, 0 bytes, Stack size 0 bytes, startup_stm32f407xx.o(.text))
<BR>[Address Reference Count : 1]<UL><LI> startup_stm32f407xx.o(RESET)
</UL>
<P><STRONG><a name="[4e]"></a>DMA2_Stream0_IRQHandler</STRONG> (Thumb, 0 bytes, Stack size 0 bytes, startup_stm32f407xx.o(.text))
<BR>[Address Reference Count : 1]<UL><LI> startup_stm32f407xx.o(RESET)
</UL>
<P><STRONG><a name="[50]"></a>DMA2_Stream2_IRQHandler</STRONG> (Thumb, 0 bytes, Stack size 0 bytes, startup_stm32f407xx.o(.text))
<BR>[Address Reference Count : 1]<UL><LI> startup_stm32f407xx.o(RESET)
</UL>
<P><STRONG><a name="[51]"></a>DMA2_Stream3_IRQHandler</STRONG> (Thumb, 0 bytes, Stack size 0 bytes, startup_stm32f407xx.o(.text))
<BR>[Address Reference Count : 1]<UL><LI> startup_stm32f407xx.o(RESET)
</UL>
<P><STRONG><a name="[52]"></a>DMA2_Stream4_IRQHandler</STRONG> (Thumb, 0 bytes, Stack size 0 bytes, startup_stm32f407xx.o(.text))
<BR>[Address Reference Count : 1]<UL><LI> startup_stm32f407xx.o(RESET)
</UL>
<P><STRONG><a name="[5a]"></a>DMA2_Stream5_IRQHandler</STRONG> (Thumb, 0 bytes, Stack size 0 bytes, startup_stm32f407xx.o(.text))
<BR>[Address Reference Count : 1]<UL><LI> startup_stm32f407xx.o(RESET)
</UL>
<P><STRONG><a name="[5b]"></a>DMA2_Stream6_IRQHandler</STRONG> (Thumb, 0 bytes, Stack size 0 bytes, startup_stm32f407xx.o(.text))
<BR>[Address Reference Count : 1]<UL><LI> startup_stm32f407xx.o(RESET)
</UL>
<P><STRONG><a name="[5c]"></a>DMA2_Stream7_IRQHandler</STRONG> (Thumb, 0 bytes, Stack size 0 bytes, startup_stm32f407xx.o(.text))
<BR>[Address Reference Count : 1]<UL><LI> startup_stm32f407xx.o(RESET)
</UL>
<P><STRONG><a name="[53]"></a>ETH_IRQHandler</STRONG> (Thumb, 0 bytes, Stack size 0 bytes, startup_stm32f407xx.o(.text))
<BR>[Address Reference Count : 1]<UL><LI> startup_stm32f407xx.o(RESET)
</UL>
<P><STRONG><a name="[54]"></a>ETH_WKUP_IRQHandler</STRONG> (Thumb, 0 bytes, Stack size 0 bytes, startup_stm32f407xx.o(.text))
<BR>[Address Reference Count : 1]<UL><LI> startup_stm32f407xx.o(RESET)
</UL>
<P><STRONG><a name="[1c]"></a>EXTI0_IRQHandler</STRONG> (Thumb, 0 bytes, Stack size 0 bytes, startup_stm32f407xx.o(.text))
<BR>[Address Reference Count : 1]<UL><LI> startup_stm32f407xx.o(RESET)
</UL>
<P><STRONG><a name="[3e]"></a>EXTI15_10_IRQHandler</STRONG> (Thumb, 0 bytes, Stack size 0 bytes, startup_stm32f407xx.o(.text))
<BR>[Address Reference Count : 1]<UL><LI> startup_stm32f407xx.o(RESET)
</UL>
<P><STRONG><a name="[1d]"></a>EXTI1_IRQHandler</STRONG> (Thumb, 0 bytes, Stack size 0 bytes, startup_stm32f407xx.o(.text))
<BR>[Address Reference Count : 1]<UL><LI> startup_stm32f407xx.o(RESET)
</UL>
<P><STRONG><a name="[1e]"></a>EXTI2_IRQHandler</STRONG> (Thumb, 0 bytes, Stack size 0 bytes, startup_stm32f407xx.o(.text))
<BR>[Address Reference Count : 1]<UL><LI> startup_stm32f407xx.o(RESET)
</UL>
<P><STRONG><a name="[1f]"></a>EXTI3_IRQHandler</STRONG> (Thumb, 0 bytes, Stack size 0 bytes, startup_stm32f407xx.o(.text))
<BR>[Address Reference Count : 1]<UL><LI> startup_stm32f407xx.o(RESET)
</UL>
<P><STRONG><a name="[20]"></a>EXTI4_IRQHandler</STRONG> (Thumb, 0 bytes, Stack size 0 bytes, startup_stm32f407xx.o(.text))
<BR>[Address Reference Count : 1]<UL><LI> startup_stm32f407xx.o(RESET)
</UL>
<P><STRONG><a name="[2d]"></a>EXTI9_5_IRQHandler</STRONG> (Thumb, 0 bytes, Stack size 0 bytes, startup_stm32f407xx.o(.text))
<BR>[Address Reference Count : 1]<UL><LI> startup_stm32f407xx.o(RESET)
</UL>
<P><STRONG><a name="[1a]"></a>FLASH_IRQHandler</STRONG> (Thumb, 0 bytes, Stack size 0 bytes, startup_stm32f407xx.o(.text))
<BR>[Address Reference Count : 1]<UL><LI> startup_stm32f407xx.o(RESET)
</UL>
<P><STRONG><a name="[46]"></a>FMC_IRQHandler</STRONG> (Thumb, 0 bytes, Stack size 0 bytes, startup_stm32f407xx.o(.text))
<BR>[Address Reference Count : 1]<UL><LI> startup_stm32f407xx.o(RESET)
</UL>
<P><STRONG><a name="[66]"></a>FPU_IRQHandler</STRONG> (Thumb, 0 bytes, Stack size 0 bytes, startup_stm32f407xx.o(.text))
<BR>[Address Reference Count : 1]<UL><LI> startup_stm32f407xx.o(RESET)
</UL>
<P><STRONG><a name="[65]"></a>HASH_RNG_IRQHandler</STRONG> (Thumb, 0 bytes, Stack size 0 bytes, startup_stm32f407xx.o(.text))
<BR>[Address Reference Count : 1]<UL><LI> startup_stm32f407xx.o(RESET)
</UL>
<P><STRONG><a name="[36]"></a>I2C1_ER_IRQHandler</STRONG> (Thumb, 0 bytes, Stack size 0 bytes, startup_stm32f407xx.o(.text))
<BR>[Address Reference Count : 1]<UL><LI> startup_stm32f407xx.o(RESET)
</UL>
<P><STRONG><a name="[35]"></a>I2C1_EV_IRQHandler</STRONG> (Thumb, 0 bytes, Stack size 0 bytes, startup_stm32f407xx.o(.text))
<BR>[Address Reference Count : 1]<UL><LI> startup_stm32f407xx.o(RESET)
</UL>
<P><STRONG><a name="[38]"></a>I2C2_ER_IRQHandler</STRONG> (Thumb, 0 bytes, Stack size 0 bytes, startup_stm32f407xx.o(.text))
<BR>[Address Reference Count : 1]<UL><LI> startup_stm32f407xx.o(RESET)
</UL>
<P><STRONG><a name="[37]"></a>I2C2_EV_IRQHandler</STRONG> (Thumb, 0 bytes, Stack size 0 bytes, startup_stm32f407xx.o(.text))
<BR>[Address Reference Count : 1]<UL><LI> startup_stm32f407xx.o(RESET)
</UL>
<P><STRONG><a name="[5f]"></a>I2C3_ER_IRQHandler</STRONG> (Thumb, 0 bytes, Stack size 0 bytes, startup_stm32f407xx.o(.text))
<BR>[Address Reference Count : 1]<UL><LI> startup_stm32f407xx.o(RESET)
</UL>
<P><STRONG><a name="[5e]"></a>I2C3_EV_IRQHandler</STRONG> (Thumb, 0 bytes, Stack size 0 bytes, startup_stm32f407xx.o(.text))
<BR>[Address Reference Count : 1]<UL><LI> startup_stm32f407xx.o(RESET)
</UL>
<P><STRONG><a name="[59]"></a>OTG_FS_IRQHandler</STRONG> (Thumb, 0 bytes, Stack size 0 bytes, startup_stm32f407xx.o(.text))
<BR>[Address Reference Count : 1]<UL><LI> startup_stm32f407xx.o(RESET)
</UL>
<P><STRONG><a name="[40]"></a>OTG_FS_WKUP_IRQHandler</STRONG> (Thumb, 0 bytes, Stack size 0 bytes, startup_stm32f407xx.o(.text))
<BR>[Address Reference Count : 1]<UL><LI> startup_stm32f407xx.o(RESET)
</UL>
<P><STRONG><a name="[61]"></a>OTG_HS_EP1_IN_IRQHandler</STRONG> (Thumb, 0 bytes, Stack size 0 bytes, startup_stm32f407xx.o(.text))
<BR>[Address Reference Count : 1]<UL><LI> startup_stm32f407xx.o(RESET)
</UL>
<P><STRONG><a name="[60]"></a>OTG_HS_EP1_OUT_IRQHandler</STRONG> (Thumb, 0 bytes, Stack size 0 bytes, startup_stm32f407xx.o(.text))
<BR>[Address Reference Count : 1]<UL><LI> startup_stm32f407xx.o(RESET)
</UL>
<P><STRONG><a name="[63]"></a>OTG_HS_IRQHandler</STRONG> (Thumb, 0 bytes, Stack size 0 bytes, startup_stm32f407xx.o(.text))
<BR>[Address Reference Count : 1]<UL><LI> startup_stm32f407xx.o(RESET)
</UL>
<P><STRONG><a name="[62]"></a>OTG_HS_WKUP_IRQHandler</STRONG> (Thumb, 0 bytes, Stack size 0 bytes, startup_stm32f407xx.o(.text))
<BR>[Address Reference Count : 1]<UL><LI> startup_stm32f407xx.o(RESET)
</UL>
<P><STRONG><a name="[17]"></a>PVD_IRQHandler</STRONG> (Thumb, 0 bytes, Stack size 0 bytes, startup_stm32f407xx.o(.text))
<BR>[Address Reference Count : 1]<UL><LI> startup_stm32f407xx.o(RESET)
</UL>
<P><STRONG><a name="[1b]"></a>RCC_IRQHandler</STRONG> (Thumb, 0 bytes, Stack size 0 bytes, startup_stm32f407xx.o(.text))
<BR>[Address Reference Count : 1]<UL><LI> startup_stm32f407xx.o(RESET)
</UL>
<P><STRONG><a name="[3f]"></a>RTC_Alarm_IRQHandler</STRONG> (Thumb, 0 bytes, Stack size 0 bytes, startup_stm32f407xx.o(.text))
<BR>[Address Reference Count : 1]<UL><LI> startup_stm32f407xx.o(RESET)
</UL>
<P><STRONG><a name="[19]"></a>RTC_WKUP_IRQHandler</STRONG> (Thumb, 0 bytes, Stack size 0 bytes, startup_stm32f407xx.o(.text))
<BR>[Address Reference Count : 1]<UL><LI> startup_stm32f407xx.o(RESET)
</UL>
<P><STRONG><a name="[47]"></a>SDIO_IRQHandler</STRONG> (Thumb, 0 bytes, Stack size 0 bytes, startup_stm32f407xx.o(.text))
<BR>[Address Reference Count : 1]<UL><LI> startup_stm32f407xx.o(RESET)
</UL>
<P><STRONG><a name="[39]"></a>SPI1_IRQHandler</STRONG> (Thumb, 0 bytes, Stack size 0 bytes, startup_stm32f407xx.o(.text))
<BR>[Address Reference Count : 1]<UL><LI> startup_stm32f407xx.o(RESET)
</UL>
<P><STRONG><a name="[3a]"></a>SPI2_IRQHandler</STRONG> (Thumb, 0 bytes, Stack size 0 bytes, startup_stm32f407xx.o(.text))
<BR>[Address Reference Count : 1]<UL><LI> startup_stm32f407xx.o(RESET)
</UL>
<P><STRONG><a name="[49]"></a>SPI3_IRQHandler</STRONG> (Thumb, 0 bytes, Stack size 0 bytes, startup_stm32f407xx.o(.text))
<BR>[Address Reference Count : 1]<UL><LI> startup_stm32f407xx.o(RESET)
</UL>
<P><STRONG><a name="[18]"></a>TAMP_STAMP_IRQHandler</STRONG> (Thumb, 0 bytes, Stack size 0 bytes, startup_stm32f407xx.o(.text))
<BR>[Address Reference Count : 1]<UL><LI> startup_stm32f407xx.o(RESET)
</UL>
<P><STRONG><a name="[2e]"></a>TIM1_BRK_TIM9_IRQHandler</STRONG> (Thumb, 0 bytes, Stack size 0 bytes, startup_stm32f407xx.o(.text))
<BR>[Address Reference Count : 1]<UL><LI> startup_stm32f407xx.o(RESET)
</UL>
<P><STRONG><a name="[31]"></a>TIM1_CC_IRQHandler</STRONG> (Thumb, 0 bytes, Stack size 0 bytes, startup_stm32f407xx.o(.text))
<BR>[Address Reference Count : 1]<UL><LI> startup_stm32f407xx.o(RESET)
</UL>
<P><STRONG><a name="[30]"></a>TIM1_TRG_COM_TIM11_IRQHandler</STRONG> (Thumb, 0 bytes, Stack size 0 bytes, startup_stm32f407xx.o(.text))
<BR>[Address Reference Count : 1]<UL><LI> startup_stm32f407xx.o(RESET)
</UL>
<P><STRONG><a name="[2f]"></a>TIM1_UP_TIM10_IRQHandler</STRONG> (Thumb, 0 bytes, Stack size 0 bytes, startup_stm32f407xx.o(.text))
<BR>[Address Reference Count : 1]<UL><LI> startup_stm32f407xx.o(RESET)
</UL>
<P><STRONG><a name="[32]"></a>TIM2_IRQHandler</STRONG> (Thumb, 0 bytes, Stack size 0 bytes, startup_stm32f407xx.o(.text))
<BR>[Address Reference Count : 1]<UL><LI> startup_stm32f407xx.o(RESET)
</UL>
<P><STRONG><a name="[33]"></a>TIM3_IRQHandler</STRONG> (Thumb, 0 bytes, Stack size 0 bytes, startup_stm32f407xx.o(.text))
<BR>[Address Reference Count : 1]<UL><LI> startup_stm32f407xx.o(RESET)
</UL>
<P><STRONG><a name="[34]"></a>TIM4_IRQHandler</STRONG> (Thumb, 0 bytes, Stack size 0 bytes, startup_stm32f407xx.o(.text))
<BR>[Address Reference Count : 1]<UL><LI> startup_stm32f407xx.o(RESET)
</UL>
<P><STRONG><a name="[48]"></a>TIM5_IRQHandler</STRONG> (Thumb, 0 bytes, Stack size 0 bytes, startup_stm32f407xx.o(.text))
<BR>[Address Reference Count : 1]<UL><LI> startup_stm32f407xx.o(RESET)
</UL>
<P><STRONG><a name="[4c]"></a>TIM6_DAC_IRQHandler</STRONG> (Thumb, 0 bytes, Stack size 0 bytes, startup_stm32f407xx.o(.text))
<BR>[Address Reference Count : 1]<UL><LI> startup_stm32f407xx.o(RESET)
</UL>
<P><STRONG><a name="[4d]"></a>TIM7_IRQHandler</STRONG> (Thumb, 0 bytes, Stack size 0 bytes, startup_stm32f407xx.o(.text))
<BR>[Address Reference Count : 1]<UL><LI> startup_stm32f407xx.o(RESET)
</UL>
<P><STRONG><a name="[41]"></a>TIM8_BRK_TIM12_IRQHandler</STRONG> (Thumb, 0 bytes, Stack size 0 bytes, startup_stm32f407xx.o(.text))
<BR>[Address Reference Count : 1]<UL><LI> startup_stm32f407xx.o(RESET)
</UL>
<P><STRONG><a name="[44]"></a>TIM8_CC_IRQHandler</STRONG> (Thumb, 0 bytes, Stack size 0 bytes, startup_stm32f407xx.o(.text))
<BR>[Address Reference Count : 1]<UL><LI> startup_stm32f407xx.o(RESET)
</UL>
<P><STRONG><a name="[43]"></a>TIM8_TRG_COM_TIM14_IRQHandler</STRONG> (Thumb, 0 bytes, Stack size 0 bytes, startup_stm32f407xx.o(.text))
<BR>[Address Reference Count : 1]<UL><LI> startup_stm32f407xx.o(RESET)
</UL>
<P><STRONG><a name="[42]"></a>TIM8_UP_TIM13_IRQHandler</STRONG> (Thumb, 0 bytes, Stack size 0 bytes, startup_stm32f407xx.o(.text))
<BR>[Address Reference Count : 1]<UL><LI> startup_stm32f407xx.o(RESET)
</UL>
<P><STRONG><a name="[4a]"></a>UART4_IRQHandler</STRONG> (Thumb, 0 bytes, Stack size 0 bytes, startup_stm32f407xx.o(.text))
<BR>[Address Reference Count : 1]<UL><LI> startup_stm32f407xx.o(RESET)
</UL>
<P><STRONG><a name="[4b]"></a>UART5_IRQHandler</STRONG> (Thumb, 0 bytes, Stack size 0 bytes, startup_stm32f407xx.o(.text))
<BR>[Address Reference Count : 1]<UL><LI> startup_stm32f407xx.o(RESET)
</UL>
<P><STRONG><a name="[3b]"></a>USART1_IRQHandler</STRONG> (Thumb, 0 bytes, Stack size 0 bytes, startup_stm32f407xx.o(.text))
<BR>[Address Reference Count : 1]<UL><LI> startup_stm32f407xx.o(RESET)
</UL>
<P><STRONG><a name="[3c]"></a>USART2_IRQHandler</STRONG> (Thumb, 0 bytes, Stack size 0 bytes, startup_stm32f407xx.o(.text))
<BR>[Address Reference Count : 1]<UL><LI> startup_stm32f407xx.o(RESET)
</UL>
<P><STRONG><a name="[5d]"></a>USART6_IRQHandler</STRONG> (Thumb, 0 bytes, Stack size 0 bytes, startup_stm32f407xx.o(.text))
<BR>[Address Reference Count : 1]<UL><LI> startup_stm32f407xx.o(RESET)
</UL>
<P><STRONG><a name="[16]"></a>WWDG_IRQHandler</STRONG> (Thumb, 0 bytes, Stack size 0 bytes, startup_stm32f407xx.o(.text))
<BR>[Address Reference Count : 1]<UL><LI> startup_stm32f407xx.o(RESET)
</UL>
<P><STRONG><a name="[233]"></a>rt_hw_interrupt_disable</STRONG> (Thumb, 8 bytes, Stack size 0 bytes, context_rvds.o(.text))
<BR><BR>[Called By]<UL><LI><a href="#[22f]">&gt;&gt;</a>&nbsp;&nbsp;&nbsp;RefreshInfo
<LI><a href="#[23e]">&gt;&gt;</a>&nbsp;&nbsp;&nbsp;rt_interrupt_leave
<LI><a href="#[23b]">&gt;&gt;</a>&nbsp;&nbsp;&nbsp;rt_interrupt_enter
<LI><a href="#[26a]">&gt;&gt;</a>&nbsp;&nbsp;&nbsp;rt_system_heap_init
<LI><a href="#[286]">&gt;&gt;</a>&nbsp;&nbsp;&nbsp;rt_timer_start
<LI><a href="#[285]">&gt;&gt;</a>&nbsp;&nbsp;&nbsp;rt_timer_control
<LI><a href="#[270]">&gt;&gt;</a>&nbsp;&nbsp;&nbsp;rt_thread_suspend
<LI><a href="#[26e]">&gt;&gt;</a>&nbsp;&nbsp;&nbsp;rt_thread_resume
<LI><a href="#[276]">&gt;&gt;</a>&nbsp;&nbsp;&nbsp;rt_object_allocate
<LI><a href="#[267]">&gt;&gt;</a>&nbsp;&nbsp;&nbsp;rt_sem_take
<LI><a href="#[268]">&gt;&gt;</a>&nbsp;&nbsp;&nbsp;rt_sem_release
<LI><a href="#[27a]">&gt;&gt;</a>&nbsp;&nbsp;&nbsp;rt_object_delete
<LI><a href="#[266]">&gt;&gt;</a>&nbsp;&nbsp;&nbsp;rt_interrupt_get_nest
<LI><a href="#[291]">&gt;&gt;</a>&nbsp;&nbsp;&nbsp;rt_thread_idle_excute
<LI><a href="#[298]">&gt;&gt;</a>&nbsp;&nbsp;&nbsp;rt_timer_stop
<LI><a href="#[28f]">&gt;&gt;</a>&nbsp;&nbsp;&nbsp;rt_timer_detach
<LI><a href="#[296]">&gt;&gt;</a>&nbsp;&nbsp;&nbsp;rt_thread_sleep
<LI><a href="#[9a]">&gt;&gt;</a>&nbsp;&nbsp;&nbsp;rt_thread_exit
<LI><a href="#[258]">&gt;&gt;</a>&nbsp;&nbsp;&nbsp;_thread_cleanup_execute
<LI><a href="#[280]">&gt;&gt;</a>&nbsp;&nbsp;&nbsp;rt_schedule_remove_thread
<LI><a href="#[27f]">&gt;&gt;</a>&nbsp;&nbsp;&nbsp;rt_schedule_insert_thread
<LI><a href="#[24d]">&gt;&gt;</a>&nbsp;&nbsp;&nbsp;_rt_scheduler_stack_check
<LI><a href="#[263]">&gt;&gt;</a>&nbsp;&nbsp;&nbsp;rt_exit_critical
<LI><a href="#[262]">&gt;&gt;</a>&nbsp;&nbsp;&nbsp;rt_enter_critical
<LI><a href="#[27d]">&gt;&gt;</a>&nbsp;&nbsp;&nbsp;rt_object_init
<LI><a href="#[27c]">&gt;&gt;</a>&nbsp;&nbsp;&nbsp;rt_object_detach
<LI><a href="#[275]">&gt;&gt;</a>&nbsp;&nbsp;&nbsp;rt_malloc
<LI><a href="#[265]">&gt;&gt;</a>&nbsp;&nbsp;&nbsp;rt_free
<LI><a href="#[19c]">&gt;&gt;</a>&nbsp;&nbsp;&nbsp;rtthread_startup
<LI><a href="#[299]">&gt;&gt;</a>&nbsp;&nbsp;&nbsp;rt_timer_check
<LI><a href="#[264]">&gt;&gt;</a>&nbsp;&nbsp;&nbsp;rt_schedule
</UL>

<P><STRONG><a name="[236]"></a>rt_hw_interrupt_enable</STRONG> (Thumb, 6 bytes, Stack size 0 bytes, context_rvds.o(.text))
<BR><BR>[Called By]<UL><LI><a href="#[22f]">&gt;&gt;</a>&nbsp;&nbsp;&nbsp;RefreshInfo
<LI><a href="#[23e]">&gt;&gt;</a>&nbsp;&nbsp;&nbsp;rt_interrupt_leave
<LI><a href="#[23b]">&gt;&gt;</a>&nbsp;&nbsp;&nbsp;rt_interrupt_enter
<LI><a href="#[26a]">&gt;&gt;</a>&nbsp;&nbsp;&nbsp;rt_system_heap_init
<LI><a href="#[286]">&gt;&gt;</a>&nbsp;&nbsp;&nbsp;rt_timer_start
<LI><a href="#[285]">&gt;&gt;</a>&nbsp;&nbsp;&nbsp;rt_timer_control
<LI><a href="#[270]">&gt;&gt;</a>&nbsp;&nbsp;&nbsp;rt_thread_suspend
<LI><a href="#[26e]">&gt;&gt;</a>&nbsp;&nbsp;&nbsp;rt_thread_resume
<LI><a href="#[276]">&gt;&gt;</a>&nbsp;&nbsp;&nbsp;rt_object_allocate
<LI><a href="#[267]">&gt;&gt;</a>&nbsp;&nbsp;&nbsp;rt_sem_take
<LI><a href="#[268]">&gt;&gt;</a>&nbsp;&nbsp;&nbsp;rt_sem_release
<LI><a href="#[27a]">&gt;&gt;</a>&nbsp;&nbsp;&nbsp;rt_object_delete
<LI><a href="#[266]">&gt;&gt;</a>&nbsp;&nbsp;&nbsp;rt_interrupt_get_nest
<LI><a href="#[291]">&gt;&gt;</a>&nbsp;&nbsp;&nbsp;rt_thread_idle_excute
<LI><a href="#[298]">&gt;&gt;</a>&nbsp;&nbsp;&nbsp;rt_timer_stop
<LI><a href="#[28f]">&gt;&gt;</a>&nbsp;&nbsp;&nbsp;rt_timer_detach
<LI><a href="#[296]">&gt;&gt;</a>&nbsp;&nbsp;&nbsp;rt_thread_sleep
<LI><a href="#[9a]">&gt;&gt;</a>&nbsp;&nbsp;&nbsp;rt_thread_exit
<LI><a href="#[258]">&gt;&gt;</a>&nbsp;&nbsp;&nbsp;_thread_cleanup_execute
<LI><a href="#[280]">&gt;&gt;</a>&nbsp;&nbsp;&nbsp;rt_schedule_remove_thread
<LI><a href="#[27f]">&gt;&gt;</a>&nbsp;&nbsp;&nbsp;rt_schedule_insert_thread
<LI><a href="#[263]">&gt;&gt;</a>&nbsp;&nbsp;&nbsp;rt_exit_critical
<LI><a href="#[262]">&gt;&gt;</a>&nbsp;&nbsp;&nbsp;rt_enter_critical
<LI><a href="#[27d]">&gt;&gt;</a>&nbsp;&nbsp;&nbsp;rt_object_init
<LI><a href="#[27c]">&gt;&gt;</a>&nbsp;&nbsp;&nbsp;rt_object_detach
<LI><a href="#[275]">&gt;&gt;</a>&nbsp;&nbsp;&nbsp;rt_malloc
<LI><a href="#[265]">&gt;&gt;</a>&nbsp;&nbsp;&nbsp;rt_free
<LI><a href="#[299]">&gt;&gt;</a>&nbsp;&nbsp;&nbsp;rt_timer_check
<LI><a href="#[264]">&gt;&gt;</a>&nbsp;&nbsp;&nbsp;rt_schedule
</UL>

<P><STRONG><a name="[281]"></a>rt_hw_context_switch</STRONG> (Thumb, 32 bytes, Stack size 0 bytes, context_rvds.o(.text))
<BR><BR>[Called By]<UL><LI><a href="#[264]">&gt;&gt;</a>&nbsp;&nbsp;&nbsp;rt_schedule
</UL>

<P><STRONG><a name="[282]"></a>rt_hw_context_switch_interrupt</STRONG> (Thumb, 0 bytes, Stack size 0 bytes, context_rvds.o(.text))
<BR><BR>[Called By]<UL><LI><a href="#[264]">&gt;&gt;</a>&nbsp;&nbsp;&nbsp;rt_schedule
</UL>

<P><STRONG><a name="[14]"></a>PendSV_Handler</STRONG> (Thumb, 108 bytes, Stack size 0 bytes, context_rvds.o(.text))
<BR>[Address Reference Count : 1]<UL><LI> startup_stm32f407xx.o(RESET)
</UL>
<P><STRONG><a name="[28d]"></a>rt_hw_context_switch_to</STRONG> (Thumb, 68 bytes, Stack size 0 bytes, context_rvds.o(.text))
<BR><BR>[Called By]<UL><LI><a href="#[28c]">&gt;&gt;</a>&nbsp;&nbsp;&nbsp;rt_system_scheduler_start
</UL>

<P><STRONG><a name="[2a8]"></a>rt_hw_interrupt_thread_switch</STRONG> (Thumb, 2 bytes, Stack size 0 bytes, context_rvds.o(.text), UNUSED)

<P><STRONG><a name="[e]"></a>HardFault_Handler</STRONG> (Thumb, 56 bytes, Stack size 0 bytes, context_rvds.o(.text))
<BR><BR>[Stack]<UL><LI>Max Depth = 204<LI>Call Chain = HardFault_Handler &rArr; rt_hw_hard_fault_exception &rArr; rt_kprintf &rArr; rt_vsnprintf &rArr; print_number
</UL>
<BR>[Calls]<UL><LI><a href="#[ea]">&gt;&gt;</a>&nbsp;&nbsp;&nbsp;rt_hw_hard_fault_exception
</UL>
<BR>[Address Reference Count : 1]<UL><LI> startup_stm32f407xx.o(RESET)
</UL>
<P><STRONG><a name="[eb]"></a>__aeabi_uldivmod</STRONG> (Thumb, 98 bytes, Stack size 40 bytes, uldiv.o(.text))
<BR><BR>[Stack]<UL><LI>Max Depth = 40<LI>Call Chain = __aeabi_uldivmod
</UL>
<BR>[Calls]<UL><LI><a href="#[ec]">&gt;&gt;</a>&nbsp;&nbsp;&nbsp;__aeabi_llsr
<LI><a href="#[ed]">&gt;&gt;</a>&nbsp;&nbsp;&nbsp;__aeabi_llsl
</UL>
<BR>[Called By]<UL><LI><a href="#[1d9]">&gt;&gt;</a>&nbsp;&nbsp;&nbsp;HAL_RCC_GetSysClockFreq
<LI><a href="#[1f8]">&gt;&gt;</a>&nbsp;&nbsp;&nbsp;UART_SetConfig
<LI><a href="#[244]">&gt;&gt;</a>&nbsp;&nbsp;&nbsp;_printf_core
<LI><a href="#[246]">&gt;&gt;</a>&nbsp;&nbsp;&nbsp;_fp_digits
</UL>

<P><STRONG><a name="[2a9]"></a>____aeabi_memcpy$ret$move</STRONG> (Thumb, 66 bytes, Stack size 8 bytes, memmove.o(.text), UNUSED)

<P><STRONG><a name="[2aa]"></a>____aeabi_memcpy4$ret$move</STRONG> (Thumb, 0 bytes, Stack size 8 bytes, memmove.o(.text), UNUSED)

<P><STRONG><a name="[2ab]"></a>____aeabi_memcpy8$ret$move</STRONG> (Thumb, 0 bytes, Stack size 8 bytes, memmove.o(.text), UNUSED)

<P><STRONG><a name="[2ac]"></a>___aeabi_memmove$ret</STRONG> (Thumb, 0 bytes, Stack size 8 bytes, memmove.o(.text), UNUSED)

<P><STRONG><a name="[2ad]"></a>___aeabi_memmove4$ret</STRONG> (Thumb, 0 bytes, Stack size 8 bytes, memmove.o(.text), UNUSED)

<P><STRONG><a name="[2ae]"></a>___aeabi_memmove8$ret</STRONG> (Thumb, 0 bytes, Stack size 8 bytes, memmove.o(.text), UNUSED)

<P><STRONG><a name="[a]"></a>memcpy</STRONG> (Thumb, 0 bytes, Stack size 8 bytes, memmove.o(.text))
<BR><BR>[Stack]<UL><LI>Max Depth = 8<LI>Call Chain = memcpy
</UL>
<BR>[Called By]<UL><LI><a href="#[100]">&gt;&gt;</a>&nbsp;&nbsp;&nbsp;GUIDRV_FlexColor_SetFunc
</UL>
<BR>[Address Reference Count : 1]<UL><LI> GUI__Private.o(.data)
</UL>
<P><STRONG><a name="[19b]"></a>memmove</STRONG> (Thumb, 0 bytes, Stack size 8 bytes, memmove.o(.text))
<BR><BR>[Stack]<UL><LI>Max Depth = 8<LI>Call Chain = memmove
</UL>
<BR>[Called By]<UL><LI><a href="#[112]">&gt;&gt;</a>&nbsp;&nbsp;&nbsp;_RemoveHoles
</UL>

<P><STRONG><a name="[ef]"></a>__aeabi_memset</STRONG> (Thumb, 14 bytes, Stack size 0 bytes, memseta.o(.text))
<BR><BR>[Called By]<UL><LI><a href="#[b]">&gt;&gt;</a>&nbsp;&nbsp;&nbsp;memset
<LI><a href="#[ee]">&gt;&gt;</a>&nbsp;&nbsp;&nbsp;__aeabi_memclr
</UL>

<P><STRONG><a name="[2af]"></a>__aeabi_memset4</STRONG> (Thumb, 0 bytes, Stack size 0 bytes, memseta.o(.text), UNUSED)

<P><STRONG><a name="[2b0]"></a>__aeabi_memset8</STRONG> (Thumb, 0 bytes, Stack size 0 bytes, memseta.o(.text), UNUSED)

<P><STRONG><a name="[ee]"></a>__aeabi_memclr</STRONG> (Thumb, 4 bytes, Stack size 0 bytes, memseta.o(.text), UNUSED)
<BR><BR>[Calls]<UL><LI><a href="#[ef]">&gt;&gt;</a>&nbsp;&nbsp;&nbsp;__aeabi_memset
</UL>

<P><STRONG><a name="[1c6]"></a>__aeabi_memclr4</STRONG> (Thumb, 0 bytes, Stack size 0 bytes, memseta.o(.text))
<BR><BR>[Called By]<UL><LI><a href="#[1f7]">&gt;&gt;</a>&nbsp;&nbsp;&nbsp;HAL_UART_MspInit
<LI><a href="#[1e9]">&gt;&gt;</a>&nbsp;&nbsp;&nbsp;HAL_SPI_MspInit
<LI><a href="#[217]">&gt;&gt;</a>&nbsp;&nbsp;&nbsp;MX_RTC_Init
<LI><a href="#[215]">&gt;&gt;</a>&nbsp;&nbsp;&nbsp;MX_FSMC_Init
<LI><a href="#[1cf]">&gt;&gt;</a>&nbsp;&nbsp;&nbsp;HAL_FSMC_MspInit
<LI><a href="#[1c5]">&gt;&gt;</a>&nbsp;&nbsp;&nbsp;HAL_DCMI_MspInit
<LI><a href="#[216]">&gt;&gt;</a>&nbsp;&nbsp;&nbsp;MX_GPIO_Init
<LI><a href="#[22f]">&gt;&gt;</a>&nbsp;&nbsp;&nbsp;RefreshInfo
<LI><a href="#[23f]">&gt;&gt;</a>&nbsp;&nbsp;&nbsp;SystemClock_Config
<LI><a href="#[14f]">&gt;&gt;</a>&nbsp;&nbsp;&nbsp;LCD_X_Config
</UL>

<P><STRONG><a name="[2b1]"></a>__aeabi_memclr8</STRONG> (Thumb, 0 bytes, Stack size 0 bytes, memseta.o(.text), UNUSED)

<P><STRONG><a name="[b]"></a>memset</STRONG> (Thumb, 18 bytes, Stack size 8 bytes, memseta.o(.text))
<BR><BR>[Stack]<UL><LI>Max Depth = 8<LI>Call Chain = memset
</UL>
<BR>[Calls]<UL><LI><a href="#[ef]">&gt;&gt;</a>&nbsp;&nbsp;&nbsp;__aeabi_memset
</UL>
<BR>[Address Reference Count : 1]<UL><LI> GUI__Private.o(.data)
</UL>
<P><STRONG><a name="[f0]"></a>__aeabi_dmul</STRONG> (Thumb, 228 bytes, Stack size 48 bytes, dmul.o(.text))
<BR><BR>[Stack]<UL><LI>Max Depth = 88<LI>Call Chain = __aeabi_dmul &rArr; _double_epilogue &rArr; _double_round
</UL>
<BR>[Calls]<UL><LI><a href="#[f1]">&gt;&gt;</a>&nbsp;&nbsp;&nbsp;_double_epilogue
</UL>
<BR>[Called By]<UL><LI><a href="#[207]">&gt;&gt;</a>&nbsp;&nbsp;&nbsp;LCD_SSD_BackLightSet
<LI><a href="#[246]">&gt;&gt;</a>&nbsp;&nbsp;&nbsp;_fp_digits
</UL>

<P><STRONG><a name="[f2]"></a>__aeabi_ui2d</STRONG> (Thumb, 26 bytes, Stack size 16 bytes, dfltui.o(.text))
<BR><BR>[Stack]<UL><LI>Max Depth = 56<LI>Call Chain = __aeabi_ui2d &rArr; _double_epilogue &rArr; _double_round
</UL>
<BR>[Calls]<UL><LI><a href="#[f1]">&gt;&gt;</a>&nbsp;&nbsp;&nbsp;_double_epilogue
</UL>
<BR>[Called By]<UL><LI><a href="#[207]">&gt;&gt;</a>&nbsp;&nbsp;&nbsp;LCD_SSD_BackLightSet
</UL>

<P><STRONG><a name="[f3]"></a>__aeabi_d2uiz</STRONG> (Thumb, 50 bytes, Stack size 8 bytes, dfixui.o(.text))
<BR><BR>[Stack]<UL><LI>Max Depth = 8<LI>Call Chain = __aeabi_d2uiz
</UL>
<BR>[Calls]<UL><LI><a href="#[ec]">&gt;&gt;</a>&nbsp;&nbsp;&nbsp;__aeabi_llsr
</UL>
<BR>[Called By]<UL><LI><a href="#[207]">&gt;&gt;</a>&nbsp;&nbsp;&nbsp;LCD_SSD_BackLightSet
</UL>

<P><STRONG><a name="[231]"></a>__aeabi_f2d</STRONG> (Thumb, 38 bytes, Stack size 0 bytes, f2d.o(.text))
<BR><BR>[Called By]<UL><LI><a href="#[22f]">&gt;&gt;</a>&nbsp;&nbsp;&nbsp;RefreshInfo
</UL>

<P><STRONG><a name="[2b2]"></a>__aeabi_uidiv</STRONG> (Thumb, 0 bytes, Stack size 12 bytes, uidiv.o(.text), UNUSED)

<P><STRONG><a name="[24c]"></a>__aeabi_uidivmod</STRONG> (Thumb, 44 bytes, Stack size 12 bytes, uidiv.o(.text), UNUSED)
<BR><BR>[Called By]<UL><LI><a href="#[244]">&gt;&gt;</a>&nbsp;&nbsp;&nbsp;_printf_core
</UL>

<P><STRONG><a name="[ed]"></a>__aeabi_llsl</STRONG> (Thumb, 30 bytes, Stack size 0 bytes, llshl.o(.text))
<BR><BR>[Called By]<UL><LI><a href="#[f1]">&gt;&gt;</a>&nbsp;&nbsp;&nbsp;_double_epilogue
<LI><a href="#[f5]">&gt;&gt;</a>&nbsp;&nbsp;&nbsp;__aeabi_dadd
<LI><a href="#[fa]">&gt;&gt;</a>&nbsp;&nbsp;&nbsp;__aeabi_d2ulz
<LI><a href="#[eb]">&gt;&gt;</a>&nbsp;&nbsp;&nbsp;__aeabi_uldivmod
</UL>

<P><STRONG><a name="[2b3]"></a>_ll_shift_l</STRONG> (Thumb, 0 bytes, Stack size 0 bytes, llshl.o(.text), UNUSED)

<P><STRONG><a name="[ec]"></a>__aeabi_llsr</STRONG> (Thumb, 32 bytes, Stack size 0 bytes, llushr.o(.text))
<BR><BR>[Called By]<UL><LI><a href="#[f3]">&gt;&gt;</a>&nbsp;&nbsp;&nbsp;__aeabi_d2uiz
<LI><a href="#[f1]">&gt;&gt;</a>&nbsp;&nbsp;&nbsp;_double_epilogue
<LI><a href="#[fa]">&gt;&gt;</a>&nbsp;&nbsp;&nbsp;__aeabi_d2ulz
<LI><a href="#[eb]">&gt;&gt;</a>&nbsp;&nbsp;&nbsp;__aeabi_uldivmod
</UL>

<P><STRONG><a name="[2b4]"></a>_ll_ushift_r</STRONG> (Thumb, 0 bytes, Stack size 0 bytes, llushr.o(.text), UNUSED)

<P><STRONG><a name="[2b5]"></a>__I$use$fp</STRONG> (Thumb, 0 bytes, Stack size 8 bytes, iusefp.o(.text), UNUSED)

<P><STRONG><a name="[f4]"></a>_double_round</STRONG> (Thumb, 30 bytes, Stack size 8 bytes, depilogue.o(.text))
<BR><BR>[Stack]<UL><LI>Max Depth = 8<LI>Call Chain = _double_round
</UL>
<BR>[Called By]<UL><LI><a href="#[f1]">&gt;&gt;</a>&nbsp;&nbsp;&nbsp;_double_epilogue
<LI><a href="#[f9]">&gt;&gt;</a>&nbsp;&nbsp;&nbsp;__aeabi_ddiv
<LI><a href="#[f5]">&gt;&gt;</a>&nbsp;&nbsp;&nbsp;__aeabi_dadd
</UL>

<P><STRONG><a name="[f1]"></a>_double_epilogue</STRONG> (Thumb, 156 bytes, Stack size 32 bytes, depilogue.o(.text))
<BR><BR>[Stack]<UL><LI>Max Depth = 40<LI>Call Chain = _double_epilogue &rArr; _double_round
</UL>
<BR>[Calls]<UL><LI><a href="#[ec]">&gt;&gt;</a>&nbsp;&nbsp;&nbsp;__aeabi_llsr
<LI><a href="#[ed]">&gt;&gt;</a>&nbsp;&nbsp;&nbsp;__aeabi_llsl
<LI><a href="#[f4]">&gt;&gt;</a>&nbsp;&nbsp;&nbsp;_double_round
</UL>
<BR>[Called By]<UL><LI><a href="#[f2]">&gt;&gt;</a>&nbsp;&nbsp;&nbsp;__aeabi_ui2d
<LI><a href="#[f0]">&gt;&gt;</a>&nbsp;&nbsp;&nbsp;__aeabi_dmul
<LI><a href="#[f5]">&gt;&gt;</a>&nbsp;&nbsp;&nbsp;__aeabi_dadd
</UL>

<P><STRONG><a name="[f5]"></a>__aeabi_dadd</STRONG> (Thumb, 322 bytes, Stack size 48 bytes, dadd.o(.text), UNUSED)
<BR><BR>[Calls]<UL><LI><a href="#[ed]">&gt;&gt;</a>&nbsp;&nbsp;&nbsp;__aeabi_llsl
<LI><a href="#[f1]">&gt;&gt;</a>&nbsp;&nbsp;&nbsp;_double_epilogue
<LI><a href="#[f6]">&gt;&gt;</a>&nbsp;&nbsp;&nbsp;__aeabi_lasr
<LI><a href="#[f4]">&gt;&gt;</a>&nbsp;&nbsp;&nbsp;_double_round
</UL>
<BR>[Called By]<UL><LI><a href="#[246]">&gt;&gt;</a>&nbsp;&nbsp;&nbsp;_fp_digits
<LI><a href="#[f8]">&gt;&gt;</a>&nbsp;&nbsp;&nbsp;__aeabi_drsub
<LI><a href="#[f7]">&gt;&gt;</a>&nbsp;&nbsp;&nbsp;__aeabi_dsub
</UL>

<P><STRONG><a name="[f7]"></a>__aeabi_dsub</STRONG> (Thumb, 6 bytes, Stack size 0 bytes, dadd.o(.text), UNUSED)
<BR><BR>[Calls]<UL><LI><a href="#[f5]">&gt;&gt;</a>&nbsp;&nbsp;&nbsp;__aeabi_dadd
</UL>

<P><STRONG><a name="[f8]"></a>__aeabi_drsub</STRONG> (Thumb, 6 bytes, Stack size 0 bytes, dadd.o(.text), UNUSED)
<BR><BR>[Calls]<UL><LI><a href="#[f5]">&gt;&gt;</a>&nbsp;&nbsp;&nbsp;__aeabi_dadd
</UL>

<P><STRONG><a name="[f9]"></a>__aeabi_ddiv</STRONG> (Thumb, 222 bytes, Stack size 32 bytes, ddiv.o(.text), UNUSED)
<BR><BR>[Calls]<UL><LI><a href="#[f4]">&gt;&gt;</a>&nbsp;&nbsp;&nbsp;_double_round
</UL>
<BR>[Called By]<UL><LI><a href="#[246]">&gt;&gt;</a>&nbsp;&nbsp;&nbsp;_fp_digits
</UL>

<P><STRONG><a name="[fa]"></a>__aeabi_d2ulz</STRONG> (Thumb, 48 bytes, Stack size 0 bytes, dfixul.o(.text), UNUSED)
<BR><BR>[Calls]<UL><LI><a href="#[ec]">&gt;&gt;</a>&nbsp;&nbsp;&nbsp;__aeabi_llsr
<LI><a href="#[ed]">&gt;&gt;</a>&nbsp;&nbsp;&nbsp;__aeabi_llsl
</UL>
<BR>[Called By]<UL><LI><a href="#[246]">&gt;&gt;</a>&nbsp;&nbsp;&nbsp;_fp_digits
</UL>

<P><STRONG><a name="[247]"></a>__aeabi_cdrcmple</STRONG> (Thumb, 48 bytes, Stack size 0 bytes, cdrcmple.o(.text), UNUSED)
<BR><BR>[Called By]<UL><LI><a href="#[246]">&gt;&gt;</a>&nbsp;&nbsp;&nbsp;_fp_digits
</UL>

<P><STRONG><a name="[e9]"></a>__scatterload</STRONG> (Thumb, 28 bytes, Stack size 0 bytes, init.o(.text))
<BR><BR>[Calls]<UL><LI><a href="#[fb]">&gt;&gt;</a>&nbsp;&nbsp;&nbsp;__main_after_scatterload
</UL>
<BR>[Called By]<UL><LI><a href="#[e8]">&gt;&gt;</a>&nbsp;&nbsp;&nbsp;_main_scatterload
</UL>

<P><STRONG><a name="[2b6]"></a>__scatterload_rt2</STRONG> (Thumb, 0 bytes, Stack size 0 bytes, init.o(.text), UNUSED)

<P><STRONG><a name="[f6]"></a>__aeabi_lasr</STRONG> (Thumb, 36 bytes, Stack size 0 bytes, llsshr.o(.text), UNUSED)
<BR><BR>[Called By]<UL><LI><a href="#[f5]">&gt;&gt;</a>&nbsp;&nbsp;&nbsp;__aeabi_dadd
</UL>

<P><STRONG><a name="[2b7]"></a>_ll_sshift_r</STRONG> (Thumb, 0 bytes, Stack size 0 bytes, llsshr.o(.text), UNUSED)

<P><STRONG><a name="[2b8]"></a>__decompress</STRONG> (Thumb, 0 bytes, Stack size unknown bytes, __dczerorl2.o(.text), UNUSED)

<P><STRONG><a name="[2b9]"></a>__decompress1</STRONG> (Thumb, 86 bytes, Stack size unknown bytes, __dczerorl2.o(.text), UNUSED)

<P><STRONG><a name="[fc]"></a>GL_DrawCircle</STRONG> (Thumb, 94 bytes, Stack size unknown bytes, GUI_Circ.o(.text.GL_DrawCircle))
<BR><BR>[Calls]<UL><LI><a href="#[fd]">&gt;&gt;</a>&nbsp;&nbsp;&nbsp;Draw8Point
</UL>
<BR>[Called By]<UL><LI><a href="#[127]">&gt;&gt;</a>&nbsp;&nbsp;&nbsp;GUI_DrawCircle
</UL>

<P><STRONG><a name="[fe]"></a>GUIDRV_FlexColor_Config</STRONG> (Thumb, 60 bytes, Stack size unknown bytes, GUIDRV_FlexColor.o(.text.GUIDRV_FlexColor_Config))
<BR><BR>[Stack]<UL><LI>Max Depth = 8 + Unknown Stack Size
<LI>Call Chain = GUIDRV_FlexColor_Config &rArr; GUIDRV_FlexColor__InitOnce &rArr; GUI_ALLOC_GetFixedBlock &rArr; _InitOnce &rArr; _EnlargeBlocks &rArr; _Alloc &rArr;  _InitOnce (Cycle)
</UL>
<BR>[Calls]<UL><LI><a href="#[ff]">&gt;&gt;</a>&nbsp;&nbsp;&nbsp;GUIDRV_FlexColor__InitOnce
</UL>
<BR>[Called By]<UL><LI><a href="#[14f]">&gt;&gt;</a>&nbsp;&nbsp;&nbsp;LCD_X_Config
</UL>

<P><STRONG><a name="[100]"></a>GUIDRV_FlexColor_SetFunc</STRONG> (Thumb, 50 bytes, Stack size unknown bytes, GUIDRV_FlexColor.o(.text.GUIDRV_FlexColor_SetFunc))
<BR><BR>[Stack]<UL><LI>Max Depth = 8 + Unknown Stack Size
<LI>Call Chain = GUIDRV_FlexColor_SetFunc &rArr; GUIDRV_FlexColor__InitOnce &rArr; GUI_ALLOC_GetFixedBlock &rArr; _InitOnce &rArr; _EnlargeBlocks &rArr; _Alloc &rArr;  _InitOnce (Cycle)
</UL>
<BR>[Calls]<UL><LI><a href="#[ff]">&gt;&gt;</a>&nbsp;&nbsp;&nbsp;GUIDRV_FlexColor__InitOnce
<LI><a href="#[a]">&gt;&gt;</a>&nbsp;&nbsp;&nbsp;memcpy
</UL>
<BR>[Called By]<UL><LI><a href="#[14f]">&gt;&gt;</a>&nbsp;&nbsp;&nbsp;LCD_X_Config
</UL>

<P><STRONG><a name="[95]"></a>GUIDRV_FlexColor_SetFunc66720</STRONG> (Thumb, 128 bytes, Stack size unknown bytes, GUIDRV_FlexColor_Func66720.o(.text.GUIDRV_FlexColor_SetFunc66720))
<BR><BR>[Stack]<UL><LI>Max Depth = 8 + Unknown Stack Size
<LI>Call Chain = GUIDRV_FlexColor_SetFunc66720 &rArr; GUIDRV_FlexColor__InitOnce &rArr; GUI_ALLOC_GetFixedBlock &rArr; _InitOnce &rArr; _EnlargeBlocks &rArr; _Alloc &rArr;  _InitOnce (Cycle)
</UL>
<BR>[Calls]<UL><LI><a href="#[ff]">&gt;&gt;</a>&nbsp;&nbsp;&nbsp;GUIDRV_FlexColor__InitOnce
</UL>
<BR>[Address Reference Count : 1]<UL><LI> lcdconf_flexcolor_template.o(i.LCD_X_Config)
</UL>
<P><STRONG><a name="[94]"></a>GUIDRV_FlexColor_SetMode16bppC0B16</STRONG> (Thumb, 104 bytes, Stack size unknown bytes, GUIDRV_FlexColor_16bpp_C0B16.o(.text.GUIDRV_FlexColor_SetMode16bppC0B16))
<BR><BR>[Stack]<UL><LI>Max Depth = 8 + Unknown Stack Size
<LI>Call Chain = GUIDRV_FlexColor_SetMode16bppC0B16 &rArr; GUIDRV_FlexColor__InitOnce &rArr; GUI_ALLOC_GetFixedBlock &rArr; _InitOnce &rArr; _EnlargeBlocks &rArr; _Alloc &rArr;  _InitOnce (Cycle)
</UL>
<BR>[Calls]<UL><LI><a href="#[ff]">&gt;&gt;</a>&nbsp;&nbsp;&nbsp;GUIDRV_FlexColor__InitOnce
</UL>
<BR>[Address Reference Count : 1]<UL><LI> lcdconf_flexcolor_template.o(i.LCD_X_Config)
</UL>
[...]
<BR>[Address Reference Count : 1]<UL><LI> GUIDRV_FlexColor_16bpp_C0B16.o(.text.GUIDRV_FlexColor_SetMode16bppC0B16)
</UL>
<P><STRONG><a name="[73]"></a>_FillRect</STRONG> (Thumb, 240 bytes, Stack size unknown bytes, GUIDRV_FlexColor_16bpp_C0B16.o(.text._FillRect))
<BR><BR>[Calls]<UL><LI><a href="#[196]">&gt;&gt;</a>&nbsp;&nbsp;&nbsp;GUI__memset16
</UL>
<BR>[Address Reference Count : 1]<UL><LI> GUIDRV_FlexColor_16bpp_C0B16.o(.text.GUIDRV_FlexColor_SetMode16bppC0B16)
</UL>
<P><STRONG><a name="[72]"></a>_DrawBitmap</STRONG> (Thumb, 1332 bytes, Stack size unknown bytes, GUIDRV_FlexColor_16bpp_C0B16.o(.text._DrawBitmap))
<BR>[Address Reference Count : 1]<UL><LI> GUIDRV_FlexColor_16bpp_C0B16.o(.text.GUIDRV_FlexColor_SetMode16bppC0B16)
</UL>
<P><STRONG><a name="[6a]"></a>_SetPhysRAMAddr</STRONG> (Thumb, 196 bytes, Stack size unknown bytes, GUIDRV_FlexColor_Func66720.o(.text._SetPhysRAMAddr))
<BR>[Address Reference Count : 1]<UL><LI> GUIDRV_FlexColor_Func66720.o(.text.GUIDRV_FlexColor_SetFunc66720)
</UL>
<P><STRONG><a name="[6b]"></a>_SetRect</STRONG> (Thumb, 306 bytes, Stack size unknown bytes, GUIDRV_FlexColor_Func66720.o(.text._SetRect))
<BR>[Address Reference Count : 1]<UL><LI> GUIDRV_FlexColor_Func66720.o(.text.GUIDRV_FlexColor_SetFunc66720)
</UL>
<P><STRONG><a name="[6c]"></a>_SetOrientation</STRONG> (Thumb, 64 bytes, Stack size unknown bytes, GUIDRV_FlexColor_Func66720.o(.text._SetOrientation))
<BR>[Address Reference Count : 1]<UL><LI> GUIDRV_FlexColor_Func66720.o(.text.GUIDRV_FlexColor_SetFunc66720)
</UL>
<P><STRONG><a name="[6d]"></a>_ReadPixel_16bpp_B8</STRONG> (Thumb, 56 bytes, Stack size unknown bytes, GUIDRV_FlexColor_Func66720.o(.text._ReadPixel_16bpp_B8))
<BR>[Address Reference Count : 1]<UL><LI> GUIDRV_FlexColor_Func66720.o(.text.GUIDRV_FlexColor_SetFunc66720)
</UL>
<P><STRONG><a name="[6f]"></a>_ReadPixel_32bpp_B8</STRONG> (Thumb, 50 bytes, Stack size unknown bytes, GUIDRV_FlexColor_Func66720.o(.text._ReadPixel_32bpp_B8))
<BR>[Address Reference Count : 1]<UL><LI> GUIDRV_FlexColor_Func66720.o(.text.GUIDRV_FlexColor_SetFunc66720)
</UL>
<P><STRONG><a name="[7]"></a>_ReadPixel_16bpp_B16_I</STRONG> (Thumb, 60 bytes, Stack size unknown bytes, GUIDRV_FlexColor_Func66720.o(.text._ReadPixel_16bpp_B16_I))
<BR>[Address Reference Count : 1]<UL><LI> GUIDRV_FlexColor_Func66720.o(.data)
</UL>
<P><STRONG><a name="[8a]"></a>_SetReg_B8</STRONG> (Thumb, 26 bytes, Stack size unknown bytes, GUIDRV_FlexColor_Func66720.o(.text._SetReg_B8))
<BR>[Address Reference Count : 1]<UL><LI> GUIDRV_FlexColor_Func66720.o(.text._SetInterface)
</UL>
<P><STRONG><a name="[8c]"></a>_SetReg_B16</STRONG> (Thumb, 8 bytes, Stack size unknown bytes, GUIDRV_FlexColor_Func66720.o(.text._SetReg_B16))
<BR>[Address Reference Count : 1]<UL><LI> GUIDRV_FlexColor_Func66720.o(.text._SetInterface)
</UL>
<P><STRONG><a name="[8b]"></a>_WritePara_B8</STRONG> (Thumb, 8 bytes, Stack size unknown bytes, GUIDRV_FlexColor_Func66720.o(.text._WritePara_B8))
<BR>[Address Reference Count : 1]<UL><LI> GUIDRV_FlexColor_Func66720.o(.text._SetInterface)
</UL>
<P><STRONG><a name="[8d]"></a>_WritePara_B16</STRONG> (Thumb, 8 bytes, Stack size unknown bytes, GUIDRV_FlexColor_Func66720.o(.text._WritePara_B16))
<BR>[Address Reference Count : 1]<UL><LI> GUIDRV_FlexColor_Func66720.o(.text._SetInterface)
</UL>
<P><STRONG><a name="[71]"></a>_SetInterface</STRONG> (Thumb, 52 bytes, Stack size unknown bytes, GUIDRV_FlexColor_Func66720.o(.text._SetInterface))
<BR>[Address Reference Count : 1]<UL><LI> GUIDRV_FlexColor_Func66720.o(.text.GUIDRV_FlexColor_SetFunc66720)
</UL>
<P><STRONG><a name="[6e]"></a>_ReadRect_32bpp_B8</STRONG> (Thumb, 92 bytes, Stack size unknown bytes, GUIDRV_FlexColor_Func66720.o(.text._ReadRect_32bpp_B8))
<BR>[Address Reference Count : 1]<UL><LI> GUIDRV_FlexColor_Func66720.o(.text.GUIDRV_FlexColor_SetFunc66720)
</UL>
<P><STRONG><a name="[70]"></a>_ReadRect_16bpp_B8</STRONG> (Thumb, 96 bytes, Stack size unknown bytes, GUIDRV_FlexColor_Func66720.o(.text._ReadRect_16bpp_B8))
<BR>[Address Reference Count : 1]<UL><LI> GUIDRV_FlexColor_Func66720.o(.text.GUIDRV_FlexColor_SetFunc66720)
</UL>
<P><STRONG><a name="[8]"></a>_ReadRect_16bpp_B16_I</STRONG> (Thumb, 98 bytes, Stack size unknown bytes, GUIDRV_FlexColor_Func66720.o(.text._ReadRect_16bpp_B16_I))
<BR>[Address Reference Count : 1]<UL><LI> GUIDRV_FlexColor_Func66720.o(.data)
</UL>
<P><STRONG><a name="[d8]"></a>_GetDevData</STRONG> (Thumb, 16 bytes, Stack size unknown bytes, GUIDEV_16.o(.text._GetDevData))
<BR>[Address Reference Count : 1]<UL><LI> GUIDEV_16.o(.rodata)
</UL>
<P><STRONG><a name="[d6]"></a>_GetDevFunc</STRONG> (Thumb, 16 bytes, Stack size unknown bytes, GUIDEV_16.o(.text._GetDevFunc))
<BR>[Address Reference Count : 1]<UL><LI> GUIDEV_16.o(.rodata)
</UL>
<P><STRONG><a name="[d5]"></a>_SetOrg</STRONG> (Thumb, 12 bytes, Stack size unknown bytes, GUIDEV_16.o(.text._SetOrg))
<BR>[Address Reference Count : 1]<UL><LI> GUIDEV_16.o(.rodata)
</UL>
<P><STRONG><a name="[d9]"></a>_GetRect</STRONG> (Thumb, 54 bytes, Stack size unknown bytes, GUIDEV_16.o(.text._GetRect))
<BR><BR>[Calls]<UL><LI><a href="#[10d]">&gt;&gt;</a>&nbsp;&nbsp;&nbsp;GUI_ALLOC_UnlockH
<LI><a href="#[10c]">&gt;&gt;</a>&nbsp;&nbsp;&nbsp;GUI_ALLOC_LockH
</UL>
<BR>[Address Reference Count : 1]<UL><LI> GUIDEV_16.o(.rodata)
</UL>
<P><STRONG><a name="[195]"></a>_XY2PTR</STRONG> (Thumb, 64 bytes, Stack size unknown bytes, GUIDEV_16.o(.text._XY2PTR))
<BR><BR>[Calls]<UL><LI><a href="#[10d]">&gt;&gt;</a>&nbsp;&nbsp;&nbsp;GUI_ALLOC_UnlockH
<LI><a href="#[10c]">&gt;&gt;</a>&nbsp;&nbsp;&nbsp;GUI_ALLOC_LockH
</UL>
<BR>[Called By]<UL><LI><a href="#[ce]">&gt;&gt;</a>&nbsp;&nbsp;&nbsp;_DrawBitmap
<LI><a href="#[d1]">&gt;&gt;</a>&nbsp;&nbsp;&nbsp;_FillRect
<LI><a href="#[d0]">&gt;&gt;</a>&nbsp;&nbsp;&nbsp;_DrawVLine
<LI><a href="#[d3]">&gt;&gt;</a>&nbsp;&nbsp;&nbsp;_SetPixelIndex
<LI><a href="#[d4]">&gt;&gt;</a>&nbsp;&nbsp;&nbsp;_XorPixel
<LI><a href="#[d2]">&gt;&gt;</a>&nbsp;&nbsp;&nbsp;_GetPixelIndex
</UL>

<P><STRONG><a name="[d2]"></a>_GetPixelIndex</STRONG> (Thumb, 14 bytes, Stack size unknown bytes, GUIDEV_16.o(.text._GetPixelIndex))
<BR><BR>[Calls]<UL><LI><a href="#[195]">&gt;&gt;</a>&nbsp;&nbsp;&nbsp;_XY2PTR
</UL>
<BR>[Address Reference Count : 1]<UL><LI> GUIDEV_16.o(.rodata)
</UL>
<P><STRONG><a name="[d4]"></a>_XorPixel</STRONG> (Thumb, 88 bytes, Stack size unknown bytes, GUIDEV_16.o(.text._XorPixel))
<BR><BR>[Calls]<UL><LI><a href="#[10d]">&gt;&gt;</a>&nbsp;&nbsp;&nbsp;GUI_ALLOC_UnlockH
<LI><a href="#[10c]">&gt;&gt;</a>&nbsp;&nbsp;&nbsp;GUI_ALLOC_LockH
<LI><a href="#[195]">&gt;&gt;</a>&nbsp;&nbsp;&nbsp;_XY2PTR
</UL>
<BR>[Address Reference Count : 1]<UL><LI> GUIDEV_16.o(.rodata)
</UL>
<P><STRONG><a name="[d3]"></a>_SetPixelIndex</STRONG> (Thumb, 76 bytes, Stack size unknown bytes, GUIDEV_16.o(.text._SetPixelIndex))
<BR><BR>[Calls]<UL><LI><a href="#[10d]">&gt;&gt;</a>&nbsp;&nbsp;&nbsp;GUI_ALLOC_UnlockH
<LI><a href="#[10c]">&gt;&gt;</a>&nbsp;&nbsp;&nbsp;GUI_ALLOC_LockH
<LI><a href="#[195]">&gt;&gt;</a>&nbsp;&nbsp;&nbsp;_XY2PTR
</UL>
<BR>[Address Reference Count : 1]<UL><LI> GUIDEV_16.o(.rodata)
</UL>
<P><STRONG><a name="[d0]"></a>_DrawVLine</STRONG> (Thumb, 188 bytes, Stack size unknown bytes, GUIDEV_16.o(.text._DrawVLine))
<BR><BR>[Calls]<UL><LI><a href="#[10d]">&gt;&gt;</a>&nbsp;&nbsp;&nbsp;GUI_ALLOC_UnlockH
<LI><a href="#[10c]">&gt;&gt;</a>&nbsp;&nbsp;&nbsp;GUI_ALLOC_LockH
<LI><a href="#[195]">&gt;&gt;</a>&nbsp;&nbsp;&nbsp;_XY2PTR
</UL>
<BR>[Address Reference Count : 1]<UL><LI> GUIDEV_16.o(.rodata)
</UL>
<P><STRONG><a name="[d1]"></a>_FillRect</STRONG> (Thumb, 180 bytes, Stack size unknown bytes, GUIDEV_16.o(.text._FillRect))
<BR><BR>[Calls]<UL><LI><a href="#[10d]">&gt;&gt;</a>&nbsp;&nbsp;&nbsp;GUI_ALLOC_UnlockH
<LI><a href="#[10c]">&gt;&gt;</a>&nbsp;&nbsp;&nbsp;GUI_ALLOC_LockH
<LI><a href="#[194]">&gt;&gt;</a>&nbsp;&nbsp;&nbsp;GUI_USAGE_AddRect
<LI><a href="#[195]">&gt;&gt;</a>&nbsp;&nbsp;&nbsp;_XY2PTR
<LI><a href="#[196]">&gt;&gt;</a>&nbsp;&nbsp;&nbsp;GUI__memset16
</UL>
<BR>[Called By]<UL><LI><a href="#[cf]">&gt;&gt;</a>&nbsp;&nbsp;&nbsp;_DrawHLine
</UL>
<BR>[Address Reference Count : 1]<UL><LI> GUIDEV_16.o(.rodata)
</UL>
<P><STRONG><a name="[cf]"></a>_DrawHLine</STRONG> (Thumb, 14 bytes, Stack size unknown bytes, GUIDEV_16.o(.text._DrawHLine))
<BR><BR>[Calls]<UL><LI><a href="#[d1]">&gt;&gt;</a>&nbsp;&nbsp;&nbsp;_FillRect
</UL>
<BR>[Address Reference Count : 1]<UL><LI> GUIDEV_16.o(.rodata)
</UL>
<P><STRONG><a name="[ce]"></a>_DrawBitmap</STRONG> (Thumb, 1856 bytes, Stack size unknown bytes, GUIDEV_16.o(.text._DrawBitmap))
<BR><BR>[Calls]<UL><LI><a href="#[10d]">&gt;&gt;</a>&nbsp;&nbsp;&nbsp;GUI_ALLOC_UnlockH
<LI><a href="#[10c]">&gt;&gt;</a>&nbsp;&nbsp;&nbsp;GUI_ALLOC_LockH
<LI><a href="#[194]">&gt;&gt;</a>&nbsp;&nbsp;&nbsp;GUI_USAGE_AddRect
<LI><a href="#[195]">&gt;&gt;</a>&nbsp;&nbsp;&nbsp;_XY2PTR
</UL>
<BR>[Address Reference Count : 1]<UL><LI> GUIDEV_16.o(.rodata)
</UL>
<P><STRONG><a name="[d7]"></a>_GetDevProp</STRONG> (Thumb, 24 bytes, Stack size unknown bytes, GUIDEV_16.o(.text._GetDevProp))
<BR>[Address Reference Count : 1]<UL><LI> GUIDEV_16.o(.rodata)
</UL>
<P><STRONG><a name="[9]"></a>_Log2VisBuffered</STRONG> (Thumb, 2 bytes, Stack size unknown bytes, GUI_CharLine.o(.text._Log2VisBuffered))
<BR>[Address Reference Count : 1]<UL><LI> GUI_CharLine.o(.data)
</UL>
<P><STRONG><a name="[151]"></a>_DispLine</STRONG> (Thumb, 156 bytes, Stack size unknown bytes, GUI_CharLine.o(.text._DispLine))
<BR><BR>[Calls]<UL><LI><a href="#[193]">&gt;&gt;</a>&nbsp;&nbsp;&nbsp;GUI_RectsIntersect
<LI><a href="#[156]">&gt;&gt;</a>&nbsp;&nbsp;&nbsp;GUI__ManageCache
<LI><a href="#[152]">&gt;&gt;</a>&nbsp;&nbsp;&nbsp;GUI_UC__GetCharCodeInc
</UL>
<BR>[Called By]<UL><LI><a href="#[124]">&gt;&gt;</a>&nbsp;&nbsp;&nbsp;GUI__DispLine
</UL>

<P><STRONG><a name="[da]"></a>_GetCharCode</STRONG> (Thumb, 4 bytes, Stack size unknown bytes, GUI_UC_EncodeNone.o(.text._GetCharCode))
<BR>[Address Reference Count : 1]<UL><LI> GUI_UC_EncodeNone.o(.rodata)
</UL>
<P><STRONG><a name="[db]"></a>_GetCharSize</STRONG> (Thumb, 4 bytes, Stack size unknown bytes, GUI_UC_EncodeNone.o(.text._GetCharSize))
<BR>[Address Reference Count : 1]<UL><LI> GUI_UC_EncodeNone.o(.rodata)
</UL>
<P><STRONG><a name="[dc]"></a>_CalcSizeOfChar</STRONG> (Thumb, 4 bytes, Stack size unknown bytes, GUI_UC_EncodeNone.o(.text._CalcSizeOfChar))
<BR>[Address Reference Count : 1]<UL><LI> GUI_UC_EncodeNone.o(.rodata)
</UL>
<P><STRONG><a name="[dd]"></a>_Encode</STRONG> (Thumb, 6 bytes, Stack size unknown bytes, GUI_UC_EncodeNone.o(.text._Encode))
<BR>[Address Reference Count : 1]<UL><LI> GUI_UC_EncodeNone.o(.rodata)
</UL>
<P><STRONG><a name="[e0]"></a>_SetDrawMode</STRONG> (Thumb, 40 bytes, Stack size unknown bytes, LCD.o(.text._SetDrawMode))
<BR>[Address Reference Count : 1]<UL><LI> LCD.o(.rodata)
</UL>
<P><STRONG><a name="[de]"></a>_SetColor</STRONG> (Thumb, 32 bytes, Stack size unknown bytes, LCD.o(.text._SetColor))
<BR><BR>[Calls]<UL><LI><a href="#[16b]">&gt;&gt;</a>&nbsp;&nbsp;&nbsp;LCD_SetColorIndex
<LI><a href="#[161]">&gt;&gt;</a>&nbsp;&nbsp;&nbsp;LCD_Color2Index
</UL>
<BR>[Address Reference Count : 1]<UL><LI> LCD.o(.rodata)
</UL>
<P><STRONG><a name="[df]"></a>_SetBkColor</STRONG> (Thumb, 32 bytes, Stack size unknown bytes, LCD.o(.text._SetBkColor))
<BR><BR>[Calls]<UL><LI><a href="#[16c]">&gt;&gt;</a>&nbsp;&nbsp;&nbsp;LCD_SetBkColorIndex
<LI><a href="#[161]">&gt;&gt;</a>&nbsp;&nbsp;&nbsp;LCD_Color2Index
</UL>
<BR>[Address Reference Count : 1]<UL><LI> LCD.o(.rodata)
</UL>
<P><STRONG><a name="[7a]"></a>_OnExit</STRONG> (Thumb, 28 bytes, Stack size unknown bytes, LCD_Color.o(.text._OnExit))
<BR><BR>[Calls]<UL><LI><a href="#[11e]">&gt;&gt;</a>&nbsp;&nbsp;&nbsp;GUI_ALLOC_FreeFixedBlock
</UL>
<BR>[Address Reference Count : 1]<UL><LI> LCD_Color.o(.text.LCD_InitColors)
</UL>
<P><STRONG><a name="[140]"></a>_Convert16</STRONG> (Thumb, 62 bytes, Stack size unknown bytes, GUIDEV_WriteToActiveOpaque.o(.text._Convert16))
<BR><BR>[Calls]<UL><LI><a href="#[192]">&gt;&gt;</a>&nbsp;&nbsp;&nbsp;GUI__CompactPixelIndices
</UL>
<BR>[Called By]<UL><LI><a href="#[84]">&gt;&gt;</a>&nbsp;&nbsp;&nbsp;GUI_MEMDEV__WriteToActiveOpaque
</UL>

<P><STRONG><a name="[141]"></a>_Convert8</STRONG> (Thumb, 66 bytes, Stack size unknown bytes, GUIDEV_WriteToActiveOpaque.o(.text._Convert8))
<BR><BR>[Calls]<UL><LI><a href="#[192]">&gt;&gt;</a>&nbsp;&nbsp;&nbsp;GUI__CompactPixelIndices
</UL>
<BR>[Called By]<UL><LI><a href="#[84]">&gt;&gt;</a>&nbsp;&nbsp;&nbsp;GUI_MEMDEV__WriteToActiveOpaque
</UL>

<P><STRONG><a name="[7c]"></a>_OnExit</STRONG> (Thumb, 156 bytes, Stack size unknown bytes, WM.o(.text._OnExit))
<BR>[Address Reference Count : 1]<UL><LI> WM.o(.text.WM_Init)
</UL>
<P><STRONG><a name="[18b]"></a>_Findy1</STRONG> (Thumb, 166 bytes, Stack size unknown bytes, WM.o(.text._Findy1))
<BR><BR>[Calls]<UL><LI><a href="#[193]">&gt;&gt;</a>&nbsp;&nbsp;&nbsp;GUI_RectsIntersect
<LI><a href="#[10d]">&gt;&gt;</a>&nbsp;&nbsp;&nbsp;GUI_ALLOC_UnlockH
<LI><a href="#[10c]">&gt;&gt;</a>&nbsp;&nbsp;&nbsp;GUI_ALLOC_LockH
<LI><a href="#[114]">&gt;&gt;</a>&nbsp;&nbsp;&nbsp;GUI_ALLOC_h2p
<LI><a href="#[168]">&gt;&gt;</a>&nbsp;&nbsp;&nbsp;GUI__IntersectRects
<LI><a href="#[18b]">&gt;&gt;</a>&nbsp;&nbsp;&nbsp;_Findy1
</UL>
<BR>[Called By]<UL><LI><a href="#[119]">&gt;&gt;</a>&nbsp;&nbsp;&nbsp;WM__GetNextIVR
<LI><a href="#[18b]">&gt;&gt;</a>&nbsp;&nbsp;&nbsp;_Findy1
</UL>

<P><STRONG><a name="[18c]"></a>_Findx0</STRONG> (Thumb, 134 bytes, Stack size unknown bytes, WM.o(.text._Findx0))
<BR><BR>[Calls]<UL><LI><a href="#[193]">&gt;&gt;</a>&nbsp;&nbsp;&nbsp;GUI_RectsIntersect
<LI><a href="#[10d]">&gt;&gt;</a>&nbsp;&nbsp;&nbsp;GUI_ALLOC_UnlockH
<LI><a href="#[10c]">&gt;&gt;</a>&nbsp;&nbsp;&nbsp;GUI_ALLOC_LockH
<LI><a href="#[114]">&gt;&gt;</a>&nbsp;&nbsp;&nbsp;GUI_ALLOC_h2p
<LI><a href="#[168]">&gt;&gt;</a>&nbsp;&nbsp;&nbsp;GUI__IntersectRects
<LI><a href="#[18c]">&gt;&gt;</a>&nbsp;&nbsp;&nbsp;_Findx0
</UL>
<BR>[Called By]<UL><LI><a href="#[119]">&gt;&gt;</a>&nbsp;&nbsp;&nbsp;WM__GetNextIVR
<LI><a href="#[18c]">&gt;&gt;</a>&nbsp;&nbsp;&nbsp;_Findx0
</UL>

<P><STRONG><a name="[18d]"></a>_Findx1</STRONG> (Thumb, 114 bytes, Stack size unknown bytes, WM.o(.text._Findx1))
<BR><BR>[Calls]<UL><LI><a href="#[193]">&gt;&gt;</a>&nbsp;&nbsp;&nbsp;GUI_RectsIntersect
<LI><a href="#[10d]">&gt;&gt;</a>&nbsp;&nbsp;&nbsp;GUI_ALLOC_UnlockH
<LI><a href="#[10c]">&gt;&gt;</a>&nbsp;&nbsp;&nbsp;GUI_ALLOC_LockH
<LI><a href="#[114]">&gt;&gt;</a>&nbsp;&nbsp;&nbsp;GUI_ALLOC_h2p
<LI><a href="#[168]">&gt;&gt;</a>&nbsp;&nbsp;&nbsp;GUI__IntersectRects
<LI><a href="#[18d]">&gt;&gt;</a>&nbsp;&nbsp;&nbsp;_Findx1
</UL>
<BR>[Called By]<UL><LI><a href="#[119]">&gt;&gt;</a>&nbsp;&nbsp;&nbsp;WM__GetNextIVR
<LI><a href="#[18d]">&gt;&gt;</a>&nbsp;&nbsp;&nbsp;_Findx1
</UL>

<P><STRONG><a name="[187]"></a>_SetClipRectUserIntersect</STRONG> (Thumb, 80 bytes, Stack size unknown bytes, WM.o(.text._SetClipRectUserIntersect))
<BR><BR>[Calls]<UL><LI><a href="#[10d]">&gt;&gt;</a>&nbsp;&nbsp;&nbsp;GUI_ALLOC_UnlockH
<LI><a href="#[10c]">&gt;&gt;</a>&nbsp;&nbsp;&nbsp;GUI_ALLOC_LockH
<LI><a href="#[17f]">&gt;&gt;</a>&nbsp;&nbsp;&nbsp;GUI__IntersectRect
<LI><a href="#[167]">&gt;&gt;</a>&nbsp;&nbsp;&nbsp;LCD_SetClipRectEx
<LI><a href="#[17e]">&gt;&gt;</a>&nbsp;&nbsp;&nbsp;WM__Client2Screen
</UL>
<BR>[Called By]<UL><LI><a href="#[186]">&gt;&gt;</a>&nbsp;&nbsp;&nbsp;WM__ActivateClipRect
</UL>

<P><STRONG><a name="[183]"></a>_Invalidate1Abs</STRONG> (Thumb, 160 bytes, Stack size unknown bytes, WM.o(.text._Invalidate1Abs))
<BR><BR>[Calls]<UL><LI><a href="#[19a]">&gt;&gt;</a>&nbsp;&nbsp;&nbsp;GUI_MergeRect
<LI><a href="#[10d]">&gt;&gt;</a>&nbsp;&nbsp;&nbsp;GUI_ALLOC_UnlockH
<LI><a href="#[10c]">&gt;&gt;</a>&nbsp;&nbsp;&nbsp;GUI_ALLOC_LockH
<LI><a href="#[114]">&gt;&gt;</a>&nbsp;&nbsp;&nbsp;GUI_ALLOC_h2p
<LI><a href="#[14c]">&gt;&gt;</a>&nbsp;&nbsp;&nbsp;GUI_SignalEvent
<LI><a href="#[168]">&gt;&gt;</a>&nbsp;&nbsp;&nbsp;GUI__IntersectRects
<LI><a href="#[18e]">&gt;&gt;</a>&nbsp;&nbsp;&nbsp;WM__GetTopLevelLayer
<LI><a href="#[199]">&gt;&gt;</a>&nbsp;&nbsp;&nbsp;WM__RectIsNZ
</UL>
<BR>[Called By]<UL><LI><a href="#[18f]">&gt;&gt;</a>&nbsp;&nbsp;&nbsp;WM__InvalidateRect
<LI><a href="#[182]">&gt;&gt;</a>&nbsp;&nbsp;&nbsp;WM_InvalidateWindowAndDescsEx
<LI><a href="#[181]">&gt;&gt;</a>&nbsp;&nbsp;&nbsp;WM__Invalidate1Abs
</UL>

<P><STRONG><a name="[7b]"></a>_cbBackWin</STRONG> (Thumb, 104 bytes, Stack size unknown bytes, WM.o(.text._cbBackWin))
<BR><BR>[Calls]<UL><LI><a href="#[148]">&gt;&gt;</a>&nbsp;&nbsp;&nbsp;GUI_SetBkColor
<LI><a href="#[115]">&gt;&gt;</a>&nbsp;&nbsp;&nbsp;GUI_Clear
<LI><a href="#[14b]">&gt;&gt;</a>&nbsp;&nbsp;&nbsp;GUI_StoreKey
<LI><a href="#[177]">&gt;&gt;</a>&nbsp;&nbsp;&nbsp;WM_DefaultProc
</UL>
<BR>[Address Reference Count : 1]<UL><LI> WM.o(.text.WM_Init)
</UL>
<P><STRONG><a name="[e3]"></a>_GetIndexMask_0</STRONG> (Thumb, 82 bytes, Stack size unknown bytes, GUICC_0.o(.text._GetIndexMask_0))
<BR><BR>[Calls]<UL><LI><a href="#[15a]">&gt;&gt;</a>&nbsp;&nbsp;&nbsp;LCD_GetNumColors
</UL>
<BR>[Address Reference Count : 1]<UL><LI> GUICC_0.o(.rodata)
</UL>
<P><STRONG><a name="[e2]"></a>_Index2Color_0</STRONG> (Thumb, 30 bytes, Stack size unknown bytes, GUICC_0.o(.text._Index2Color_0))
<BR><BR>[Calls]<UL><LI><a href="#[15d]">&gt;&gt;</a>&nbsp;&nbsp;&nbsp;LCD_GetPalette
<LI><a href="#[15a]">&gt;&gt;</a>&nbsp;&nbsp;&nbsp;LCD_GetNumColors
</UL>
<BR>[Address Reference Count : 1]<UL><LI> GUICC_0.o(.rodata)
</UL>
<P><STRONG><a name="[e1]"></a>_Color2Index_0</STRONG> (Thumb, 82 bytes, Stack size unknown bytes, GUICC_0.o(.text._Color2Index_0))
<BR><BR>[Calls]<UL><LI><a href="#[191]">&gt;&gt;</a>&nbsp;&nbsp;&nbsp;GUI_CalcColorDist
<LI><a href="#[15d]">&gt;&gt;</a>&nbsp;&nbsp;&nbsp;LCD_GetPalette
<LI><a href="#[15a]">&gt;&gt;</a>&nbsp;&nbsp;&nbsp;LCD_GetNumColors
</UL>
<BR>[Address Reference Count : 1]<UL><LI> GUICC_0.o(.rodata)
</UL>
<P><STRONG><a name="[246]"></a>_fp_digits</STRONG> (Thumb, 366 bytes, Stack size 64 bytes, printfa.o(i._fp_digits), UNUSED)
<BR><BR>[Calls]<UL><LI><a href="#[f0]">&gt;&gt;</a>&nbsp;&nbsp;&nbsp;__aeabi_dmul
<LI><a href="#[f9]">&gt;&gt;</a>&nbsp;&nbsp;&nbsp;__aeabi_ddiv
<LI><a href="#[f5]">&gt;&gt;</a>&nbsp;&nbsp;&nbsp;__aeabi_dadd
<LI><a href="#[fa]">&gt;&gt;</a>&nbsp;&nbsp;&nbsp;__aeabi_d2ulz
<LI><a href="#[247]">&gt;&gt;</a>&nbsp;&nbsp;&nbsp;__aeabi_cdrcmple
<LI><a href="#[eb]">&gt;&gt;</a>&nbsp;&nbsp;&nbsp;__aeabi_uldivmod
</UL>
<BR>[Called By]<UL><LI><a href="#[244]">&gt;&gt;</a>&nbsp;&nbsp;&nbsp;_printf_core
</UL>

<P><STRONG><a name="[244]"></a>_printf_core</STRONG> (Thumb, 1704 bytes, Stack size 136 bytes, printfa.o(i._printf_core), UNUSED)
<BR><BR>[Calls]<UL><LI><a href="#[24c]">&gt;&gt;</a>&nbsp;&nbsp;&nbsp;__aeabi_uidivmod
<LI><a href="#[24a]">&gt;&gt;</a>&nbsp;&nbsp;&nbsp;_printf_pre_padding
<LI><a href="#[24b]">&gt;&gt;</a>&nbsp;&nbsp;&nbsp;_printf_post_padding
<LI><a href="#[246]">&gt;&gt;</a>&nbsp;&nbsp;&nbsp;_fp_digits
<LI><a href="#[eb]">&gt;&gt;</a>&nbsp;&nbsp;&nbsp;__aeabi_uldivmod
</UL>
<BR>[Called By]<UL><LI><a href="#[245]">&gt;&gt;</a>&nbsp;&nbsp;&nbsp;__0sprintf
<LI><a href="#[243]">&gt;&gt;</a>&nbsp;&nbsp;&nbsp;__0printf
</UL>

<P><STRONG><a name="[24b]"></a>_printf_post_padding</STRONG> (Thumb, 36 bytes, Stack size 24 bytes, printfa.o(i._printf_post_padding), UNUSED)
<BR><BR>[Called By]<UL><LI><a href="#[244]">&gt;&gt;</a>&nbsp;&nbsp;&nbsp;_printf_core
</UL>

<P><STRONG><a name="[24a]"></a>_printf_pre_padding</STRONG> (Thumb, 46 bytes, Stack size 24 bytes, printfa.o(i._printf_pre_padding), UNUSED)
<BR><BR>[Called By]<UL><LI><a href="#[244]">&gt;&gt;</a>&nbsp;&nbsp;&nbsp;_printf_core
</UL>

<P><STRONG><a name="[99]"></a>_sputc</STRONG> (Thumb, 10 bytes, Stack size 0 bytes, printfa.o(i._sputc))
<BR><BR>[Called By]<UL><LI><a href="#[245]">&gt;&gt;</a>&nbsp;&nbsp;&nbsp;__0sprintf
</UL>
<BR>[Address Reference Count : 1]<UL><LI> printfa.o(i.__0sprintf)
</UL><P>
<H3>
Undefined Global Symbols
</H3><HR></body></html>
